Release 14.7 - xst P.20131013 (nt64)
Copyright (c) 1995-2013 Xilinx, Inc.  All rights reserved.
--> Parameter TMPDIR set to xst/projnav.tmp


Total REAL time to Xst completion: 1.00 secs
Total CPU time to Xst completion: 0.22 secs
 
--> Parameter xsthdpdir set to xst


Total REAL time to Xst completion: 1.00 secs
Total CPU time to Xst completion: 0.22 secs
 
--> Reading design: PWM_config_duty.prj

TABLE OF CONTENTS
  1) Synthesis Options Summary
  2) HDL Parsing
  3) HDL Elaboration
  4) HDL Synthesis
       4.1) HDL Synthesis Report
  5) Advanced HDL Synthesis
       5.1) Advanced HDL Synthesis Report
  6) Low Level Synthesis
  7) Partition Report
  8) Design Summary
       8.1) Primitive and Black Box Usage
       8.2) Device utilization summary
       8.3) Partition Resource Summary
       8.4) Timing Report
            8.4.1) Clock Information
            8.4.2) Asynchronous Control Signals Information
            8.4.3) Timing Summary
            8.4.4) Timing Details
            8.4.5) Cross Clock Domains Report


=========================================================================
*                      Synthesis Options Summary                        *
=========================================================================
---- Source Parameters
Input File Name                    : "PWM_config_duty.prj"
Ignore Synthesis Constraint File   : NO

---- Target Parameters
Output File Name                   : "PWM_config_duty"
Output Format                      : NGC
Target Device                      : xc6slx9-2-ftg256

---- Source Options
Top Module Name                    : PWM_config_duty
Automatic FSM Extraction           : YES
FSM Encoding Algorithm             : Auto
Safe Implementation                : No
FSM Style                          : LUT
RAM Extraction                     : Yes
RAM Style                          : Auto
ROM Extraction                     : Yes
Shift Register Extraction          : YES
ROM Style                          : Auto
Resource Sharing                   : YES
Asynchronous To Synchronous        : NO
Shift Register Minimum Size        : 2
Use DSP Block                      : Auto
Automatic Register Balancing       : No

---- Target Options
LUT Combining                      : Auto
Reduce Control Sets                : Auto
Add IO Buffers                     : YES
Global Maximum Fanout              : 100000
Add Generic Clock Buffer(BUFG)     : 16
Register Duplication               : YES
Optimize Instantiated Primitives   : NO
Use Clock Enable                   : Auto
Use Synchronous Set                : Auto
Use Synchronous Reset              : Auto
Pack IO Registers into IOBs        : Auto
Equivalent register Removal        : YES

---- General Options
Optimization Goal                  : Speed
Optimization Effort                : 1
Power Reduction                    : NO
Keep Hierarchy                     : No
Netlist Hierarchy                  : As_Optimized
RTL Output                         : Yes
Global Optimization                : AllClockNets
Read Cores                         : YES
Write Timing Constraints           : NO
Cross Clock Analysis               : NO
Hierarchy Separator                : /
Bus Delimiter                      : <>
Case Specifier                     : Maintain
Slice Utilization Ratio            : 100
BRAM Utilization Ratio             : 100
DSP48 Utilization Ratio            : 100
Auto BRAM Packing                  : NO
Slice Utilization Ratio Delta      : 5

=========================================================================


=========================================================================
*                          HDL Parsing                                  *
=========================================================================
Parsing VHDL file "C:\Users\Maxime\Desktop\Projet_drone\FPGA\Motor_control_FPGA\PWM_config_duty.vhd" into library work
Parsing entity <PWM_config_duty>.
Parsing architecture <Behavioral> of entity <pwm_config_duty>.

=========================================================================
*                            HDL Elaboration                            *
=========================================================================

Elaborating entity <PWM_config_duty> (architecture <Behavioral>) from library <work>.

=========================================================================
*                           HDL Synthesis                               *
=========================================================================

Synthesizing Unit <PWM_config_duty>.
    Related source file is "C:\Users\Maxime\Desktop\Projet_drone\FPGA\Motor_control_FPGA\PWM_config_duty.vhd".
    Found 11-bit register for signal <duty_inter>.
    Found 16x11-bit Read Only RAM for signal <user_keys[3]_GND_3_o_wide_mux_0_OUT>
    Summary:
	inferred   1 RAM(s).
	inferred  11 D-type flip-flop(s).
Unit <PWM_config_duty> synthesized.

=========================================================================
HDL Synthesis Report

Macro Statistics
# RAMs                                                 : 1
 16x11-bit single-port Read Only RAM                   : 1
# Registers                                            : 1
 11-bit register                                       : 1

=========================================================================

=========================================================================
*                       Advanced HDL Synthesis                          *
=========================================================================


Synthesizing (advanced) Unit <PWM_config_duty>.
INFO:Xst:3231 - The small RAM <Mram_user_keys[3]_GND_3_o_wide_mux_0_OUT> will be implemented on LUTs in order to maximize performance and save block RAM resources. If you want to force its implementation on block, use option/constraint ram_style.
    -----------------------------------------------------------------------
    | ram_type           | Distributed                         |          |
    -----------------------------------------------------------------------
    | Port A                                                              |
    |     aspect ratio   | 16-word x 11-bit                    |          |
    |     weA            | connected to signal <GND>           | high     |
    |     addrA          | connected to signal <user_keys>     |          |
    |     diA            | connected to signal <GND>           |          |
    |     doA            | connected to internal node          |          |
    -----------------------------------------------------------------------
Unit <PWM_config_duty> synthesized (advanced).

=========================================================================
Advanced HDL Synthesis Report

Macro Statistics
# RAMs                                                 : 1
 16x11-bit single-port distributed Read Only RAM       : 1
# Registers                                            : 11
 Flip-Flops                                            : 11

=========================================================================

=========================================================================
*                         Low Level Synthesis                           *
=========================================================================
WARNING:Xst:1293 - FF/Latch <duty_inter_10> has a constant value of 0 in block <PWM_config_duty>. This FF/Latch will be trimmed during the optimization process.
INFO:Xst:2261 - The FF/Latch <duty_inter_8> in Unit <PWM_config_duty> is equivalent to the following FF/Latch, which will be removed : <duty_inter_9> 

Optimizing unit <PWM_config_duty> ...
INFO:Xst:3203 - The FF/Latch <duty_inter_1> in Unit <PWM_config_duty> is the opposite to the following FF/Latch, which will be removed : <duty_inter_7> 

Mapping all equations...
Building and optimizing final netlist ...
Found area constraint ratio of 100 (+ 5) on block PWM_config_duty, actual ratio is 0.
FlipFlop duty_inter_8 has been replicated 1 time(s) to handle iob=true attribute.
FlipFlop duty_inter_1 has been replicated 1 time(s) to handle iob=true attribute.

Final Macro Processing ...

=========================================================================
Final Register Report

Macro Statistics
# Registers                                            : 10
 Flip-Flops                                            : 10

=========================================================================

=========================================================================
*                           Partition Report                            *
=========================================================================

Partition Implementation Status
-------------------------------

  No Partitions were found in this design.

-------------------------------

=========================================================================
*                            Design Summary                             *
=========================================================================

Top Level Output File Name         : PWM_config_duty.ngc

Primitive and Black Box Usage:
------------------------------
# BELS                             : 10
#      GND                         : 1
#      INV                         : 2
#      LUT4                        : 4
#      LUT5                        : 3
# FlipFlops/Latches                : 10
#      FD                          : 6
#      FDR                         : 2
#      FDS                         : 2
# Clock Buffers                    : 1
#      BUFGP                       : 1
# IO Buffers                       : 16
#      IBUF                        : 5
#      OBUF                        : 11

Device utilization summary:
---------------------------

Selected Device : 6slx9ftg256-2 


Slice Logic Utilization: 
 Number of Slice Registers:               1  out of  11440     0%  
 Number of Slice LUTs:                    9  out of   5720     0%  
    Number used as Logic:                 9  out of   5720     0%  

Slice Logic Distribution: 
 Number of LUT Flip Flop pairs used:      9
   Number with an unused Flip Flop:       8  out of      9    88%  
   Number with an unused LUT:             0  out of      9     0%  
   Number of fully used LUT-FF pairs:     1  out of      9    11%  
   Number of unique control sets:         2

IO Utilization: 
 Number of IOs:                          17
 Number of bonded IOBs:                  17  out of    186     9%  
    IOB Flip Flops/Latches:               9

Specific Feature Utilization:
 Number of BUFG/BUFGCTRLs:                1  out of     16     6%  

---------------------------
Partition Resource Summary:
---------------------------

  No Partitions were found in this design.

---------------------------


=========================================================================
Timing Report

NOTE: THESE TIMING NUMBERS ARE ONLY A SYNTHESIS ESTIMATE.
      FOR ACCURATE TIMING INFORMATION PLEASE REFER TO THE TRACE REPORT
      GENERATED AFTER PLACE-and-ROUTE.

Clock Information:
------------------
-----------------------------------+------------------------+-------+
Clock Signal                       | Clock buffer(FF name)  | Load  |
-----------------------------------+------------------------+-------+
clk                                | BUFGP                  | 10    |
-----------------------------------+------------------------+-------+

Asynchronous Control Signals Information:
----------------------------------------
No asynchronous control signals found in this design

Timing Summary:
---------------
Speed Grade: -2

   Minimum period: No path found
   Minimum input arrival time before clock: 3.720ns
   Maximum output required time after clock: 5.054ns
   Maximum combinational path delay: No path found

Timing Details:
---------------
All values displayed in nanoseconds (ns)

=========================================================================
Timing constraint: Default OFFSET IN BEFORE for Clock 'clk'
  Total number of paths / destination ports: 42 / 14
-------------------------------------------------------------------------
Offset:              3.720ns (Levels of Logic = 2)
  Source:            reset (PAD)
  Destination:       duty_inter_0 (FF)
  Destination Clock: clk rising

  Data Path: reset to duty_inter_0
                                Gate     Net
    Cell:in->out      fanout   Delay   Delay  Logical Name (Net Name)
    ----------------------------------------  ------------
     IBUF:I->O             4   1.328   0.803  reset_IBUF (reset_IBUF)
     INV:I->O              6   0.255   0.875  reset_inv1_INV_0 (duty_inter_8_glue_set)
     FDR:R                     0.459          duty_inter_0
    ----------------------------------------
    Total                      3.720ns (2.042ns logic, 1.678ns route)
                                       (54.9% logic, 45.1% route)

=========================================================================
Timing constraint: Default OFFSET OUT AFTER for Clock 'clk'
  Total number of paths / destination ports: 10 / 10
-------------------------------------------------------------------------
Offset:              5.054ns (Levels of Logic = 2)
  Source:            duty_inter_1 (FF)
  Destination:       duty<7> (PAD)
  Source Clock:      clk rising

  Data Path: duty_inter_1 to duty<7>
                                Gate     Net
    Cell:in->out      fanout   Delay   Delay  Logical Name (Net Name)
    ----------------------------------------  ------------
     FD:C->Q               1   0.525   0.681  duty_inter_1 (duty_inter_1)
     INV:I->O              1   0.255   0.681  duty<1>_inv1_INV_0 (duty_7_OBUF)
     OBUF:I->O                 2.912          duty_7_OBUF (duty<7>)
    ----------------------------------------
    Total                      5.054ns (3.692ns logic, 1.362ns route)
                                       (73.1% logic, 26.9% route)

=========================================================================

Cross Clock Domains Report:
--------------------------

=========================================================================


Total REAL time to Xst completion: 6.00 secs
Total CPU time to Xst completion: 5.75 secs
 
--> 

Total memory usage is 4447428 kilobytes

Number of errors   :    0 (   0 filtered)
Number of warnings :    1 (   0 filtered)
Number of infos    :    3 (   0 filtered)

