Component: ARM Compiler 5.06 update 6 (build 750) Tool: armlink [4d35ed]

==============================================================================

Section Cross References

    startup_stm32f303x8.o(RESET) refers to startup_stm32f303x8.o(STACK) for __initial_sp
    startup_stm32f303x8.o(RESET) refers to startup_stm32f303x8.o(.text) for Reset_Handler
    startup_stm32f303x8.o(RESET) refers to stm32f3xx_it.o(i.NMI_Handler) for NMI_Handler
    startup_stm32f303x8.o(RESET) refers to stm32f3xx_it.o(i.HardFault_Handler) for HardFault_Handler
    startup_stm32f303x8.o(RESET) refers to stm32f3xx_it.o(i.MemManage_Handler) for MemManage_Handler
    startup_stm32f303x8.o(RESET) refers to stm32f3xx_it.o(i.BusFault_Handler) for BusFault_Handler
    startup_stm32f303x8.o(RESET) refers to stm32f3xx_it.o(i.UsageFault_Handler) for UsageFault_Handler
    startup_stm32f303x8.o(RESET) refers to stm32f3xx_it.o(i.SVC_Handler) for SVC_Handler
    startup_stm32f303x8.o(RESET) refers to stm32f3xx_it.o(i.DebugMon_Handler) for DebugMon_Handler
    startup_stm32f303x8.o(RESET) refers to stm32f3xx_it.o(i.PendSV_Handler) for PendSV_Handler
    startup_stm32f303x8.o(RESET) refers to stm32f3xx_it.o(i.SysTick_Handler) for SysTick_Handler
    startup_stm32f303x8.o(RESET) refers to stm32f3xx_it.o(i.TIM1_CC_IRQHandler) for TIM1_CC_IRQHandler
    startup_stm32f303x8.o(RESET) refers to stm32f3xx_it.o(i.TIM2_IRQHandler) for TIM2_IRQHandler
    startup_stm32f303x8.o(RESET) refers to stm32f3xx_it.o(i.I2C1_EV_IRQHandler) for I2C1_EV_IRQHandler
    startup_stm32f303x8.o(RESET) refers to stm32f3xx_it.o(i.I2C1_ER_IRQHandler) for I2C1_ER_IRQHandler
    startup_stm32f303x8.o(.text) refers to system_stm32f3xx.o(i.SystemInit) for SystemInit
    startup_stm32f303x8.o(.text) refers to entry.o(.ARM.Collect$$$$00000000) for __main
    mpu6050.o(i.MPU6050_Calibrate) refers to mpu6050.o(i.MPU6050_ReadAll) for MPU6050_ReadAll
    mpu6050.o(i.MPU6050_Calibrate) refers to stm32f3xx_hal.o(i.HAL_Delay) for HAL_Delay
    mpu6050.o(i.MPU6050_Calibrate) refers to main.o(.bss) for MPU6050
    mpu6050.o(i.MPU6050_Init) refers to stm32f3xx_hal_i2c.o(i.HAL_I2C_Mem_Write) for HAL_I2C_Mem_Write
    mpu6050.o(i.MPU6050_Init) refers to main.o(.bss) for hspi1
    mpu6050.o(i.MPU6050_ReadAll) refers to stm32f3xx_hal_i2c.o(i.HAL_I2C_Mem_Read) for HAL_I2C_Mem_Read
    mpu6050.o(i.MPU6050_ReadAll) refers to main.o(.bss) for hspi1
    mpu6050.o(i.MPU6050_ReadConvert_Pitch_Roll) refers to mpu6050.o(i.MPU6050_ReadAll) for MPU6050_ReadAll
    mpu6050.o(i.MPU6050_ReadConvert_Pitch_Roll) refers to dflti.o(.text) for __aeabi_i2d
    mpu6050.o(i.MPU6050_ReadConvert_Pitch_Roll) refers to dmul.o(.text) for __aeabi_dmul
    mpu6050.o(i.MPU6050_ReadConvert_Pitch_Roll) refers to dadd.o(.text) for __aeabi_dadd
    mpu6050.o(i.MPU6050_ReadConvert_Pitch_Roll) refers to sin.o(i.__hardfp_sin) for __hardfp_sin
    mpu6050.o(i.MPU6050_ReadConvert_Pitch_Roll) refers to sqrt.o(i.__hardfp_sqrt) for __hardfp_sqrt
    mpu6050.o(i.MPU6050_ReadConvert_Pitch_Roll) refers to dfixi.o(.text) for __aeabi_d2iz
    mpu6050.o(i.MPU6050_ReadConvert_Pitch_Roll) refers to f2d.o(.text) for __aeabi_f2d
    mpu6050.o(i.MPU6050_ReadConvert_Pitch_Roll) refers to asin.o(i.__hardfp_asin) for __hardfp_asin
    mpu6050.o(i.MPU6050_ReadConvert_Pitch_Roll) refers to stm32f3xx_hal.o(i.HAL_Delay) for HAL_Delay
    mpu6050.o(i.MPU6050_ReadConvert_Pitch_Roll) refers to main.o(.bss) for MPU6050
    mpu6050.o(i.MPU6050_ReadConvert_Pitch_Roll) refers to mpu6050.o(.data) for .data
    motor_control.o(i.duty_moteurs) refers to motor_control.o(i.check_parity) for check_parity
    motor_control.o(i.duty_moteurs) refers to stm32f3xx_hal_gpio.o(i.HAL_GPIO_WritePin) for HAL_GPIO_WritePin
    motor_control.o(i.duty_moteurs) refers to stm32f3xx_hal_spi.o(i.HAL_SPI_Transmit) for HAL_SPI_Transmit
    motor_control.o(i.duty_moteurs) refers to stm32f3xx_hal.o(i.HAL_Delay) for HAL_Delay
    motor_control.o(i.duty_moteurs) refers to motor_control.o(.data) for .data
    motor_control.o(i.duty_moteurs) refers to main.o(.bss) for hspi1
    main.o(i.Error_Handler) refers to main.o(i.toggle_led) for toggle_led
    main.o(i.Error_Handler) refers to stm32f3xx_hal.o(i.HAL_Delay) for HAL_Delay
    main.o(i.Error_Handler) refers to main.o(.data) for .data
    main.o(i.HAL_TIM_IC_CaptureCallback) refers to stm32f3xx_hal_tim.o(i.HAL_TIM_ReadCapturedValue) for HAL_TIM_ReadCapturedValue
    main.o(i.HAL_TIM_IC_CaptureCallback) refers to main.o(.bss) for .bss
    main.o(i.MX_GPIO_Init) refers to memseta.o(.text) for __aeabi_memclr4
    main.o(i.MX_GPIO_Init) refers to stm32f3xx_hal_gpio.o(i.HAL_GPIO_WritePin) for HAL_GPIO_WritePin
    main.o(i.MX_GPIO_Init) refers to stm32f3xx_hal_gpio.o(i.HAL_GPIO_Init) for HAL_GPIO_Init
    main.o(i.MX_I2C1_Init) refers to stm32f3xx_hal_i2c.o(i.HAL_I2C_Init) for HAL_I2C_Init
[...]
    Removing stm32f3xx_hal_spi.o(i.HAL_SPI_DeInit), (46 bytes).
    Removing stm32f3xx_hal_spi.o(i.HAL_SPI_ErrorCallback), (2 bytes).
    Removing stm32f3xx_hal_spi.o(i.HAL_SPI_GetError), (4 bytes).
    Removing stm32f3xx_hal_spi.o(i.HAL_SPI_GetState), (6 bytes).
    Removing stm32f3xx_hal_spi.o(i.HAL_SPI_IRQHandler), (252 bytes).
    Removing stm32f3xx_hal_spi.o(i.HAL_SPI_MspDeInit), (2 bytes).
    Removing stm32f3xx_hal_spi.o(i.HAL_SPI_MspInit), (2 bytes).
    Removing stm32f3xx_hal_spi.o(i.HAL_SPI_Receive), (382 bytes).
    Removing stm32f3xx_hal_spi.o(i.HAL_SPI_Receive_DMA), (340 bytes).
    Removing stm32f3xx_hal_spi.o(i.HAL_SPI_Receive_IT), (192 bytes).
    Removing stm32f3xx_hal_spi.o(i.HAL_SPI_RxCpltCallback), (2 bytes).
    Removing stm32f3xx_hal_spi.o(i.HAL_SPI_RxHalfCpltCallback), (2 bytes).
    Removing stm32f3xx_hal_spi.o(i.HAL_SPI_TransmitReceive), (610 bytes).
    Removing stm32f3xx_hal_spi.o(i.HAL_SPI_TransmitReceive_DMA), (444 bytes).
    Removing stm32f3xx_hal_spi.o(i.HAL_SPI_TransmitReceive_IT), (196 bytes).
    Removing stm32f3xx_hal_spi.o(i.HAL_SPI_Transmit_DMA), (272 bytes).
    Removing stm32f3xx_hal_spi.o(i.HAL_SPI_Transmit_IT), (148 bytes).
    Removing stm32f3xx_hal_spi.o(i.HAL_SPI_TxCpltCallback), (2 bytes).
    Removing stm32f3xx_hal_spi.o(i.HAL_SPI_TxHalfCpltCallback), (2 bytes).
    Removing stm32f3xx_hal_spi.o(i.HAL_SPI_TxRxCpltCallback), (2 bytes).
    Removing stm32f3xx_hal_spi.o(i.HAL_SPI_TxRxHalfCpltCallback), (2 bytes).
    Removing stm32f3xx_hal_spi.o(i.SPI_2linesRxISR_16BIT), (54 bytes).
    Removing stm32f3xx_hal_spi.o(i.SPI_2linesRxISR_8BIT), (102 bytes).
    Removing stm32f3xx_hal_spi.o(i.SPI_2linesTxISR_16BIT), (50 bytes).
    Removing stm32f3xx_hal_spi.o(i.SPI_2linesTxISR_8BIT), (72 bytes).
    Removing stm32f3xx_hal_spi.o(i.SPI_AbortRx_ISR), (132 bytes).
    Removing stm32f3xx_hal_spi.o(i.SPI_AbortTx_ISR), (216 bytes).
    Removing stm32f3xx_hal_spi.o(i.SPI_CloseRxTx_ISR), (82 bytes).
    Removing stm32f3xx_hal_spi.o(i.SPI_CloseRx_ISR), (64 bytes).
    Removing stm32f3xx_hal_spi.o(i.SPI_CloseTx_ISR), (76 bytes).
    Removing stm32f3xx_hal_spi.o(i.SPI_DMAAbortOnError), (18 bytes).
    Removing stm32f3xx_hal_spi.o(i.SPI_DMAError), (34 bytes).
    Removing stm32f3xx_hal_spi.o(i.SPI_DMAHalfReceiveCplt), (10 bytes).
    Removing stm32f3xx_hal_spi.o(i.SPI_DMAHalfTransmitCplt), (10 bytes).
    Removing stm32f3xx_hal_spi.o(i.SPI_DMAHalfTransmitReceiveCplt), (10 bytes).
    Removing stm32f3xx_hal_spi.o(i.SPI_DMAReceiveCplt), (86 bytes).
    Removing stm32f3xx_hal_spi.o(i.SPI_DMARxAbortCallback), (128 bytes).
    Removing stm32f3xx_hal_spi.o(i.SPI_DMATransmitCplt), (100 bytes).
    Removing stm32f3xx_hal_spi.o(i.SPI_DMATransmitReceiveCplt), (92 bytes).
    Removing stm32f3xx_hal_spi.o(i.SPI_DMATxAbortCallback), (124 bytes).
    Removing stm32f3xx_hal_spi.o(i.SPI_EndRxTransaction), (116 bytes).
    Removing stm32f3xx_hal_spi.o(i.SPI_RxISR_16BIT), (38 bytes).
    Removing stm32f3xx_hal_spi.o(i.SPI_RxISR_8BIT), (38 bytes).
    Removing stm32f3xx_hal_spi.o(i.SPI_TxISR_16BIT), (32 bytes).
    Removing stm32f3xx_hal_spi.o(i.SPI_TxISR_8BIT), (32 bytes).
    Removing stm32f3xx_hal_spi_ex.o(.rev16_text), (4 bytes).
    Removing stm32f3xx_hal_spi_ex.o(.revsh_text), (4 bytes).
    Removing stm32f3xx_hal_spi_ex.o(.rrx_text), (6 bytes).
    Removing stm32f3xx_hal_spi_ex.o(i.HAL_SPIEx_FlushRxFifo), (36 bytes).
    Removing stm32f3xx_hal_tim.o(.rev16_text), (4 bytes).
    Removing stm32f3xx_hal_tim.o(.revsh_text), (4 bytes).
    Removing stm32f3xx_hal_tim.o(.rrx_text), (6 bytes).
    Removing stm32f3xx_hal_tim.o(i.HAL_TIM_Base_DeInit), (56 bytes).
    Removing stm32f3xx_hal_tim.o(i.HAL_TIM_Base_GetState), (6 bytes).
    Removing stm32f3xx_hal_tim.o(i.HAL_TIM_Base_Init), (54 bytes).
    Removing stm32f3xx_hal_tim.o(i.HAL_TIM_Base_MspDeInit), (2 bytes).
    Removing stm32f3xx_hal_tim.o(i.HAL_TIM_Base_MspInit), (2 bytes).
    Removing stm32f3xx_hal_tim.o(i.HAL_TIM_Base_Start), (48 bytes).
    Removing stm32f3xx_hal_tim.o(i.HAL_TIM_Base_Start_DMA), (124 bytes).
    Removing stm32f3xx_hal_tim.o(i.HAL_TIM_Base_Start_IT), (44 bytes).
    Removing stm32f3xx_hal_tim.o(i.HAL_TIM_Base_Stop), (44 bytes).
    Removing stm32f3xx_hal_tim.o(i.HAL_TIM_Base_Stop_DMA), (58 bytes).
    Removing stm32f3xx_hal_tim.o(i.HAL_TIM_Base_Stop_IT), (42 bytes).
    Removing stm32f3xx_hal_tim.o(i.HAL_TIM_ConfigClockSource), (220 bytes).
    Removing stm32f3xx_hal_tim.o(i.HAL_TIM_ConfigOCrefClear), (294 bytes).
    Removing stm32f3xx_hal_tim.o(i.HAL_TIM_ConfigTI1Input), (16 bytes).
    Removing stm32f3xx_hal_tim.o(i.HAL_TIM_DMABurst_MultiReadStart), (332 bytes).
    Removing stm32f3xx_hal_tim.o(i.HAL_TIM_DMABurst_MultiWriteStart), (332 bytes).
    Removing stm32f3xx_hal_tim.o(i.HAL_TIM_DMABurst_ReadStart), (18 bytes).
    Removing stm32f3xx_hal_tim.o(i.HAL_TIM_DMABurst_ReadStop), (100 bytes).
    Removing stm32f3xx_hal_tim.o(i.HAL_TIM_DMABurst_WriteStart), (18 bytes).
    Removing stm32f3xx_hal_tim.o(i.HAL_TIM_DMABurst_WriteStop), (100 bytes).
    Removing stm32f3xx_hal_tim.o(i.HAL_TIM_Encoder_DeInit), (56 bytes).
    Removing stm32f3xx_hal_tim.o(i.HAL_TIM_Encoder_GetState), (6 bytes).
    Removing stm32f3xx_hal_tim.o(i.HAL_TIM_Encoder_Init), (156 bytes).
    Removing stm32f3xx_hal_tim.o(i.HAL_TIM_Encoder_MspDeInit), (2 bytes).
    Removing stm32f3xx_hal_tim.o(i.HAL_TIM_Encoder_MspInit), (2 bytes).
    Removing stm32f3xx_hal_tim.o(i.HAL_TIM_Encoder_Start), (52 bytes).
    Removing stm32f3xx_hal_tim.o(i.HAL_TIM_Encoder_Start_DMA), (312 bytes).
    Removing stm32f3xx_hal_tim.o(i.HAL_TIM_Encoder_Start_IT), (92 bytes).
    Removing stm32f3xx_hal_tim.o(i.HAL_TIM_Encoder_Stop), (70 bytes).
    Removing stm32f3xx_hal_tim.o(i.HAL_TIM_Encoder_Stop_DMA), (144 bytes).
    Removing stm32f3xx_hal_tim.o(i.HAL_TIM_Encoder_Stop_IT), (116 bytes).
    Removing stm32f3xx_hal_tim.o(i.HAL_TIM_ErrorCallback), (2 bytes).
    Removing stm32f3xx_hal_tim.o(i.HAL_TIM_GenerateEvent), (38 bytes).
    Removing stm32f3xx_hal_tim.o(i.HAL_TIM_IC_CaptureCallback), (2 bytes).
    Removing stm32f3xx_hal_tim.o(i.HAL_TIM_IC_CaptureHalfCpltCallback), (2 bytes).
    Removing stm32f3xx_hal_tim.o(i.HAL_TIM_IC_DeInit), (56 bytes).
    Removing stm32f3xx_hal_tim.o(i.HAL_TIM_IC_GetState), (6 bytes).
    Removing stm32f3xx_hal_tim.o(i.HAL_TIM_IC_MspDeInit), (2 bytes).
    Removing stm32f3xx_hal_tim.o(i.HAL_TIM_IC_MspInit), (2 bytes).
    Removing stm32f3xx_hal_tim.o(i.HAL_TIM_IC_Start), (48 bytes).
    Removing stm32f3xx_hal_tim.o(i.HAL_TIM_IC_Start_DMA), (260 bytes).
    Removing stm32f3xx_hal_tim.o(i.HAL_TIM_IC_Stop), (44 bytes).
    Removing stm32f3xx_hal_tim.o(i.HAL_TIM_IC_Stop_DMA), (122 bytes).
    Removing stm32f3xx_hal_tim.o(i.HAL_TIM_IC_Stop_IT), (94 bytes).
    Removing stm32f3xx_hal_tim.o(i.HAL_TIM_OC_ConfigChannel), (114 bytes).
    Removing stm32f3xx_hal_tim.o(i.HAL_TIM_OC_DeInit), (56 bytes).
    Removing stm32f3xx_hal_tim.o(i.HAL_TIM_OC_GetState), (6 bytes).
    Removing stm32f3xx_hal_tim.o(i.HAL_TIM_OC_Init), (54 bytes).
    Removing stm32f3xx_hal_tim.o(i.HAL_TIM_OC_MspDeInit), (2 bytes).
    Removing stm32f3xx_hal_tim.o(i.HAL_TIM_OC_MspInit), (2 bytes).
    Removing stm32f3xx_hal_tim.o(i.HAL_TIM_OC_Start), (96 bytes).
    Removing stm32f3xx_hal_tim.o(i.HAL_TIM_OC_Start_DMA), (320 bytes).
    Removing stm32f3xx_hal_tim.o(i.HAL_TIM_OC_Start_IT), (148 bytes).
    Removing stm32f3xx_hal_tim.o(i.HAL_TIM_OC_Stop), (108 bytes).
    Removing stm32f3xx_hal_tim.o(i.HAL_TIM_OC_Stop_DMA), (184 bytes).
    Removing stm32f3xx_hal_tim.o(i.HAL_TIM_OC_Stop_IT), (156 bytes).
    Removing stm32f3xx_hal_tim.o(i.HAL_TIM_OnePulse_ConfigChannel), (224 bytes).
    Removing stm32f3xx_hal_tim.o(i.HAL_TIM_OnePulse_DeInit), (56 bytes).
    Removing stm32f3xx_hal_tim.o(i.HAL_TIM_OnePulse_GetState), (6 bytes).
    Removing stm32f3xx_hal_tim.o(i.HAL_TIM_OnePulse_Init), (74 bytes).
    Removing stm32f3xx_hal_tim.o(i.HAL_TIM_OnePulse_MspDeInit), (2 bytes).
    Removing stm32f3xx_hal_tim.o(i.HAL_TIM_OnePulse_MspInit), (2 bytes).
    Removing stm32f3xx_hal_tim.o(i.HAL_TIM_OnePulse_Start), (80 bytes).
    Removing stm32f3xx_hal_tim.o(i.HAL_TIM_OnePulse_Start_IT), (100 bytes).
    Removing stm32f3xx_hal_tim.o(i.HAL_TIM_OnePulse_Stop), (120 bytes).
    Removing stm32f3xx_hal_tim.o(i.HAL_TIM_OnePulse_Stop_IT), (140 bytes).
    Removing stm32f3xx_hal_tim.o(i.HAL_TIM_PWM_ConfigChannel), (296 bytes).
    Removing stm32f3xx_hal_tim.o(i.HAL_TIM_PWM_DeInit), (56 bytes).
    Removing stm32f3xx_hal_tim.o(i.HAL_TIM_PWM_GetState), (6 bytes).
    Removing stm32f3xx_hal_tim.o(i.HAL_TIM_PWM_Init), (54 bytes).
    Removing stm32f3xx_hal_tim.o(i.HAL_TIM_PWM_MspDeInit), (2 bytes).
    Removing stm32f3xx_hal_tim.o(i.HAL_TIM_PWM_MspInit), (2 bytes).
    Removing stm32f3xx_hal_tim.o(i.HAL_TIM_PWM_PulseFinishedHalfCpltCallback), (2 bytes).
    Removing stm32f3xx_hal_tim.o(i.HAL_TIM_PWM_Start), (96 bytes).
    Removing stm32f3xx_hal_tim.o(i.HAL_TIM_PWM_Start_DMA), (320 bytes).
    Removing stm32f3xx_hal_tim.o(i.HAL_TIM_PWM_Start_IT), (148 bytes).
    Removing stm32f3xx_hal_tim.o(i.HAL_TIM_PWM_Stop), (112 bytes).
    Removing stm32f3xx_hal_tim.o(i.HAL_TIM_PWM_Stop_DMA), (184 bytes).
    Removing stm32f3xx_hal_tim.o(i.HAL_TIM_PWM_Stop_IT), (156 bytes).
    Removing stm32f3xx_hal_tim.o(i.HAL_TIM_PeriodElapsedHalfCpltCallback), (2 bytes).
    Removing stm32f3xx_hal_tim.o(i.HAL_TIM_SlaveConfigSynchro), (86 bytes).
    Removing stm32f3xx_hal_tim.o(i.HAL_TIM_SlaveConfigSynchro_IT), (86 bytes).
    Removing stm32f3xx_hal_tim.o(i.HAL_TIM_TriggerHalfCpltCallback), (2 bytes).
    Removing stm32f3xx_hal_tim.o(i.TIM_DMACaptureCplt), (62 bytes).
    Removing stm32f3xx_hal_tim.o(i.TIM_DMACaptureHalfCplt), (62 bytes).
    Removing stm32f3xx_hal_tim.o(i.TIM_DMADelayPulseCplt), (62 bytes).
    Removing stm32f3xx_hal_tim.o(i.TIM_DMADelayPulseHalfCplt), (62 bytes).
    Removing stm32f3xx_hal_tim.o(i.TIM_DMAError), (16 bytes).
    Removing stm32f3xx_hal_tim.o(i.TIM_DMAPeriodElapsedCplt), (16 bytes).
    Removing stm32f3xx_hal_tim.o(i.TIM_DMAPeriodElapsedHalfCplt), (16 bytes).
    Removing stm32f3xx_hal_tim.o(i.TIM_DMATriggerCplt), (16 bytes).
    Removing stm32f3xx_hal_tim.o(i.TIM_DMATriggerHalfCplt), (16 bytes).
    Removing stm32f3xx_hal_tim.o(i.TIM_ETR_SetConfig), (20 bytes).
    Removing stm32f3xx_hal_tim.o(i.TIM_ITRx_SetConfig), (16 bytes).
    Removing stm32f3xx_hal_tim.o(i.TIM_OC1_SetConfig), (136 bytes).
    Removing stm32f3xx_hal_tim.o(i.TIM_OC2_SetConfig), (128 bytes).
    Removing stm32f3xx_hal_tim.o(i.TIM_OC3_SetConfig), (128 bytes).
    Removing stm32f3xx_hal_tim.o(i.TIM_OC4_SetConfig), (108 bytes).
    Removing stm32f3xx_hal_tim.o(i.TIM_OC5_SetConfig), (100 bytes).
    Removing stm32f3xx_hal_tim.o(i.TIM_OC6_SetConfig), (104 bytes).
    Removing stm32f3xx_hal_tim.o(i.TIM_SlaveTimer_SetConfig), (140 bytes).
    Removing stm32f3xx_hal_tim.o(i.TIM_TI1_ConfigInputStage), (34 bytes).
    Removing stm32f3xx_hal_tim.o(i.TIM_TI2_ConfigInputStage), (36 bytes).
    Removing stm32f3xx_hal_tim_ex.o(.rev16_text), (4 bytes).
    Removing stm32f3xx_hal_tim_ex.o(.revsh_text), (4 bytes).
    Removing stm32f3xx_hal_tim_ex.o(.rrx_text), (6 bytes).
    Removing stm32f3xx_hal_tim_ex.o(i.HAL_TIMEx_CommutHalfCpltCallback), (2 bytes).
    Removing stm32f3xx_hal_tim_ex.o(i.HAL_TIMEx_ConfigBreakDeadTime), (132 bytes).
    Removing stm32f3xx_hal_tim_ex.o(i.HAL_TIMEx_ConfigCommutEvent), (112 bytes).
    Removing stm32f3xx_hal_tim_ex.o(i.HAL_TIMEx_ConfigCommutEvent_DMA), (144 bytes).
    Removing stm32f3xx_hal_tim_ex.o(i.HAL_TIMEx_ConfigCommutEvent_IT), (112 bytes).
    Removing stm32f3xx_hal_tim_ex.o(i.HAL_TIMEx_GroupChannel5), (56 bytes).
    Removing stm32f3xx_hal_tim_ex.o(i.HAL_TIMEx_HallSensor_DeInit), (56 bytes).
    Removing stm32f3xx_hal_tim_ex.o(i.HAL_TIMEx_HallSensor_GetState), (6 bytes).
    Removing stm32f3xx_hal_tim_ex.o(i.HAL_TIMEx_HallSensor_Init), (192 bytes).
    Removing stm32f3xx_hal_tim_ex.o(i.HAL_TIMEx_HallSensor_MspDeInit), (2 bytes).
    Removing stm32f3xx_hal_tim_ex.o(i.HAL_TIMEx_HallSensor_MspInit), (2 bytes).
    Removing stm32f3xx_hal_tim_ex.o(i.HAL_TIMEx_HallSensor_Start), (48 bytes).
    Removing stm32f3xx_hal_tim_ex.o(i.HAL_TIMEx_HallSensor_Start_DMA), (140 bytes).
    Removing stm32f3xx_hal_tim_ex.o(i.HAL_TIMEx_HallSensor_Start_IT), (60 bytes).
    Removing stm32f3xx_hal_tim_ex.o(i.HAL_TIMEx_HallSensor_Stop), (46 bytes).
    Removing stm32f3xx_hal_tim_ex.o(i.HAL_TIMEx_HallSensor_Stop_DMA), (62 bytes).
    Removing stm32f3xx_hal_tim_ex.o(i.HAL_TIMEx_HallSensor_Stop_IT), (56 bytes).
    Removing stm32f3xx_hal_tim_ex.o(i.HAL_TIMEx_OCN_Start), (56 bytes).
    Removing stm32f3xx_hal_tim_ex.o(i.HAL_TIMEx_OCN_Start_DMA), (240 bytes).
    Removing stm32f3xx_hal_tim_ex.o(i.HAL_TIMEx_OCN_Start_IT), (104 bytes).
    Removing stm32f3xx_hal_tim_ex.o(i.HAL_TIMEx_OCN_Stop), (68 bytes).
    Removing stm32f3xx_hal_tim_ex.o(i.HAL_TIMEx_OCN_Stop_DMA), (130 bytes).
    Removing stm32f3xx_hal_tim_ex.o(i.HAL_TIMEx_OCN_Stop_IT), (122 bytes).
    Removing stm32f3xx_hal_tim_ex.o(i.HAL_TIMEx_OnePulseN_Start), (26 bytes).
    Removing stm32f3xx_hal_tim_ex.o(i.HAL_TIMEx_OnePulseN_Start_IT), (46 bytes).
    Removing stm32f3xx_hal_tim_ex.o(i.HAL_TIMEx_OnePulseN_Stop), (68 bytes).
    Removing stm32f3xx_hal_tim_ex.o(i.HAL_TIMEx_OnePulseN_Stop_IT), (88 bytes).
    Removing stm32f3xx_hal_tim_ex.o(i.HAL_TIMEx_PWMN_Start), (56 bytes).
    Removing stm32f3xx_hal_tim_ex.o(i.HAL_TIMEx_PWMN_Start_DMA), (240 bytes).
    Removing stm32f3xx_hal_tim_ex.o(i.HAL_TIMEx_PWMN_Start_IT), (104 bytes).
    Removing stm32f3xx_hal_tim_ex.o(i.HAL_TIMEx_PWMN_Stop), (68 bytes).
    Removing stm32f3xx_hal_tim_ex.o(i.HAL_TIMEx_PWMN_Stop_DMA), (130 bytes).
    Removing stm32f3xx_hal_tim_ex.o(i.HAL_TIMEx_PWMN_Stop_IT), (122 bytes).
    Removing stm32f3xx_hal_tim_ex.o(i.HAL_TIMEx_RemapConfig), (28 bytes).
    Removing stm32f3xx_hal_tim_ex.o(i.TIMEx_DMACommutationCplt), (16 bytes).
    Removing stm32f3xx_hal_tim_ex.o(i.TIMEx_DMACommutationHalfCplt), (16 bytes).
    Removing stm32f3xx_hal_tim_ex.o(i.TIM_CCxNChannelCmd), (26 bytes).
    Removing system_stm32f3xx.o(.rev16_text), (4 bytes).
    Removing system_stm32f3xx.o(.revsh_text), (4 bytes).
    Removing system_stm32f3xx.o(.rrx_text), (6 bytes).
    Removing system_stm32f3xx.o(i.SystemCoreClockUpdate), (112 bytes).
    Removing system_stm32f3xx.o(.constdata), (8 bytes).
    Removing dneg.o(.text), (6 bytes).
    Removing cdcmple.o(.text), (48 bytes).

441 unused section(s) (total 32494 bytes) removed from the image.

==============================================================================

Image Symbol Table

    Local Symbols

    Symbol Name                              Value     Ov Type        Size  Object(Section)

    ../Drivers/STM32F3xx_HAL_Driver/Src/stm32f3xx_hal.c 0x00000000   Number         0  stm32f3xx_hal.o ABSOLUTE
    ../Drivers/STM32F3xx_HAL_Driver/Src/stm32f3xx_hal_cortex.c 0x00000000   Number         0  stm32f3xx_hal_cortex.o ABSOLUTE
    ../Drivers/STM32F3xx_HAL_Driver/Src/stm32f3xx_hal_dma.c 0x00000000   Number         0  stm32f3xx_hal_dma.o ABSOLUTE
    ../Drivers/STM32F3xx_HAL_Driver/Src/stm32f3xx_hal_exti.c 0x00000000   Number         0  stm32f3xx_hal_exti.o ABSOLUTE
    ../Drivers/STM32F3xx_HAL_Driver/Src/stm32f3xx_hal_flash.c 0x00000000   Number         0  stm32f3xx_hal_flash.o ABSOLUTE
    ../Drivers/STM32F3xx_HAL_Driver/Src/stm32f3xx_hal_flash_ex.c 0x00000000   Number         0  stm32f3xx_hal_flash_ex.o ABSOLUTE
    ../Drivers/STM32F3xx_HAL_Driver/Src/stm32f3xx_hal_gpio.c 0x00000000   Number         0  stm32f3xx_hal_gpio.o ABSOLUTE
    ../Drivers/STM32F3xx_HAL_Driver/Src/stm32f3xx_hal_i2c.c 0x00000000   Number         0  stm32f3xx_hal_i2c.o ABSOLUTE
    ../Drivers/STM32F3xx_HAL_Driver/Src/stm32f3xx_hal_i2c_ex.c 0x00000000   Number         0  stm32f3xx_hal_i2c_ex.o ABSOLUTE
    ../Drivers/STM32F3xx_HAL_Driver/Src/stm32f3xx_hal_pwr.c 0x00000000   Number         0  stm32f3xx_hal_pwr.o ABSOLUTE
    ../Drivers/STM32F3xx_HAL_Driver/Src/stm32f3xx_hal_pwr_ex.c 0x00000000   Number         0  stm32f3xx_hal_pwr_ex.o ABSOLUTE
    ../Drivers/STM32F3xx_HAL_Driver/Src/stm32f3xx_hal_rcc.c 0x00000000   Number         0  stm32f3xx_hal_rcc.o ABSOLUTE
    ../Drivers/STM32F3xx_HAL_Driver/Src/stm32f3xx_hal_rcc_ex.c 0x00000000   Number         0  stm32f3xx_hal_rcc_ex.o ABSOLUTE
    ../Drivers/STM32F3xx_HAL_Driver/Src/stm32f3xx_hal_spi.c 0x00000000   Number         0  stm32f3xx_hal_spi.o ABSOLUTE
    ../Drivers/STM32F3xx_HAL_Driver/Src/stm32f3xx_hal_spi_ex.c 0x00000000   Number         0  stm32f3xx_hal_spi_ex.o ABSOLUTE
    ../Drivers/STM32F3xx_HAL_Driver/Src/stm32f3xx_hal_tim.c 0x00000000   Number         0  stm32f3xx_hal_tim.o ABSOLUTE
    ../Drivers/STM32F3xx_HAL_Driver/Src/stm32f3xx_hal_tim_ex.c 0x00000000   Number         0  stm32f3xx_hal_tim_ex.o ABSOLUTE
    ../Src/main.c                            0x00000000   Number         0  main.o ABSOLUTE
    ../Src/stm32f3xx_hal_msp.c               0x00000000   Number         0  stm32f3xx_hal_msp.o ABSOLUTE
    ../Src/stm32f3xx_it.c                    0x00000000   Number         0  stm32f3xx_it.o ABSOLUTE
    ../Src/system_stm32f3xx.c                0x00000000   Number         0  system_stm32f3xx.o ABSOLUTE
    ../clib/microlib/division.c              0x00000000   Number         0  uldiv.o ABSOLUTE
    ../clib/microlib/errno.c                 0x00000000   Number         0  errno.o ABSOLUTE
    ../clib/microlib/init/entry.s            0x00000000   Number         0  entry9b.o ABSOLUTE
    ../clib/microlib/init/entry.s            0x00000000   Number         0  entry2.o ABSOLUTE
    ../clib/microlib/init/entry.s            0x00000000   Number         0  entry8b.o ABSOLUTE
    ../clib/microlib/init/entry.s            0x00000000   Number         0  entry.o ABSOLUTE
    ../clib/microlib/init/entry.s            0x00000000   Number         0  entry9a.o ABSOLUTE
    ../clib/microlib/init/entry.s            0x00000000   Number         0  entry8a.o ABSOLUTE
    ../clib/microlib/init/entry.s            0x00000000   Number         0  entry10b.o ABSOLUTE
    ../clib/microlib/init/entry.s            0x00000000   Number         0  entry7a.o ABSOLUTE
    ../clib/microlib/init/entry.s            0x00000000   Number         0  entry11b.o ABSOLUTE
    ../clib/microlib/init/entry.s            0x00000000   Number         0  entry5.o ABSOLUTE
    ../clib/microlib/init/entry.s            0x00000000   Number         0  entry11a.o ABSOLUTE
    ../clib/microlib/init/entry.s            0x00000000   Number         0  entry10a.o ABSOLUTE
    ../clib/microlib/init/entry.s            0x00000000   Number         0  entry7b.o ABSOLUTE
    ../clib/microlib/longlong.c              0x00000000   Number         0  llshl.o ABSOLUTE
    ../clib/microlib/longlong.c              0x00000000   Number         0  llsshr.o ABSOLUTE
    ../clib/microlib/longlong.c              0x00000000   Number         0  llushr.o ABSOLUTE
    ../clib/microlib/string/memcpy.c         0x00000000   Number         0  memcpya.o ABSOLUTE
    ../clib/microlib/string/memcpy.c         0x00000000   Number         0  memcpyb.o ABSOLUTE
    ../clib/microlib/string/memset.c         0x00000000   Number         0  memseta.o ABSOLUTE
    ../clib/microlib/stubs.s                 0x00000000   Number         0  iusefp.o ABSOLUTE
    ../fplib/microlib/f2d.c                  0x00000000   Number         0  f2d.o ABSOLUTE
    ../fplib/microlib/fpadd.c                0x00000000   Number         0  dadd.o ABSOLUTE
    ../fplib/microlib/fpdiv.c                0x00000000   Number         0  ddiv.o ABSOLUTE
    ../fplib/microlib/fpepilogue.c           0x00000000   Number         0  depilogue.o ABSOLUTE
    ../fplib/microlib/fpfix.c                0x00000000   Number         0  dfixi.o ABSOLUTE
    ../fplib/microlib/fpflt.c                0x00000000   Number         0  dflti.o ABSOLUTE
    ../fplib/microlib/fpflt.c                0x00000000   Number         0  dfltui.o ABSOLUTE
    ../fplib/microlib/fpmul.c                0x00000000   Number         0  dmul.o ABSOLUTE
    ../fplib/microlib/fpneg.c                0x00000000   Number         0  dneg.o ABSOLUTE
    ../fplib/microlib/fpsqrt.c               0x00000000   Number         0  dsqrt.o ABSOLUTE
    ../mathlib/asin.c                        0x00000000   Number         0  asin.o ABSOLUTE
    ../mathlib/asin.c                        0x00000000   Number         0  asin_x.o ABSOLUTE
    ../mathlib/cos_i.c                       0x00000000   Number         0  cos_i.o ABSOLUTE
    ../mathlib/dunder.c                      0x00000000   Number         0  dunder.o ABSOLUTE
    ../mathlib/fabs.c                        0x00000000   Number         0  fabs.o ABSOLUTE
    ../mathlib/fpclassify.c                  0x00000000   Number         0  fpclassify.o ABSOLUTE
    ../mathlib/poly.c                        0x00000000   Number         0  poly.o ABSOLUTE
    ../mathlib/rred.c                        0x00000000   Number         0  rred.o ABSOLUTE
    ../mathlib/sin.c                         0x00000000   Number         0  sin.o ABSOLUTE
    ../mathlib/sin.c                         0x00000000   Number         0  sin_x.o ABSOLUTE
    ../mathlib/sin_i.c                       0x00000000   Number         0  sin_i_x.o ABSOLUTE
    ../mathlib/sin_i.c                       0x00000000   Number         0  sin_i.o ABSOLUTE
    ../mathlib/sqrt.c                        0x00000000   Number         0  sqrt_x.o ABSOLUTE
    ../mathlib/sqrt.c                        0x00000000   Number         0  sqrt.o ABSOLUTE
    ..\Drivers\STM32F3xx_HAL_Driver\Src\stm32f3xx_hal.c 0x00000000   Number         0  stm32f3xx_hal.o ABSOLUTE
    ..\Drivers\STM32F3xx_HAL_Driver\Src\stm32f3xx_hal_cortex.c 0x00000000   Number         0  stm32f3xx_hal_cortex.o ABSOLUTE
    ..\Drivers\STM32F3xx_HAL_Driver\Src\stm32f3xx_hal_dma.c 0x00000000   Number         0  stm32f3xx_hal_dma.o ABSOLUTE
    ..\Drivers\STM32F3xx_HAL_Driver\Src\stm32f3xx_hal_exti.c 0x00000000   Number         0  stm32f3xx_hal_exti.o ABSOLUTE
    ..\Drivers\STM32F3xx_HAL_Driver\Src\stm32f3xx_hal_flash.c 0x00000000   Number         0  stm32f3xx_hal_flash.o ABSOLUTE
    ..\Drivers\STM32F3xx_HAL_Driver\Src\stm32f3xx_hal_flash_ex.c 0x00000000   Number         0  stm32f3xx_hal_flash_ex.o ABSOLUTE
    ..\Drivers\STM32F3xx_HAL_Driver\Src\stm32f3xx_hal_gpio.c 0x00000000   Number         0  stm32f3xx_hal_gpio.o ABSOLUTE
    ..\Drivers\STM32F3xx_HAL_Driver\Src\stm32f3xx_hal_i2c.c 0x00000000   Number         0  stm32f3xx_hal_i2c.o ABSOLUTE
    ..\Drivers\STM32F3xx_HAL_Driver\Src\stm32f3xx_hal_i2c_ex.c 0x00000000   Number         0  stm32f3xx_hal_i2c_ex.o ABSOLUTE
    ..\Drivers\STM32F3xx_HAL_Driver\Src\stm32f3xx_hal_pwr.c 0x00000000   Number         0  stm32f3xx_hal_pwr.o ABSOLUTE
    ..\Drivers\STM32F3xx_HAL_Driver\Src\stm32f3xx_hal_pwr_ex.c 0x00000000   Number         0  stm32f3xx_hal_pwr_ex.o ABSOLUTE
    ..\Drivers\STM32F3xx_HAL_Driver\Src\stm32f3xx_hal_rcc.c 0x00000000   Number         0  stm32f3xx_hal_rcc.o ABSOLUTE
    ..\Drivers\STM32F3xx_HAL_Driver\Src\stm32f3xx_hal_rcc_ex.c 0x00000000   Number         0  stm32f3xx_hal_rcc_ex.o ABSOLUTE
    ..\Drivers\STM32F3xx_HAL_Driver\Src\stm32f3xx_hal_spi.c 0x00000000   Number         0  stm32f3xx_hal_spi.o ABSOLUTE
    ..\Drivers\STM32F3xx_HAL_Driver\Src\stm32f3xx_hal_spi_ex.c 0x00000000   Number         0  stm32f3xx_hal_spi_ex.o ABSOLUTE
    ..\Drivers\STM32F3xx_HAL_Driver\Src\stm32f3xx_hal_tim.c 0x00000000   Number         0  stm32f3xx_hal_tim.o ABSOLUTE
    ..\Drivers\STM32F3xx_HAL_Driver\Src\stm32f3xx_hal_tim_ex.c 0x00000000   Number         0  stm32f3xx_hal_tim_ex.o ABSOLUTE
    ..\Src\main.c                            0x00000000   Number         0  main.o ABSOLUTE
    ..\Src\motor_control.c                   0x00000000   Number         0  motor_control.o ABSOLUTE
    ..\Src\mpu6050.c                         0x00000000   Number         0  mpu6050.o ABSOLUTE
    ..\Src\stm32f3xx_hal_msp.c               0x00000000   Number         0  stm32f3xx_hal_msp.o ABSOLUTE
    ..\Src\stm32f3xx_it.c                    0x00000000   Number         0  stm32f3xx_it.o ABSOLUTE
    ..\Src\system_stm32f3xx.c                0x00000000   Number         0  system_stm32f3xx.o ABSOLUTE
    ..\\Src\\motor_control.c                 0x00000000   Number         0  motor_control.o ABSOLUTE
    ..\\Src\\mpu6050.c                       0x00000000   Number         0  mpu6050.o ABSOLUTE
    cdcmple.s                                0x00000000   Number         0  cdcmple.o ABSOLUTE
    dc.s                                     0x00000000   Number         0  dc.o ABSOLUTE
    handlers.s                               0x00000000   Number         0  handlers.o ABSOLUTE
    init.s                                   0x00000000   Number         0  init.o ABSOLUTE
    startup_stm32f303x8.s                    0x00000000   Number         0  startup_stm32f303x8.o ABSOLUTE
    RESET                                    0x08000000   Section      392  startup_stm32f303x8.o(RESET)
    .ARM.Collect$$$$00000000                 0x08000188   Section        0  entry.o(.ARM.Collect$$$$00000000)
    .ARM.Collect$$$$00000001                 0x08000188   Section        4  entry2.o(.ARM.Collect$$$$00000001)
    .ARM.Collect$$$$00000004                 0x0800018c   Section        4  entry5.o(.ARM.Collect$$$$00000004)
    .ARM.Collect$$$$00000008                 0x08000190   Section        0  entry7b.o(.ARM.Collect$$$$00000008)
    .ARM.Collect$$$$0000000A                 0x08000190   Section        0  entry8b.o(.ARM.Collect$$$$0000000A)
    .ARM.Collect$$$$0000000B                 0x08000190   Section        8  entry9a.o(.ARM.Collect$$$$0000000B)
    .ARM.Collect$$$$0000000D                 0x08000198   Section        0  entry10a.o(.ARM.Collect$$$$0000000D)
    .ARM.Collect$$$$0000000F                 0x08000198   Section        0  entry11a.o(.ARM.Collect$$$$0000000F)
    .ARM.Collect$$$$00002712                 0x08000198   Section        4  entry2.o(.ARM.Collect$$$$00002712)
    __lit__00000000                          0x08000198   Data           4  entry2.o(.ARM.Collect$$$$00002712)
    .text                                    0x0800019c   Section       36  startup_stm32f303x8.o(.text)
    $v0                                      0x0800019c   Number         0  startup_stm32f303x8.o(.text)
    .text                                    0x080001c0   Section        0  uldiv.o(.text)
    .text                                    0x08000222   Section        0  llushr.o(.text)
    .text                                    0x08000242   Section        0  memseta.o(.text)
    .text                                    0x08000266   Section        0  dadd.o(.text)
    .text                                    0x080003b4   Section        0  dmul.o(.text)
    .text                                    0x08000498   Section        0  dflti.o(.text)
    .text                                    0x080004ba   Section        0  dfixi.o(.text)
    .text                                    0x080004f8   Section        0  f2d.o(.text)
    .text                                    0x0800051e   Section        0  llshl.o(.text)
    .text                                    0x0800053c   Section        0  llsshr.o(.text)
    .text                                    0x08000560   Section        0  iusefp.o(.text)
    .text                                    0x08000560   Section        0  depilogue.o(.text)
    .text                                    0x0800061a   Section        0  ddiv.o(.text)
    .text                                    0x080006f8   Section        0  dsqrt.o(.text)
    .text                                    0x0800079c   Section       36  init.o(.text)
    .text                                    0x080007c0   Section        0  dfltui.o(.text)
    i.BusFault_Handler                       0x080007da   Section        0  stm32f3xx_it.o(i.BusFault_Handler)
    i.DebugMon_Handler                       0x080007dc   Section        0  stm32f3xx_it.o(i.DebugMon_Handler)
    i.Error_Handler                          0x080007e0   Section        0  main.o(i.Error_Handler)
    i.HAL_DMA_Abort_IT                       0x080007fc   Section        0  stm32f3xx_hal_dma.o(i.HAL_DMA_Abort_IT)
    i.HAL_Delay                              0x08000848   Section        0  stm32f3xx_hal.o(i.HAL_Delay)
    i.HAL_GPIO_Init                          0x0800086c   Section        0  stm32f3xx_hal_gpio.o(i.HAL_GPIO_Init)
    i.HAL_GPIO_TogglePin                     0x080009ec   Section        0  stm32f3xx_hal_gpio.o(i.HAL_GPIO_TogglePin)
    i.HAL_GPIO_WritePin                      0x080009f8   Section        0  stm32f3xx_hal_gpio.o(i.HAL_GPIO_WritePin)
    i.HAL_GetTick                            0x08000a04   Section        0  stm32f3xx_hal.o(i.HAL_GetTick)
    i.HAL_I2CEx_ConfigAnalogFilter           0x08000a10   Section        0  stm32f3xx_hal_i2c_ex.o(i.HAL_I2CEx_ConfigAnalogFilter)
    i.HAL_I2CEx_ConfigDigitalFilter          0x08000a66   Section        0  stm32f3xx_hal_i2c_ex.o(i.HAL_I2CEx_ConfigDigitalFilter)
    i.HAL_I2C_AbortCpltCallback              0x08000ab8   Section        0  stm32f3xx_hal_i2c.o(i.HAL_I2C_AbortCpltCallback)
    i.HAL_I2C_AddrCallback                   0x08000aba   Section        0  stm32f3xx_hal_i2c.o(i.HAL_I2C_AddrCallback)
    i.HAL_I2C_ER_IRQHandler                  0x08000abc   Section        0  stm32f3xx_hal_i2c.o(i.HAL_I2C_ER_IRQHandler)
    i.HAL_I2C_EV_IRQHandler                  0x08000b24   Section        0  stm32f3xx_hal_i2c.o(i.HAL_I2C_EV_IRQHandler)
    i.HAL_I2C_ErrorCallback                  0x08000b34   Section        0  stm32f3xx_hal_i2c.o(i.HAL_I2C_ErrorCallback)
    i.HAL_I2C_Init                           0x08000b38   Section        0  stm32f3xx_hal_i2c.o(i.HAL_I2C_Init)
    i.HAL_I2C_ListenCpltCallback             0x08000bf0   Section        0  stm32f3xx_hal_i2c.o(i.HAL_I2C_ListenCpltCallback)
    i.HAL_I2C_Mem_Read                       0x08000bf4   Section        0  stm32f3xx_hal_i2c.o(i.HAL_I2C_Mem_Read)
    i.HAL_I2C_Mem_Write                      0x08000d58   Section        0  stm32f3xx_hal_i2c.o(i.HAL_I2C_Mem_Write)
    i.HAL_I2C_MspInit                        0x08000eb0   Section        0  stm32f3xx_hal_msp.o(i.HAL_I2C_MspInit)
    i.HAL_I2C_SlaveRxCpltCallback            0x08000f34   Section        0  stm32f3xx_hal_i2c.o(i.HAL_I2C_SlaveRxCpltCallback)
    i.HAL_I2C_SlaveTxCpltCallback            0x08000f36   Section        0  stm32f3xx_hal_i2c.o(i.HAL_I2C_SlaveTxCpltCallback)
    i.HAL_IncTick                            0x08000f38   Section        0  stm32f3xx_hal.o(i.HAL_IncTick)
    i.HAL_Init                               0x08000f48   Section        0  stm32f3xx_hal.o(i.HAL_Init)
    i.HAL_InitTick                           0x08000f6c   Section        0  stm32f3xx_hal.o(i.HAL_InitTick)
    i.HAL_MspInit                            0x08000fac   Section        0  stm32f3xx_hal_msp.o(i.HAL_MspInit)
    i.HAL_NVIC_EnableIRQ                     0x08000fd8   Section        0  stm32f3xx_hal_cortex.o(i.HAL_NVIC_EnableIRQ)
    i.HAL_NVIC_SetPriority                   0x08000ff4   Section        0  stm32f3xx_hal_cortex.o(i.HAL_NVIC_SetPriority)
    i.HAL_NVIC_SetPriorityGrouping           0x08001034   Section        0  stm32f3xx_hal_cortex.o(i.HAL_NVIC_SetPriorityGrouping)
    i.HAL_RCCEx_PeriphCLKConfig              0x08001058   Section        0  stm32f3xx_hal_rcc_ex.o(i.HAL_RCCEx_PeriphCLKConfig)
    i.HAL_RCC_ClockConfig                    0x080011cc   Section        0  stm32f3xx_hal_rcc.o(i.HAL_RCC_ClockConfig)
    i.HAL_RCC_GetSysClockFreq                0x08001314   Section        0  stm32f3xx_hal_rcc.o(i.HAL_RCC_GetSysClockFreq)
    i.HAL_RCC_OscConfig                      0x08001380   Section        0  stm32f3xx_hal_rcc.o(i.HAL_RCC_OscConfig)
    i.HAL_SPI_Init                           0x08001948   Section        0  stm32f3xx_hal_spi.o(i.HAL_SPI_Init)
    i.HAL_SPI_MspInit                        0x080019f4   Section        0  stm32f3xx_hal_msp.o(i.HAL_SPI_MspInit)
    i.HAL_SPI_Transmit                       0x08001a58   Section        0  stm32f3xx_hal_spi.o(i.HAL_SPI_Transmit)
    i.HAL_SYSTICK_Config                     0x08001bd6   Section        0  stm32f3xx_hal_cortex.o(i.HAL_SYSTICK_Config)
    i.HAL_TIMEx_Break2Callback               0x08001bfe   Section        0  stm32f3xx_hal_tim_ex.o(i.HAL_TIMEx_Break2Callback)
    i.HAL_TIMEx_BreakCallback                0x08001c00   Section        0  stm32f3xx_hal_tim_ex.o(i.HAL_TIMEx_BreakCallback)
    i.HAL_TIMEx_CommutCallback               0x08001c02   Section        0  stm32f3xx_hal_tim_ex.o(i.HAL_TIMEx_CommutCallback)
    i.HAL_TIMEx_MasterConfigSynchronization  0x08001c04   Section        0  stm32f3xx_hal_tim_ex.o(i.HAL_TIMEx_MasterConfigSynchronization)
    i.HAL_TIM_IC_CaptureCallback             0x08001c78   Section        0  main.o(i.HAL_TIM_IC_CaptureCallback)
    i.HAL_TIM_IC_ConfigChannel               0x08001e04   Section        0  stm32f3xx_hal_tim.o(i.HAL_TIM_IC_ConfigChannel)
    i.HAL_TIM_IC_Init                        0x08001f22   Section        0  stm32f3xx_hal_tim.o(i.HAL_TIM_IC_Init)
    i.HAL_TIM_IC_MspInit                     0x08001f58   Section        0  stm32f3xx_hal_msp.o(i.HAL_TIM_IC_MspInit)
    i.HAL_TIM_IC_Start_IT                    0x0800202c   Section        0  stm32f3xx_hal_tim.o(i.HAL_TIM_IC_Start_IT)
    i.HAL_TIM_IRQHandler                     0x0800208c   Section        0  stm32f3xx_hal_tim.o(i.HAL_TIM_IRQHandler)
    i.HAL_TIM_OC_DelayElapsedCallback        0x08002210   Section        0  stm32f3xx_hal_tim.o(i.HAL_TIM_OC_DelayElapsedCallback)
    i.HAL_TIM_PWM_PulseFinishedCallback      0x08002212   Section        0  stm32f3xx_hal_tim.o(i.HAL_TIM_PWM_PulseFinishedCallback)
    i.HAL_TIM_PeriodElapsedCallback          0x08002214   Section        0  stm32f3xx_hal_tim.o(i.HAL_TIM_PeriodElapsedCallback)
    i.HAL_TIM_ReadCapturedValue              0x08002216   Section        0  stm32f3xx_hal_tim.o(i.HAL_TIM_ReadCapturedValue)
    i.HAL_TIM_TriggerCallback                0x08002240   Section        0  stm32f3xx_hal_tim.o(i.HAL_TIM_TriggerCallback)
    i.HardFault_Handler                      0x08002242   Section        0  stm32f3xx_it.o(i.HardFault_Handler)
    i.I2C1_ER_IRQHandler                     0x08002244   Section        0  stm32f3xx_it.o(i.I2C1_ER_IRQHandler)
    i.I2C1_EV_IRQHandler                     0x08002250   Section        0  stm32f3xx_it.o(i.I2C1_EV_IRQHandler)
    i.I2C_DMAAbort                           0x0800225c   Section        0  stm32f3xx_hal_i2c.o(i.I2C_DMAAbort)
    I2C_DMAAbort                             0x0800225d   Thumb Code    40  stm32f3xx_hal_i2c.o(i.I2C_DMAAbort)
    i.I2C_Disable_IRQ                        0x08002284   Section        0  stm32f3xx_hal_i2c.o(i.I2C_Disable_IRQ)
    I2C_Disable_IRQ                          0x08002285   Thumb Code    84  stm32f3xx_hal_i2c.o(i.I2C_Disable_IRQ)
    i.I2C_Flush_TXDR                         0x080022d8   Section        0  stm32f3xx_hal_i2c.o(i.I2C_Flush_TXDR)
    I2C_Flush_TXDR                           0x080022d9   Thumb Code    34  stm32f3xx_hal_i2c.o(i.I2C_Flush_TXDR)
    i.I2C_ITAddrCplt                         0x080022fa   Section        0  stm32f3xx_hal_i2c.o(i.I2C_ITAddrCplt)
    I2C_ITAddrCplt                           0x080022fb   Thumb Code   136  stm32f3xx_hal_i2c.o(i.I2C_ITAddrCplt)
    i.I2C_ITError                            0x08002384   Section        0  stm32f3xx_hal_i2c.o(i.I2C_ITError)
    I2C_ITError                              0x08002385   Thumb Code   210  stm32f3xx_hal_i2c.o(i.I2C_ITError)
    i.I2C_ITListenCplt                       0x08002464   Section        0  stm32f3xx_hal_i2c.o(i.I2C_ITListenCplt)
    I2C_ITListenCplt                         0x08002465   Thumb Code    92  stm32f3xx_hal_i2c.o(i.I2C_ITListenCplt)
    i.I2C_ITSlaveCplt                        0x080024c4   Section        0  stm32f3xx_hal_i2c.o(i.I2C_ITSlaveCplt)
    I2C_ITSlaveCplt                          0x080024c5   Thumb Code   230  stm32f3xx_hal_i2c.o(i.I2C_ITSlaveCplt)
    i.I2C_ITSlaveSeqCplt                     0x080025b4   Section        0  stm32f3xx_hal_i2c.o(i.I2C_ITSlaveSeqCplt)
    I2C_ITSlaveSeqCplt                       0x080025b5   Thumb Code    84  stm32f3xx_hal_i2c.o(i.I2C_ITSlaveSeqCplt)
    i.I2C_IsAcknowledgeFailed                0x08002608   Section        0  stm32f3xx_hal_i2c.o(i.I2C_IsAcknowledgeFailed)
    I2C_IsAcknowledgeFailed                  0x08002609   Thumb Code   128  stm32f3xx_hal_i2c.o(i.I2C_IsAcknowledgeFailed)
    i.I2C_RequestMemoryRead                  0x0800268c   Section        0  stm32f3xx_hal_i2c.o(i.I2C_RequestMemoryRead)
    I2C_RequestMemoryRead                    0x0800268d   Thumb Code    94  stm32f3xx_hal_i2c.o(i.I2C_RequestMemoryRead)
    i.I2C_RequestMemoryWrite                 0x080026f0   Section        0  stm32f3xx_hal_i2c.o(i.I2C_RequestMemoryWrite)
    I2C_RequestMemoryWrite                   0x080026f1   Thumb Code    94  stm32f3xx_hal_i2c.o(i.I2C_RequestMemoryWrite)
    i.I2C_Slave_ISR_IT                       0x08002754   Section        0  stm32f3xx_hal_i2c.o(i.I2C_Slave_ISR_IT)
    I2C_Slave_ISR_IT                         0x08002755   Thumb Code   284  stm32f3xx_hal_i2c.o(i.I2C_Slave_ISR_IT)
    i.I2C_TransferConfig                     0x08002874   Section        0  stm32f3xx_hal_i2c.o(i.I2C_TransferConfig)
    I2C_TransferConfig                       0x08002875   Thumb Code    40  stm32f3xx_hal_i2c.o(i.I2C_TransferConfig)
    i.I2C_WaitOnFlagUntilTimeout             0x080028a0   Section        0  stm32f3xx_hal_i2c.o(i.I2C_WaitOnFlagUntilTimeout)
    I2C_WaitOnFlagUntilTimeout               0x080028a1   Thumb Code    88  stm32f3xx_hal_i2c.o(i.I2C_WaitOnFlagUntilTimeout)
    i.I2C_WaitOnSTOPFlagUntilTimeout         0x080028f8   Section        0  stm32f3xx_hal_i2c.o(i.I2C_WaitOnSTOPFlagUntilTimeout)
    I2C_WaitOnSTOPFlagUntilTimeout           0x080028f9   Thumb Code    76  stm32f3xx_hal_i2c.o(i.I2C_WaitOnSTOPFlagUntilTimeout)
    i.I2C_WaitOnTXISFlagUntilTimeout         0x08002944   Section        0  stm32f3xx_hal_i2c.o(i.I2C_WaitOnTXISFlagUntilTimeout)
    I2C_WaitOnTXISFlagUntilTimeout           0x08002945   Thumb Code    80  stm32f3xx_hal_i2c.o(i.I2C_WaitOnTXISFlagUntilTimeout)
    i.MPU6050_Calibrate                      0x08002994   Section        0  mpu6050.o(i.MPU6050_Calibrate)
    i.MPU6050_Init                           0x08002a00   Section        0  mpu6050.o(i.MPU6050_Init)
    i.MPU6050_ReadAll                        0x08002a94   Section        0  mpu6050.o(i.MPU6050_ReadAll)
    i.MPU6050_ReadConvert_Pitch_Roll         0x08002b40   Section        0  mpu6050.o(i.MPU6050_ReadConvert_Pitch_Roll)
    i.MX_GPIO_Init                           0x08002dfc   Section        0  main.o(i.MX_GPIO_Init)
    MX_GPIO_Init                             0x08002dfd   Thumb Code   116  main.o(i.MX_GPIO_Init)
    i.MX_I2C1_Init                           0x08002e78   Section        0  main.o(i.MX_I2C1_Init)
    MX_I2C1_Init                             0x08002e79   Thumb Code    66  main.o(i.MX_I2C1_Init)
    i.MX_SPI1_Init                           0x08002ec4   Section        0  main.o(i.MX_SPI1_Init)
    MX_SPI1_Init                             0x08002ec5   Thumb Code    66  main.o(i.MX_SPI1_Init)
    i.MX_TIM1_Init                           0x08002f10   Section        0  main.o(i.MX_TIM1_Init)
    MX_TIM1_Init                             0x08002f11   Thumb Code   136  main.o(i.MX_TIM1_Init)
    i.MX_TIM2_Init                           0x08002fa0   Section        0  main.o(i.MX_TIM2_Init)
    MX_TIM2_Init                             0x08002fa1   Thumb Code   110  main.o(i.MX_TIM2_Init)
    i.MemManage_Handler                      0x08003014   Section        0  stm32f3xx_it.o(i.MemManage_Handler)
    i.NMI_Handler                            0x08003016   Section        0  stm32f3xx_it.o(i.NMI_Handler)
    i.PendSV_Handler                         0x08003018   Section        0  stm32f3xx_it.o(i.PendSV_Handler)
    i.SPI_EndRxTxTransaction                 0x0800301a   Section        0  stm32f3xx_hal_spi.o(i.SPI_EndRxTxTransaction)
    SPI_EndRxTxTransaction                   0x0800301b   Thumb Code    72  stm32f3xx_hal_spi.o(i.SPI_EndRxTxTransaction)
    i.SPI_WaitFifoStateUntilTimeout          0x08003062   Section        0  stm32f3xx_hal_spi.o(i.SPI_WaitFifoStateUntilTimeout)
    SPI_WaitFifoStateUntilTimeout            0x08003063   Thumb Code   150  stm32f3xx_hal_spi.o(i.SPI_WaitFifoStateUntilTimeout)
    i.SPI_WaitFlagStateUntilTimeout          0x080030f8   Section        0  stm32f3xx_hal_spi.o(i.SPI_WaitFlagStateUntilTimeout)
    SPI_WaitFlagStateUntilTimeout            0x080030f9   Thumb Code   148  stm32f3xx_hal_spi.o(i.SPI_WaitFlagStateUntilTimeout)
    i.SVC_Handler                            0x0800318c   Section        0  stm32f3xx_it.o(i.SVC_Handler)
    i.SysTick_Handler                        0x0800318e   Section        0  stm32f3xx_it.o(i.SysTick_Handler)
    i.SystemClock_Config                     0x08003192   Section        0  main.o(i.SystemClock_Config)
    i.SystemInit                             0x08003204   Section        0  system_stm32f3xx.o(i.SystemInit)
    i.TIM1_CC_IRQHandler                     0x08003220   Section        0  stm32f3xx_it.o(i.TIM1_CC_IRQHandler)
    i.TIM2_IRQHandler                        0x0800322c   Section        0  stm32f3xx_it.o(i.TIM2_IRQHandler)
    i.TIM_Base_SetConfig                     0x08003238   Section        0  stm32f3xx_hal_tim.o(i.TIM_Base_SetConfig)
    i.TIM_CCxChannelCmd                      0x080032c0   Section        0  stm32f3xx_hal_tim.o(i.TIM_CCxChannelCmd)
    i.TIM_TI1_SetConfig                      0x080032dc   Section        0  stm32f3xx_hal_tim.o(i.TIM_TI1_SetConfig)
    i.TIM_TI2_SetConfig                      0x08003334   Section        0  stm32f3xx_hal_tim.o(i.TIM_TI2_SetConfig)
    TIM_TI2_SetConfig                        0x08003335   Thumb Code    54  stm32f3xx_hal_tim.o(i.TIM_TI2_SetConfig)
    i.UsageFault_Handler                     0x0800336a   Section        0  stm32f3xx_it.o(i.UsageFault_Handler)
    i.__ARM_fpclassify                       0x0800336c   Section        0  fpclassify.o(i.__ARM_fpclassify)
    i.__NVIC_SetPriority                     0x0800339c   Section        0  stm32f3xx_hal_cortex.o(i.__NVIC_SetPriority)
    __NVIC_SetPriority                       0x0800339d   Thumb Code    32  stm32f3xx_hal_cortex.o(i.__NVIC_SetPriority)
    i.__hardfp_asin                          0x080033c0   Section        0  asin.o(i.__hardfp_asin)
    i.__hardfp_sin                           0x08003720   Section        0  sin.o(i.__hardfp_sin)
    i.__hardfp_sqrt                          0x080037e8   Section        0  sqrt.o(i.__hardfp_sqrt)
    i.__ieee754_rem_pio2                     0x08003868   Section        0  rred.o(i.__ieee754_rem_pio2)
    i.__kernel_cos                           0x08003ca0   Section        0  cos_i.o(i.__kernel_cos)
    i.__kernel_poly                          0x08003e10   Section        0  poly.o(i.__kernel_poly)
    i.__kernel_sin                           0x08003f08   Section        0  sin_i.o(i.__kernel_sin)
    i.__mathlib_dbl_infnan                   0x08004038   Section        0  dunder.o(i.__mathlib_dbl_infnan)
    i.__mathlib_dbl_invalid                  0x08004050   Section        0  dunder.o(i.__mathlib_dbl_invalid)
    i.__mathlib_dbl_underflow                0x08004070   Section        0  dunder.o(i.__mathlib_dbl_underflow)
    i.__scatterload_copy                     0x08004090   Section       14  handlers.o(i.__scatterload_copy)
    i.__scatterload_null                     0x0800409e   Section        2  handlers.o(i.__scatterload_null)
    i.__scatterload_zeroinit                 0x080040a0   Section       14  handlers.o(i.__scatterload_zeroinit)
    i.__set_errno                            0x080040b0   Section        0  errno.o(i.__set_errno)
    i.check_parity                           0x080040bc   Section        0  motor_control.o(i.check_parity)
    i.duty_moteurs                           0x080040f0   Section        0  motor_control.o(i.duty_moteurs)
    i.fabs                                   0x08004170   Section        0  fabs.o(i.fabs)
    i.main                                   0x08004188   Section        0  main.o(i.main)
    i.sqrt                                   0x080042c4   Section        0  sqrt.o(i.sqrt)
    i.toggle_led                             0x08004334   Section        0  main.o(i.toggle_led)
    toggle_led                               0x08004335   Thumb Code    90  main.o(i.toggle_led)
    .constdata                               0x08004394   Section       32  stm32f3xx_hal_rcc.o(.constdata)
    .constdata                               0x080043b4   Section       16  system_stm32f3xx.o(.constdata)
    .constdata                               0x080043c8   Section       80  asin.o(.constdata)
    pS                                       0x080043c8   Data          48  asin.o(.constdata)
    qS                                       0x080043f8   Data          32  asin.o(.constdata)
    .constdata                               0x08004418   Section       48  cos_i.o(.constdata)
    C                                        0x08004418   Data          48  cos_i.o(.constdata)
    .constdata                               0x08004448   Section      200  rred.o(.constdata)
    pio2s                                    0x08004448   Data          48  rred.o(.constdata)
    twooverpi                                0x08004478   Data         152  rred.o(.constdata)
    .constdata                               0x08004510   Section       40  sin_i.o(.constdata)
    S                                        0x08004510   Data          40  sin_i.o(.constdata)
    .data                                    0x20000000   Section        4  mpu6050.o(.data)
    .data                                    0x20000004   Section        2  motor_control.o(.data)
    .data                                    0x20000008   Section        4  main.o(.data)
    .data                                    0x2000000c   Section       12  stm32f3xx_hal.o(.data)
    .data                                    0x20000018   Section        4  system_stm32f3xx.o(.data)
    .data                                    0x2000001c   Section        4  errno.o(.data)
    _errno                                   0x2000001c   Data           4  errno.o(.data)
    .bss                                     0x20000020   Section      496  main.o(.bss)
    STACK                                    0x20000210   Section     1024  startup_stm32f303x8.o(STACK)

    Global Symbols

    Symbol Name                              Value     Ov Type        Size  Object(Section)

    BuildAttributes$$THM_ISAv4$E$P$D$K$B$S$7EM$VFPi3$EXTD16$VFPS$VFMA$PE$A:L22UL41UL21$X:L11$S22US41US21$IEEE1$IW$USESV6$~STKCKD$USESV7$~SHL$OTIME$ROPI$IEEEX$EBA8$MICROLIB$REQ8$PRES8$EABIv2 0x00000000   Number         0  anon$$obj.o ABSOLUTE
    __ARM_use_no_argv                        0x00000000   Number         0  main.o ABSOLUTE
    __cpp_initialize__aeabi_                  - Undefined Weak Reference
    __cxa_finalize                            - Undefined Weak Reference
    __decompress                              - Undefined Weak Reference
    _clock_init                               - Undefined Weak Reference
    _microlib_exit                            - Undefined Weak Reference
    __Vectors_Size                           0x00000188   Number         0  startup_stm32f303x8.o ABSOLUTE
    __Vectors                                0x08000000   Data           4  startup_stm32f303x8.o(RESET)
    __Vectors_End                            0x08000188   Data           0  startup_stm32f303x8.o(RESET)
    __main                                   0x08000189   Thumb Code     0  entry.o(.ARM.Collect$$$$00000000)
    _main_stk                                0x08000189   Thumb Code     0  entry2.o(.ARM.Collect$$$$00000001)
    _main_scatterload                        0x0800018d   Thumb Code     0  entry5.o(.ARM.Collect$$$$00000004)
    __main_after_scatterload                 0x08000191   Thumb Code     0  entry5.o(.ARM.Collect$$$$00000004)
    _main_clock                              0x08000191   Thumb Code     0  entry7b.o(.ARM.Collect$$$$00000008)
    _main_cpp_init                           0x08000191   Thumb Code     0  entry8b.o(.ARM.Collect$$$$0000000A)
    _main_init                               0x08000191   Thumb Code     0  entry9a.o(.ARM.Collect$$$$0000000B)
    __rt_final_cpp                           0x08000199   Thumb Code     0  entry10a.o(.ARM.Collect$$$$0000000D)
    __rt_final_exit                          0x08000199   Thumb Code     0  entry11a.o(.ARM.Collect$$$$0000000F)
    Reset_Handler                            0x0800019d   Thumb Code     8  startup_stm32f303x8.o(.text)
    ADC1_2_IRQHandler                        0x080001b7   Thumb Code     0  startup_stm32f303x8.o(.text)
    CAN_RX0_IRQHandler                       0x080001b7   Thumb Code     0  startup_stm32f303x8.o(.text)
    CAN_RX1_IRQHandler                       0x080001b7   Thumb Code     0  startup_stm32f303x8.o(.text)
    CAN_SCE_IRQHandler                       0x080001b7   Thumb Code     0  startup_stm32f303x8.o(.text)
    CAN_TX_IRQHandler                        0x080001b7   Thumb Code     0  startup_stm32f303x8.o(.text)
    COMP2_IRQHandler                         0x080001b7   Thumb Code     0  startup_stm32f303x8.o(.text)
    COMP4_6_IRQHandler                       0x080001b7   Thumb Code     0  startup_stm32f303x8.o(.text)
    DMA1_Channel1_IRQHandler                 0x080001b7   Thumb Code     0  startup_stm32f303x8.o(.text)
    DMA1_Channel2_IRQHandler                 0x080001b7   Thumb Code     0  startup_stm32f303x8.o(.text)
    DMA1_Channel3_IRQHandler                 0x080001b7   Thumb Code     0  startup_stm32f303x8.o(.text)
    DMA1_Channel4_IRQHandler                 0x080001b7   Thumb Code     0  startup_stm32f303x8.o(.text)
    DMA1_Channel5_IRQHandler                 0x080001b7   Thumb Code     0  startup_stm32f303x8.o(.text)
    DMA1_Channel6_IRQHandler                 0x080001b7   Thumb Code     0  startup_stm32f303x8.o(.text)
    DMA1_Channel7_IRQHandler                 0x080001b7   Thumb Code     0  startup_stm32f303x8.o(.text)
    EXTI0_IRQHandler                         0x080001b7   Thumb Code     0  startup_stm32f303x8.o(.text)
    EXTI15_10_IRQHandler                     0x080001b7   Thumb Code     0  startup_stm32f303x8.o(.text)
    EXTI1_IRQHandler                         0x080001b7   Thumb Code     0  startup_stm32f303x8.o(.text)
    EXTI2_TSC_IRQHandler                     0x080001b7   Thumb Code     0  startup_stm32f303x8.o(.text)
    EXTI3_IRQHandler                         0x080001b7   Thumb Code     0  startup_stm32f303x8.o(.text)
    EXTI4_IRQHandler                         0x080001b7   Thumb Code     0  startup_stm32f303x8.o(.text)
    EXTI9_5_IRQHandler                       0x080001b7   Thumb Code     0  startup_stm32f303x8.o(.text)
    FLASH_IRQHandler                         0x080001b7   Thumb Code     0  startup_stm32f303x8.o(.text)
    FPU_IRQHandler                           0x080001b7   Thumb Code     0  startup_stm32f303x8.o(.text)
    PVD_IRQHandler                           0x080001b7   Thumb Code     0  startup_stm32f303x8.o(.text)
    RCC_IRQHandler                           0x080001b7   Thumb Code     0  startup_stm32f303x8.o(.text)
    RTC_Alarm_IRQHandler                     0x080001b7   Thumb Code     0  startup_stm32f303x8.o(.text)
    RTC_WKUP_IRQHandler                      0x080001b7   Thumb Code     0  startup_stm32f303x8.o(.text)
    SPI1_IRQHandler                          0x080001b7   Thumb Code     0  startup_stm32f303x8.o(.text)
    TAMP_STAMP_IRQHandler                    0x080001b7   Thumb Code     0  startup_stm32f303x8.o(.text)
    TIM1_BRK_TIM15_IRQHandler                0x080001b7   Thumb Code     0  startup_stm32f303x8.o(.text)
    TIM1_TRG_COM_TIM17_IRQHandler            0x080001b7   Thumb Code     0  startup_stm32f303x8.o(.text)
    TIM1_UP_TIM16_IRQHandler                 0x080001b7   Thumb Code     0  startup_stm32f303x8.o(.text)
    TIM3_IRQHandler                          0x080001b7   Thumb Code     0  startup_stm32f303x8.o(.text)
    TIM6_DAC1_IRQHandler                     0x080001b7   Thumb Code     0  startup_stm32f303x8.o(.text)
    TIM7_DAC2_IRQHandler                     0x080001b7   Thumb Code     0  startup_stm32f303x8.o(.text)
    USART1_IRQHandler                        0x080001b7   Thumb Code     0  startup_stm32f303x8.o(.text)
    USART2_IRQHandler                        0x080001b7   Thumb Code     0  startup_stm32f303x8.o(.text)
    USART3_IRQHandler                        0x080001b7   Thumb Code     0  startup_stm32f303x8.o(.text)
    WWDG_IRQHandler                          0x080001b7   Thumb Code     0  startup_stm32f303x8.o(.text)
    __aeabi_uldivmod                         0x080001c1   Thumb Code    98  uldiv.o(.text)
    __aeabi_llsr                             0x08000223   Thumb Code    32  llushr.o(.text)
    _ll_ushift_r                             0x08000223   Thumb Code     0  llushr.o(.text)
    __aeabi_memset                           0x08000243   Thumb Code    14  memseta.o(.text)
    __aeabi_memset4                          0x08000243   Thumb Code     0  memseta.o(.text)
    __aeabi_memset8                          0x08000243   Thumb Code     0  memseta.o(.text)
    __aeabi_memclr                           0x08000251   Thumb Code     4  memseta.o(.text)
    __aeabi_memclr4                          0x08000251   Thumb Code     0  memseta.o(.text)
    __aeabi_memclr8                          0x08000251   Thumb Code     0  memseta.o(.text)
    _memset$wrapper                          0x08000255   Thumb Code    18  memseta.o(.text)
    __aeabi_dadd                             0x08000267   Thumb Code   322  dadd.o(.text)
    __aeabi_dsub                             0x080003a9   Thumb Code     6  dadd.o(.text)
    __aeabi_drsub                            0x080003af   Thumb Code     6  dadd.o(.text)
    __aeabi_dmul                             0x080003b5   Thumb Code   228  dmul.o(.text)
    __aeabi_i2d                              0x08000499   Thumb Code    34  dflti.o(.text)
    __aeabi_d2iz                             0x080004bb   Thumb Code    62  dfixi.o(.text)
    __aeabi_f2d                              0x080004f9   Thumb Code    38  f2d.o(.text)
    __aeabi_llsl                             0x0800051f   Thumb Code    30  llshl.o(.text)
    _ll_shift_l                              0x0800051f   Thumb Code     0  llshl.o(.text)
    __aeabi_lasr                             0x0800053d   Thumb Code    36  llsshr.o(.text)
    _ll_sshift_r                             0x0800053d   Thumb Code     0  llsshr.o(.text)
    __I$use$fp                               0x08000561   Thumb Code     0  iusefp.o(.text)
    _double_round                            0x08000561   Thumb Code    30  depilogue.o(.text)
    _double_epilogue                         0x0800057f   Thumb Code   156  depilogue.o(.text)
    __aeabi_ddiv                             0x0800061b   Thumb Code   222  ddiv.o(.text)
    _dsqrt                                   0x080006f9   Thumb Code   162  dsqrt.o(.text)
    __scatterload                            0x0800079d   Thumb Code    28  init.o(.text)
    __scatterload_rt2                        0x0800079d   Thumb Code     0  init.o(.text)
    __aeabi_ui2d                             0x080007c1   Thumb Code    26  dfltui.o(.text)
    BusFault_Handler                         0x080007db   Thumb Code     2  stm32f3xx_it.o(i.BusFault_Handler)
    DebugMon_Handler                         0x080007dd   Thumb Code     2  stm32f3xx_it.o(i.DebugMon_Handler)
    Error_Handler                            0x080007e1   Thumb Code    22  main.o(i.Error_Handler)
    HAL_DMA_Abort_IT                         0x080007fd   Thumb Code    74  stm32f3xx_hal_dma.o(i.HAL_DMA_Abort_IT)
    HAL_Delay                                0x08000849   Thumb Code    32  stm32f3xx_hal.o(i.HAL_Delay)
    HAL_GPIO_Init                            0x0800086d   Thumb Code   358  stm32f3xx_hal_gpio.o(i.HAL_GPIO_Init)
    HAL_GPIO_TogglePin                       0x080009ed   Thumb Code    12  stm32f3xx_hal_gpio.o(i.HAL_GPIO_TogglePin)
    HAL_GPIO_WritePin                        0x080009f9   Thumb Code    10  stm32f3xx_hal_gpio.o(i.HAL_GPIO_WritePin)
    HAL_GetTick                              0x08000a05   Thumb Code     6  stm32f3xx_hal.o(i.HAL_GetTick)
    HAL_I2CEx_ConfigAnalogFilter             0x08000a11   Thumb Code    86  stm32f3xx_hal_i2c_ex.o(i.HAL_I2CEx_ConfigAnalogFilter)
    HAL_I2CEx_ConfigDigitalFilter            0x08000a67   Thumb Code    82  stm32f3xx_hal_i2c_ex.o(i.HAL_I2CEx_ConfigDigitalFilter)
    HAL_I2C_AbortCpltCallback                0x08000ab9   Thumb Code     2  stm32f3xx_hal_i2c.o(i.HAL_I2C_AbortCpltCallback)
    HAL_I2C_AddrCallback                     0x08000abb   Thumb Code     2  stm32f3xx_hal_i2c.o(i.HAL_I2C_AddrCallback)
    HAL_I2C_ER_IRQHandler                    0x08000abd   Thumb Code   104  stm32f3xx_hal_i2c.o(i.HAL_I2C_ER_IRQHandler)
    HAL_I2C_EV_IRQHandler                    0x08000b25   Thumb Code    16  stm32f3xx_hal_i2c.o(i.HAL_I2C_EV_IRQHandler)
    HAL_I2C_ErrorCallback                    0x08000b35   Thumb Code     2  stm32f3xx_hal_i2c.o(i.HAL_I2C_ErrorCallback)
    HAL_I2C_Init                             0x08000b39   Thumb Code   178  stm32f3xx_hal_i2c.o(i.HAL_I2C_Init)
    HAL_I2C_ListenCpltCallback               0x08000bf1   Thumb Code     2  stm32f3xx_hal_i2c.o(i.HAL_I2C_ListenCpltCallback)
    HAL_I2C_Mem_Read                         0x08000bf5   Thumb Code   346  stm32f3xx_hal_i2c.o(i.HAL_I2C_Mem_Read)
    HAL_I2C_Mem_Write                        0x08000d59   Thumb Code   340  stm32f3xx_hal_i2c.o(i.HAL_I2C_Mem_Write)
    HAL_I2C_MspInit                          0x08000eb1   Thumb Code   120  stm32f3xx_hal_msp.o(i.HAL_I2C_MspInit)
    HAL_I2C_SlaveRxCpltCallback              0x08000f35   Thumb Code     2  stm32f3xx_hal_i2c.o(i.HAL_I2C_SlaveRxCpltCallback)
    HAL_I2C_SlaveTxCpltCallback              0x08000f37   Thumb Code     2  stm32f3xx_hal_i2c.o(i.HAL_I2C_SlaveTxCpltCallback)
    HAL_IncTick                              0x08000f39   Thumb Code    12  stm32f3xx_hal.o(i.HAL_IncTick)
    HAL_Init                                 0x08000f49   Thumb Code    32  stm32f3xx_hal.o(i.HAL_Init)
    HAL_InitTick                             0x08000f6d   Thumb Code    54  stm32f3xx_hal.o(i.HAL_InitTick)
    HAL_MspInit                              0x08000fad   Thumb Code    38  stm32f3xx_hal_msp.o(i.HAL_MspInit)
    HAL_NVIC_EnableIRQ                       0x08000fd9   Thumb Code    26  stm32f3xx_hal_cortex.o(i.HAL_NVIC_EnableIRQ)
    HAL_NVIC_SetPriority                     0x08000ff5   Thumb Code    60  stm32f3xx_hal_cortex.o(i.HAL_NVIC_SetPriority)
    HAL_NVIC_SetPriorityGrouping             0x08001035   Thumb Code    26  stm32f3xx_hal_cortex.o(i.HAL_NVIC_SetPriorityGrouping)
    HAL_RCCEx_PeriphCLKConfig                0x08001059   Thumb Code   360  stm32f3xx_hal_rcc_ex.o(i.HAL_RCCEx_PeriphCLKConfig)
    HAL_RCC_ClockConfig                      0x080011cd   Thumb Code   308  stm32f3xx_hal_rcc.o(i.HAL_RCC_ClockConfig)
    HAL_RCC_GetSysClockFreq                  0x08001315   Thumb Code    92  stm32f3xx_hal_rcc.o(i.HAL_RCC_GetSysClockFreq)
    HAL_RCC_OscConfig                        0x08001381   Thumb Code  1480  stm32f3xx_hal_rcc.o(i.HAL_RCC_OscConfig)
    HAL_SPI_Init                             0x08001949   Thumb Code   172  stm32f3xx_hal_spi.o(i.HAL_SPI_Init)
    HAL_SPI_MspInit                          0x080019f5   Thumb Code    90  stm32f3xx_hal_msp.o(i.HAL_SPI_MspInit)
    HAL_SPI_Transmit                         0x08001a59   Thumb Code   382  stm32f3xx_hal_spi.o(i.HAL_SPI_Transmit)
    HAL_SYSTICK_Config                       0x08001bd7   Thumb Code    40  stm32f3xx_hal_cortex.o(i.HAL_SYSTICK_Config)
    HAL_TIMEx_Break2Callback                 0x08001bff   Thumb Code     2  stm32f3xx_hal_tim_ex.o(i.HAL_TIMEx_Break2Callback)
    HAL_TIMEx_BreakCallback                  0x08001c01   Thumb Code     2  stm32f3xx_hal_tim_ex.o(i.HAL_TIMEx_BreakCallback)
    HAL_TIMEx_CommutCallback                 0x08001c03   Thumb Code     2  stm32f3xx_hal_tim_ex.o(i.HAL_TIMEx_CommutCallback)
    HAL_TIMEx_MasterConfigSynchronization    0x08001c05   Thumb Code   104  stm32f3xx_hal_tim_ex.o(i.HAL_TIMEx_MasterConfigSynchronization)
    HAL_TIM_IC_CaptureCallback               0x08001c79   Thumb Code   388  main.o(i.HAL_TIM_IC_CaptureCallback)
    HAL_TIM_IC_ConfigChannel                 0x08001e05   Thumb Code   286  stm32f3xx_hal_tim.o(i.HAL_TIM_IC_ConfigChannel)
    HAL_TIM_IC_Init                          0x08001f23   Thumb Code    54  stm32f3xx_hal_tim.o(i.HAL_TIM_IC_Init)
    HAL_TIM_IC_MspInit                       0x08001f59   Thumb Code   202  stm32f3xx_hal_msp.o(i.HAL_TIM_IC_MspInit)
    HAL_TIM_IC_Start_IT                      0x0800202d   Thumb Code    92  stm32f3xx_hal_tim.o(i.HAL_TIM_IC_Start_IT)
    HAL_TIM_IRQHandler                       0x0800208d   Thumb Code   388  stm32f3xx_hal_tim.o(i.HAL_TIM_IRQHandler)
    HAL_TIM_OC_DelayElapsedCallback          0x08002211   Thumb Code     2  stm32f3xx_hal_tim.o(i.HAL_TIM_OC_DelayElapsedCallback)
    HAL_TIM_PWM_PulseFinishedCallback        0x08002213   Thumb Code     2  stm32f3xx_hal_tim.o(i.HAL_TIM_PWM_PulseFinishedCallback)
    HAL_TIM_PeriodElapsedCallback            0x08002215   Thumb Code     2  stm32f3xx_hal_tim.o(i.HAL_TIM_PeriodElapsedCallback)
    HAL_TIM_ReadCapturedValue                0x08002217   Thumb Code    42  stm32f3xx_hal_tim.o(i.HAL_TIM_ReadCapturedValue)
    HAL_TIM_TriggerCallback                  0x08002241   Thumb Code     2  stm32f3xx_hal_tim.o(i.HAL_TIM_TriggerCallback)
    HardFault_Handler                        0x08002243   Thumb Code     2  stm32f3xx_it.o(i.HardFault_Handler)
    I2C1_ER_IRQHandler                       0x08002245   Thumb Code     6  stm32f3xx_it.o(i.I2C1_ER_IRQHandler)
    I2C1_EV_IRQHandler                       0x08002251   Thumb Code     6  stm32f3xx_it.o(i.I2C1_EV_IRQHandler)
    MPU6050_Calibrate                        0x08002995   Thumb Code   102  mpu6050.o(i.MPU6050_Calibrate)
    MPU6050_Init                             0x08002a01   Thumb Code   138  mpu6050.o(i.MPU6050_Init)
    MPU6050_ReadAll                          0x08002a95   Thumb Code   154  mpu6050.o(i.MPU6050_ReadAll)
    MPU6050_ReadConvert_Pitch_Roll           0x08002b41   Thumb Code   628  mpu6050.o(i.MPU6050_ReadConvert_Pitch_Roll)
    MemManage_Handler                        0x08003015   Thumb Code     2  stm32f3xx_it.o(i.MemManage_Handler)
    NMI_Handler                              0x08003017   Thumb Code     2  stm32f3xx_it.o(i.NMI_Handler)
    PendSV_Handler                           0x08003019   Thumb Code     2  stm32f3xx_it.o(i.PendSV_Handler)
    SVC_Handler                              0x0800318d   Thumb Code     2  stm32f3xx_it.o(i.SVC_Handler)
    SysTick_Handler                          0x0800318f   Thumb Code     4  stm32f3xx_it.o(i.SysTick_Handler)
    SystemClock_Config                       0x08003193   Thumb Code   112  main.o(i.SystemClock_Config)
    SystemInit                               0x08003205   Thumb Code    22  system_stm32f3xx.o(i.SystemInit)
    TIM1_CC_IRQHandler                       0x08003221   Thumb Code     6  stm32f3xx_it.o(i.TIM1_CC_IRQHandler)
    TIM2_IRQHandler                          0x0800322d   Thumb Code     6  stm32f3xx_it.o(i.TIM2_IRQHandler)
    TIM_Base_SetConfig                       0x08003239   Thumb Code   114  stm32f3xx_hal_tim.o(i.TIM_Base_SetConfig)
    TIM_CCxChannelCmd                        0x080032c1   Thumb Code    26  stm32f3xx_hal_tim.o(i.TIM_CCxChannelCmd)
    TIM_TI1_SetConfig                        0x080032dd   Thumb Code    76  stm32f3xx_hal_tim.o(i.TIM_TI1_SetConfig)
    UsageFault_Handler                       0x0800336b   Thumb Code     2  stm32f3xx_it.o(i.UsageFault_Handler)
    __ARM_fpclassify                         0x0800336d   Thumb Code    48  fpclassify.o(i.__ARM_fpclassify)
    __hardfp_asin                            0x080033c1   Thumb Code   770  asin.o(i.__hardfp_asin)
    __hardfp_sin                             0x08003721   Thumb Code   180  sin.o(i.__hardfp_sin)
    __hardfp_sqrt                            0x080037e9   Thumb Code   122  sqrt.o(i.__hardfp_sqrt)
    __ieee754_rem_pio2                       0x08003869   Thumb Code   938  rred.o(i.__ieee754_rem_pio2)
    __kernel_cos                             0x08003ca1   Thumb Code   322  cos_i.o(i.__kernel_cos)
    __kernel_poly                            0x08003e11   Thumb Code   248  poly.o(i.__kernel_poly)
    __kernel_sin                             0x08003f09   Thumb Code   280  sin_i.o(i.__kernel_sin)
    __mathlib_dbl_infnan                     0x08004039   Thumb Code    20  dunder.o(i.__mathlib_dbl_infnan)
    __mathlib_dbl_invalid                    0x08004051   Thumb Code    24  dunder.o(i.__mathlib_dbl_invalid)
    __mathlib_dbl_underflow                  0x08004071   Thumb Code    24  dunder.o(i.__mathlib_dbl_underflow)
    __scatterload_copy                       0x08004091   Thumb Code    14  handlers.o(i.__scatterload_copy)
    __scatterload_null                       0x0800409f   Thumb Code     2  handlers.o(i.__scatterload_null)
    __scatterload_zeroinit                   0x080040a1   Thumb Code    14  handlers.o(i.__scatterload_zeroinit)
    __set_errno                              0x080040b1   Thumb Code     6  errno.o(i.__set_errno)
    check_parity                             0x080040bd   Thumb Code    52  motor_control.o(i.check_parity)
    duty_moteurs                             0x080040f1   Thumb Code   118  motor_control.o(i.duty_moteurs)
    fabs                                     0x08004171   Thumb Code    24  fabs.o(i.fabs)
    main                                     0x08004189   Thumb Code   306  main.o(i.main)
    sqrt                                     0x080042c5   Thumb Code   110  sqrt.o(i.sqrt)
    aPLLMULFactorTable                       0x08004394   Data          16  stm32f3xx_hal_rcc.o(.constdata)
    aPredivFactorTable                       0x080043a4   Data          16  stm32f3xx_hal_rcc.o(.constdata)
    AHBPrescTable                            0x080043b4   Data          16  system_stm32f3xx.o(.constdata)
    Region$$Table$$Base                      0x08004538   Number         0  anon$$obj.o(Region$$Table)
    Region$$Table$$Limit                     0x08004558   Number         0  anon$$obj.o(Region$$Table)
    set_gyro_angles                          0x20000000   Data           4  mpu6050.o(.data)
    spiTxBuf                                 0x20000004   Data           2  motor_control.o(.data)
    _status                                  0x20000008   Data           4  main.o(.data)
    uwTickFreq                               0x2000000c   Data           1  stm32f3xx_hal.o(.data)
    uwTickPrio                               0x20000010   Data           4  stm32f3xx_hal.o(.data)
    uwTick                                   0x20000014   Data           4  stm32f3xx_hal.o(.data)
    SystemCoreClock                          0x20000018   Data           4  system_stm32f3xx.o(.data)
    hi2c1                                    0x20000020   Data          76  main.o(.bss)
    hspi1                                    0x2000006c   Data         100  main.o(.bss)
    htim1                                    0x200000d0   Data          64  main.o(.bss)
    htim2                                    0x20000110   Data          64  main.o(.bss)
    MPU6050                                  0x20000150   Data          96  main.o(.bss)
    values                                   0x200001b0   Data          72  main.o(.bss)
    cmd                                      0x200001f8   Data          24  main.o(.bss)
    __initial_sp                             0x20000610   Data           0  startup_stm32f303x8.o(STACK)



==============================================================================

Memory Map of the image

  Image Entry point : 0x08000189

  Load Region LR_IROM1 (Base: 0x08000000, Size: 0x00004578, Max: 0x00010000, ABSOLUTE)

    Execution Region ER_IROM1 (Exec base: 0x08000000, Load base: 0x08000000, Size: 0x00004558, Max: 0x00010000, ABSOLUTE)

    Exec Addr    Load Addr    Size         Type   Attr      Idx    E Section Name        Object

    0x08000000   0x08000000   0x00000188   Data   RO            3    RESET               startup_stm32f303x8.o
    0x08000188   0x08000188   0x00000000   Code   RO         3339  * .ARM.Collect$$$$00000000  mc_w.l(entry.o)
    0x08000188   0x08000188   0x00000004   Code   RO         3400    .ARM.Collect$$$$00000001  mc_w.l(entry2.o)
    0x0800018c   0x0800018c   0x00000004   Code   RO         3403    .ARM.Collect$$$$00000004  mc_w.l(entry5.o)
    0x08000190   0x08000190   0x00000000   Code   RO         3405    .ARM.Collect$$$$00000008  mc_w.l(entry7b.o)
    0x08000190   0x08000190   0x00000000   Code   RO         3407    .ARM.Collect$$$$0000000A  mc_w.l(entry8b.o)
    0x08000190   0x08000190   0x00000008   Code   RO         3408    .ARM.Collect$$$$0000000B  mc_w.l(entry9a.o)
    0x08000198   0x08000198   0x00000000   Code   RO         3410    .ARM.Collect$$$$0000000D  mc_w.l(entry10a.o)
    0x08000198   0x08000198   0x00000000   Code   RO         3412    .ARM.Collect$$$$0000000F  mc_w.l(entry11a.o)
    0x08000198   0x08000198   0x00000004   Code   RO         3401    .ARM.Collect$$$$00002712  mc_w.l(entry2.o)
    0x0800019c   0x0800019c   0x00000024   Code   RO            4    .text               startup_stm32f303x8.o
    0x080001c0   0x080001c0   0x00000062   Code   RO         3342    .text               mc_w.l(uldiv.o)
    0x08000222   0x08000222   0x00000020   Code   RO         3344    .text               mc_w.l(llushr.o)
    0x08000242   0x08000242   0x00000024   Code   RO         3348    .text               mc_w.l(memseta.o)
    0x08000266   0x08000266   0x0000014e   Code   RO         3352    .text               mf_w.l(dadd.o)
    0x080003b4   0x080003b4   0x000000e4   Code   RO         3354    .text               mf_w.l(dmul.o)
    0x08000498   0x08000498   0x00000022   Code   RO         3356    .text               mf_w.l(dflti.o)
    0x080004ba   0x080004ba   0x0000003e   Code   RO         3358    .text               mf_w.l(dfixi.o)
    0x080004f8   0x080004f8   0x00000026   Code   RO         3360    .text               mf_w.l(f2d.o)
    0x0800051e   0x0800051e   0x0000001e   Code   RO         3414    .text               mc_w.l(llshl.o)
    0x0800053c   0x0800053c   0x00000024   Code   RO         3416    .text               mc_w.l(llsshr.o)
    0x08000560   0x08000560   0x00000000   Code   RO         3425    .text               mc_w.l(iusefp.o)
    0x08000560   0x08000560   0x000000ba   Code   RO         3426    .text               mf_w.l(depilogue.o)
    0x0800061a   0x0800061a   0x000000de   Code   RO         3428    .text               mf_w.l(ddiv.o)
    0x080006f8   0x080006f8   0x000000a2   Code   RO         3432    .text               mf_w.l(dsqrt.o)
    0x0800079a   0x0800079a   0x00000002   PAD
    0x0800079c   0x0800079c   0x00000024   Code   RO         3436    .text               mc_w.l(init.o)
    0x080007c0   0x080007c0   0x0000001a   Code   RO         3438    .text               mf_w.l(dfltui.o)
    0x080007da   0x080007da   0x00000002   Code   RO          280    i.BusFault_Handler  stm32f3xx_it.o
    0x080007dc   0x080007dc   0x00000002   Code   RO          281    i.DebugMon_Handler  stm32f3xx_it.o
    0x080007de   0x080007de   0x00000002   PAD
    0x080007e0   0x080007e0   0x0000001c   Code   RO          204    i.Error_Handler     main.o
    0x080007fc   0x080007fc   0x0000004a   Code   RO         1341    i.HAL_DMA_Abort_IT  stm32f3xx_hal_dma.o
    0x08000846   0x08000846   0x00000002   PAD
    0x08000848   0x08000848   0x00000024   Code   RO          958    i.HAL_Delay         stm32f3xx_hal.o
    0x0800086c   0x0800086c   0x00000180   Code   RO         1275    i.HAL_GPIO_Init     stm32f3xx_hal_gpio.o
    0x080009ec   0x080009ec   0x0000000c   Code   RO         1278    i.HAL_GPIO_TogglePin  stm32f3xx_hal_gpio.o
    0x080009f8   0x080009f8   0x0000000a   Code   RO         1279    i.HAL_GPIO_WritePin  stm32f3xx_hal_gpio.o
    0x08000a02   0x08000a02   0x00000002   PAD
    0x08000a04   0x08000a04   0x0000000c   Code   RO          962    i.HAL_GetTick       stm32f3xx_hal.o
    0x08000a10   0x08000a10   0x00000056   Code   RO          897    i.HAL_I2CEx_ConfigAnalogFilter  stm32f3xx_hal_i2c_ex.o
    0x08000a66   0x08000a66   0x00000052   Code   RO          898    i.HAL_I2CEx_ConfigDigitalFilter  stm32f3xx_hal_i2c_ex.o
    0x08000ab8   0x08000ab8   0x00000002   Code   RO          440    i.HAL_I2C_AbortCpltCallback  stm32f3xx_hal_i2c.o
    0x08000aba   0x08000aba   0x00000002   Code   RO          441    i.HAL_I2C_AddrCallback  stm32f3xx_hal_i2c.o
    0x08000abc   0x08000abc   0x00000068   Code   RO          444    i.HAL_I2C_ER_IRQHandler  stm32f3xx_hal_i2c.o
    0x08000b24   0x08000b24   0x00000010   Code   RO          445    i.HAL_I2C_EV_IRQHandler  stm32f3xx_hal_i2c.o
    0x08000b34   0x08000b34   0x00000002   Code   RO          447    i.HAL_I2C_ErrorCallback  stm32f3xx_hal_i2c.o
    0x08000b36   0x08000b36   0x00000002   PAD
    0x08000b38   0x08000b38   0x000000b8   Code   RO          451    i.HAL_I2C_Init      stm32f3xx_hal_i2c.o
    0x08000bf0   0x08000bf0   0x00000002   Code   RO          453    i.HAL_I2C_ListenCpltCallback  stm32f3xx_hal_i2c.o
    0x08000bf2   0x08000bf2   0x00000002   PAD
    0x08000bf4   0x08000bf4   0x00000164   Code   RO          469    i.HAL_I2C_Mem_Read  stm32f3xx_hal_i2c.o
    0x08000d58   0x08000d58   0x00000158   Code   RO          472    i.HAL_I2C_Mem_Write  stm32f3xx_hal_i2c.o
    0x08000eb0   0x08000eb0   0x00000084   Code   RO          381    i.HAL_I2C_MspInit   stm32f3xx_hal_msp.o
    0x08000f34   0x08000f34   0x00000002   Code   RO          477    i.HAL_I2C_SlaveRxCpltCallback  stm32f3xx_hal_i2c.o
    0x08000f36   0x08000f36   0x00000002   Code   RO          478    i.HAL_I2C_SlaveTxCpltCallback  stm32f3xx_hal_i2c.o
    0x08000f38   0x08000f38   0x00000010   Code   RO          968    i.HAL_IncTick       stm32f3xx_hal.o
    0x08000f48   0x08000f48   0x00000024   Code   RO          969    i.HAL_Init          stm32f3xx_hal.o
    0x08000f6c   0x08000f6c   0x00000040   Code   RO          970    i.HAL_InitTick      stm32f3xx_hal.o
    0x08000fac   0x08000fac   0x0000002c   Code   RO          382    i.HAL_MspInit       stm32f3xx_hal_msp.o
    0x08000fd8   0x08000fd8   0x0000001a   Code   RO         1440    i.HAL_NVIC_EnableIRQ  stm32f3xx_hal_cortex.o
    0x08000ff2   0x08000ff2   0x00000002   PAD
    0x08000ff4   0x08000ff4   0x00000040   Code   RO         1446    i.HAL_NVIC_SetPriority  stm32f3xx_hal_cortex.o
    0x08001034   0x08001034   0x00000024   Code   RO         1447    i.HAL_NVIC_SetPriorityGrouping  stm32f3xx_hal_cortex.o
    0x08001058   0x08001058   0x00000174   Code   RO         1232    i.HAL_RCCEx_PeriphCLKConfig  stm32f3xx_hal_rcc_ex.o
    0x080011cc   0x080011cc   0x00000148   Code   RO         1126    i.HAL_RCC_ClockConfig  stm32f3xx_hal_rcc.o
    0x08001314   0x08001314   0x0000006c   Code   RO         1135    i.HAL_RCC_GetSysClockFreq  stm32f3xx_hal_rcc.o
    0x08001380   0x08001380   0x000005c8   Code   RO         1138    i.HAL_RCC_OscConfig  stm32f3xx_hal_rcc.o
    0x08001948   0x08001948   0x000000ac   Code   RO         1964    i.HAL_SPI_Init      stm32f3xx_hal_spi.o
    0x080019f4   0x080019f4   0x00000064   Code   RO          384    i.HAL_SPI_MspInit   stm32f3xx_hal_msp.o
    0x08001a58   0x08001a58   0x0000017e   Code   RO         1972    i.HAL_SPI_Transmit  stm32f3xx_hal_spi.o
    0x08001bd6   0x08001bd6   0x00000028   Code   RO         1451    i.HAL_SYSTICK_Config  stm32f3xx_hal_cortex.o
    0x08001bfe   0x08001bfe   0x00000002   Code   RO         3003    i.HAL_TIMEx_Break2Callback  stm32f3xx_hal_tim_ex.o
    0x08001c00   0x08001c00   0x00000002   Code   RO         3004    i.HAL_TIMEx_BreakCallback  stm32f3xx_hal_tim_ex.o
    0x08001c02   0x08001c02   0x00000002   Code   RO         3005    i.HAL_TIMEx_CommutCallback  stm32f3xx_hal_tim_ex.o
    0x08001c04   0x08001c04   0x00000074   Code   RO         3023    i.HAL_TIMEx_MasterConfigSynchronization  stm32f3xx_hal_tim_ex.o
    0x08001c78   0x08001c78   0x0000018c   Code   RO          205    i.HAL_TIM_IC_CaptureCallback  main.o
    0x08001e04   0x08001e04   0x0000011e   Code   RO         2339    i.HAL_TIM_IC_ConfigChannel  stm32f3xx_hal_tim.o
    0x08001f22   0x08001f22   0x00000036   Code   RO         2342    i.HAL_TIM_IC_Init   stm32f3xx_hal_tim.o
    0x08001f58   0x08001f58   0x000000d4   Code   RO          386    i.HAL_TIM_IC_MspInit  stm32f3xx_hal_msp.o
    0x0800202c   0x0800202c   0x00000060   Code   RO         2347    i.HAL_TIM_IC_Start_IT  stm32f3xx_hal_tim.o
    0x0800208c   0x0800208c   0x00000184   Code   RO         2351    i.HAL_TIM_IRQHandler  stm32f3xx_hal_tim.o
    0x08002210   0x08002210   0x00000002   Code   RO         2354    i.HAL_TIM_OC_DelayElapsedCallback  stm32f3xx_hal_tim.o
    0x08002212   0x08002212   0x00000002   Code   RO         2381    i.HAL_TIM_PWM_PulseFinishedCallback  stm32f3xx_hal_tim.o
    0x08002214   0x08002214   0x00000002   Code   RO         2389    i.HAL_TIM_PeriodElapsedCallback  stm32f3xx_hal_tim.o
    0x08002216   0x08002216   0x0000002a   Code   RO         2391    i.HAL_TIM_ReadCapturedValue  stm32f3xx_hal_tim.o
    0x08002240   0x08002240   0x00000002   Code   RO         2394    i.HAL_TIM_TriggerCallback  stm32f3xx_hal_tim.o
    0x08002242   0x08002242   0x00000002   Code   RO          282    i.HardFault_Handler  stm32f3xx_it.o
    0x08002244   0x08002244   0x0000000c   Code   RO          283    i.I2C1_ER_IRQHandler  stm32f3xx_it.o
    0x08002250   0x08002250   0x0000000c   Code   RO          284    i.I2C1_EV_IRQHandler  stm32f3xx_it.o
    0x0800225c   0x0800225c   0x00000028   Code   RO          490    i.I2C_DMAAbort      stm32f3xx_hal_i2c.o
    0x08002284   0x08002284   0x00000054   Code   RO          496    i.I2C_Disable_IRQ   stm32f3xx_hal_i2c.o
    0x080022d8   0x080022d8   0x00000022   Code   RO          498    i.I2C_Flush_TXDR    stm32f3xx_hal_i2c.o
    0x080022fa   0x080022fa   0x00000088   Code   RO          499    i.I2C_ITAddrCplt    stm32f3xx_hal_i2c.o
    0x08002382   0x08002382   0x00000002   PAD
    0x08002384   0x08002384   0x000000e0   Code   RO          500    i.I2C_ITError       stm32f3xx_hal_i2c.o
    0x08002464   0x08002464   0x00000060   Code   RO          501    i.I2C_ITListenCplt  stm32f3xx_hal_i2c.o
    0x080024c4   0x080024c4   0x000000f0   Code   RO          504    i.I2C_ITSlaveCplt   stm32f3xx_hal_i2c.o
    0x080025b4   0x080025b4   0x00000054   Code   RO          505    i.I2C_ITSlaveSeqCplt  stm32f3xx_hal_i2c.o
    0x08002608   0x08002608   0x00000084   Code   RO          506    i.I2C_IsAcknowledgeFailed  stm32f3xx_hal_i2c.o
    0x0800268c   0x0800268c   0x00000064   Code   RO          509    i.I2C_RequestMemoryRead  stm32f3xx_hal_i2c.o
    0x080026f0   0x080026f0   0x00000064   Code   RO          510    i.I2C_RequestMemoryWrite  stm32f3xx_hal_i2c.o
    0x08002754   0x08002754   0x00000120   Code   RO          512    i.I2C_Slave_ISR_IT  stm32f3xx_hal_i2c.o
    0x08002874   0x08002874   0x0000002c   Code   RO          513    i.I2C_TransferConfig  stm32f3xx_hal_i2c.o
    0x080028a0   0x080028a0   0x00000058   Code   RO          514    i.I2C_WaitOnFlagUntilTimeout  stm32f3xx_hal_i2c.o
    0x080028f8   0x080028f8   0x0000004c   Code   RO          516    i.I2C_WaitOnSTOPFlagUntilTimeout  stm32f3xx_hal_i2c.o
    0x08002944   0x08002944   0x00000050   Code   RO          517    i.I2C_WaitOnTXISFlagUntilTimeout  stm32f3xx_hal_i2c.o
    0x08002994   0x08002994   0x0000006c   Code   RO           13    i.MPU6050_Calibrate  mpu6050.o
    0x08002a00   0x08002a00   0x00000094   Code   RO           14    i.MPU6050_Init      mpu6050.o
    0x08002a94   0x08002a94   0x000000ac   Code   RO           15    i.MPU6050_ReadAll   mpu6050.o
    0x08002b40   0x08002b40   0x000002bc   Code   RO           16    i.MPU6050_ReadConvert_Pitch_Roll  mpu6050.o
    0x08002dfc   0x08002dfc   0x0000007c   Code   RO          206    i.MX_GPIO_Init      main.o
    0x08002e78   0x08002e78   0x0000004c   Code   RO          207    i.MX_I2C1_Init      main.o
    0x08002ec4   0x08002ec4   0x0000004c   Code   RO          208    i.MX_SPI1_Init      main.o
    0x08002f10   0x08002f10   0x00000090   Code   RO          209    i.MX_TIM1_Init      main.o
    0x08002fa0   0x08002fa0   0x00000074   Code   RO          210    i.MX_TIM2_Init      main.o
    0x08003014   0x08003014   0x00000002   Code   RO          285    i.MemManage_Handler  stm32f3xx_it.o
    0x08003016   0x08003016   0x00000002   Code   RO          286    i.NMI_Handler       stm32f3xx_it.o
    0x08003018   0x08003018   0x00000002   Code   RO          287    i.PendSV_Handler    stm32f3xx_it.o
    0x0800301a   0x0800301a   0x00000048   Code   RO         2002    i.SPI_EndRxTxTransaction  stm32f3xx_hal_spi.o
    0x08003062   0x08003062   0x00000096   Code   RO         2007    i.SPI_WaitFifoStateUntilTimeout  stm32f3xx_hal_spi.o
    0x080030f8   0x080030f8   0x00000094   Code   RO         2008    i.SPI_WaitFlagStateUntilTimeout  stm32f3xx_hal_spi.o
    0x0800318c   0x0800318c   0x00000002   Code   RO          288    i.SVC_Handler       stm32f3xx_it.o
    0x0800318e   0x0800318e   0x00000004   Code   RO          289    i.SysTick_Handler   stm32f3xx_it.o
    0x08003192   0x08003192   0x00000070   Code   RO          211    i.SystemClock_Config  main.o
    0x08003202   0x08003202   0x00000002   PAD
    0x08003204   0x08003204   0x0000001c   Code   RO         3267    i.SystemInit        system_stm32f3xx.o
    0x08003220   0x08003220   0x0000000c   Code   RO          290    i.TIM1_CC_IRQHandler  stm32f3xx_it.o
    0x0800322c   0x0800322c   0x0000000c   Code   RO          291    i.TIM2_IRQHandler   stm32f3xx_it.o
    0x08003238   0x08003238   0x00000088   Code   RO         2396    i.TIM_Base_SetConfig  stm32f3xx_hal_tim.o
    0x080032c0   0x080032c0   0x0000001a   Code   RO         2397    i.TIM_CCxChannelCmd  stm32f3xx_hal_tim.o
    0x080032da   0x080032da   0x00000002   PAD
    0x080032dc   0x080032dc   0x00000058   Code   RO         2417    i.TIM_TI1_SetConfig  stm32f3xx_hal_tim.o
    0x08003334   0x08003334   0x00000036   Code   RO         2419    i.TIM_TI2_SetConfig  stm32f3xx_hal_tim.o
    0x0800336a   0x0800336a   0x00000002   Code   RO          292    i.UsageFault_Handler  stm32f3xx_it.o
    0x0800336c   0x0800336c   0x00000030   Code   RO         3385    i.__ARM_fpclassify  m_wm.l(fpclassify.o)
    0x0800339c   0x0800339c   0x00000020   Code   RO         1453    i.__NVIC_SetPriority  stm32f3xx_hal_cortex.o
    0x080033bc   0x080033bc   0x00000004   PAD
    0x080033c0   0x080033c0   0x00000360   Code   RO         3301    i.__hardfp_asin     m_wm.l(asin.o)
    0x08003720   0x08003720   0x000000c8   Code   RO         3315    i.__hardfp_sin      m_wm.l(sin.o)
    0x080037e8   0x080037e8   0x0000007a   Code   RO         3327    i.__hardfp_sqrt     m_wm.l(sqrt.o)
    0x08003862   0x08003862   0x00000006   PAD
    0x08003868   0x08003868   0x00000438   Code   RO         3389    i.__ieee754_rem_pio2  m_wm.l(rred.o)
    0x08003ca0   0x08003ca0   0x00000170   Code   RO         3362    i.__kernel_cos      m_wm.l(cos_i.o)
    0x08003e10   0x08003e10   0x000000f8   Code   RO         3387    i.__kernel_poly     m_wm.l(poly.o)
    0x08003f08   0x08003f08   0x00000130   Code   RO         3394    i.__kernel_sin      m_wm.l(sin_i.o)
    0x08004038   0x08004038   0x00000014   Code   RO         3366    i.__mathlib_dbl_infnan  m_wm.l(dunder.o)
    0x0800404c   0x0800404c   0x00000004   PAD
    0x08004050   0x08004050   0x00000020   Code   RO         3368    i.__mathlib_dbl_invalid  m_wm.l(dunder.o)
    0x08004070   0x08004070   0x00000020   Code   RO         3371    i.__mathlib_dbl_underflow  m_wm.l(dunder.o)
    0x08004090   0x08004090   0x0000000e   Code   RO         3442    i.__scatterload_copy  mc_w.l(handlers.o)
    0x0800409e   0x0800409e   0x00000002   Code   RO         3443    i.__scatterload_null  mc_w.l(handlers.o)
    0x080040a0   0x080040a0   0x0000000e   Code   RO         3444    i.__scatterload_zeroinit  mc_w.l(handlers.o)
    0x080040ae   0x080040ae   0x00000002   PAD
    0x080040b0   0x080040b0   0x0000000c   Code   RO         3420    i.__set_errno       mc_w.l(errno.o)
    0x080040bc   0x080040bc   0x00000034   Code   RO          167    i.check_parity      motor_control.o
    0x080040f0   0x080040f0   0x00000080   Code   RO          168    i.duty_moteurs      motor_control.o
    0x08004170   0x08004170   0x00000018   Code   RO         3381    i.fabs              m_wm.l(fabs.o)
    0x08004188   0x08004188   0x0000013c   Code   RO          212    i.main              main.o
    0x080042c4   0x080042c4   0x0000006e   Code   RO         3329    i.sqrt              m_wm.l(sqrt.o)
    0x08004332   0x08004332   0x00000002   PAD
    0x08004334   0x08004334   0x00000060   Code   RO          213    i.toggle_led        main.o
    0x08004394   0x08004394   0x00000020   Data   RO         1139    .constdata          stm32f3xx_hal_rcc.o
    0x080043b4   0x080043b4   0x00000010   Data   RO         3268    .constdata          system_stm32f3xx.o
    0x080043c4   0x080043c4   0x00000004   PAD
    0x080043c8   0x080043c8   0x00000050   Data   RO         3304    .constdata          m_wm.l(asin.o)
    0x08004418   0x08004418   0x00000030   Data   RO         3363    .constdata          m_wm.l(cos_i.o)
    0x08004448   0x08004448   0x000000c8   Data   RO         3391    .constdata          m_wm.l(rred.o)
    0x08004510   0x08004510   0x00000028   Data   RO         3395    .constdata          m_wm.l(sin_i.o)
    0x08004538   0x08004538   0x00000020   Data   RO         3440    Region$$Table       anon$$obj.o


    Execution Region RW_IRAM1 (Exec base: 0x20000000, Load base: 0x08004558, Size: 0x00000610, Max: 0x00003000, ABSOLUTE)

    Exec Addr    Load Addr    Size         Type   Attr      Idx    E Section Name        Object

    0x20000000   0x08004558   0x00000004   Data   RW           17    .data               mpu6050.o
    0x20000004   0x0800455c   0x00000002   Data   RW          169    .data               motor_control.o
    0x20000006   0x0800455e   0x00000002   PAD
    0x20000008   0x08004560   0x00000004   Data   RW          215    .data               main.o
    0x2000000c   0x08004564   0x0000000c   Data   RW          976    .data               stm32f3xx_hal.o
    0x20000018   0x08004570   0x00000004   Data   RW         3270    .data               system_stm32f3xx.o
    0x2000001c   0x08004574   0x00000004   Data   RW         3421    .data               mc_w.l(errno.o)
    0x20000020        -       0x000001f0   Zero   RW          214    .bss                main.o
    0x20000210        -       0x00000400   Zero   RW            1    STACK               startup_stm32f303x8.o


==============================================================================

Image component sizes


      Code (inc. data)   RO Data    RW Data    ZI Data      Debug   Object Name

      1484         72          0          4        496       7138   main.o
       180         10          0          2          0       2381   motor_control.o
      1128        106          0          4          0     519918   mpu6050.o
        36          8        392          0       1024        844   startup_stm32f303x8.o
       164         28          0         12          0      14613   stm32f3xx_hal.o
       198         14          0          0          0      32311   stm32f3xx_hal_cortex.o
        74          0          0          0          0       1143   stm32f3xx_hal_dma.o
       406         26          0          0          0       3033   stm32f3xx_hal_gpio.o
      2862         72          0          0          0      23302   stm32f3xx_hal_i2c.o
       168          0          0          0          0       1947   stm32f3xx_hal_i2c_ex.o
       488         38          0          0          0       3191   stm32f3xx_hal_msp.o
      1916         48         32          0          0       4674   stm32f3xx_hal_rcc.o
       372         12          0          0          0       1480   stm32f3xx_hal_rcc_ex.o
       924          0          0          0          0       5518   stm32f3xx_hal_spi.o
      1178         38          0          0          0      11051   stm32f3xx_hal_tim.o
       122         12          0          0          0       3108   stm32f3xx_hal_tim_ex.o
        68         24          0          0          0       6051   stm32f3xx_it.o
        28          6         16          4          0       1155   system_stm32f3xx.o

    ----------------------------------------------------------------------
     11818        514        476         28       1520     642858   Object Totals
         0          0         32          0          0          0   (incl. Generated)
        22          0          4          2          0          0   (incl. Padding)

    ----------------------------------------------------------------------

      Code (inc. data)   RO Data    RW Data    ZI Data      Debug   Library Member Name

       864         94         80          0          0        280   asin.o
       368         46         48          0          0        200   cos_i.o
        84         16          0          0          0        372   dunder.o
        24          0          0          0          0        124   fabs.o
        48          0          0          0          0        124   fpclassify.o
       248          0          0          0          0        152   poly.o
      1080        142        200          0          0        188   rred.o
       200         20          0          0          0        164   sin.o
       304         24         40          0          0        208   sin_i.o
       232          0          0          0          0        296   sqrt.o
         0          0          0          0          0          0   entry.o
         0          0          0          0          0          0   entry10a.o
         0          0          0          0          0          0   entry11a.o
         8          4          0          0          0          0   entry2.o
         4          0          0          0          0          0   entry5.o
         0          0          0          0          0          0   entry7b.o
         0          0          0          0          0          0   entry8b.o
         8          4          0          0          0          0   entry9a.o
        12          6          0          4          0         68   errno.o
        30          0          0          0          0          0   handlers.o
        36          8          0          0          0         68   init.o
         0          0          0          0          0          0   iusefp.o
        30          0          0          0          0         68   llshl.o
        36          0          0          0          0         68   llsshr.o
        32          0          0          0          0         68   llushr.o
        36          0          0          0          0        108   memseta.o
        98          0          0          0          0         92   uldiv.o
       334          0          0          0          0        148   dadd.o
       222          0          0          0          0        100   ddiv.o
       186          0          0          0          0        176   depilogue.o
        62          0          0          0          0         80   dfixi.o
        34          0          0          0          0         76   dflti.o
        26          0          0          0          0         76   dfltui.o
       228          0          0          0          0         96   dmul.o
       162          0          0          0          0        100   dsqrt.o
        38          0          0          0          0         68   f2d.o

    ----------------------------------------------------------------------
      5090        364        368          4          0       3568   Library Totals
        16          0          0          0          0          0   (incl. Padding)

    ----------------------------------------------------------------------

      Code (inc. data)   RO Data    RW Data    ZI Data      Debug   Library Name

      3452        342        368          0          0       2108   m_wm.l
       330         22          0          4          0        540   mc_w.l
      1292          0          0          0          0        920   mf_w.l

    ----------------------------------------------------------------------
      5090        364        368          4          0       3568   Library Totals

    ----------------------------------------------------------------------

==============================================================================


      Code (inc. data)   RO Data    RW Data    ZI Data      Debug   

     16908        878        844         32       1520     635106   Grand Totals
     16908        878        844         32       1520     635106   ELF Image Totals
     16908        878        844         32          0          0   ROM Totals

==============================================================================

    Total RO  Size (Code + RO Data)                17752 (  17.34kB)
    Total RW  Size (RW Data + ZI Data)              1552 (   1.52kB)
    Total ROM Size (Code + RO Data + RW Data)      17784 (  17.37kB)

==============================================================================

