Component: ARM Compiler 5.06 update 6 (build 750) Tool: armlink [4d35ed]

==============================================================================

Section Cross References

    startup_stm32f303x8.o(RESET) refers to startup_stm32f303x8.o(STACK) for __initial_sp
    startup_stm32f303x8.o(RESET) refers to startup_stm32f303x8.o(.text) for Reset_Handler
    startup_stm32f303x8.o(RESET) refers to stm32f3xx_it.o(i.NMI_Handler) for NMI_Handler
    startup_stm32f303x8.o(RESET) refers to stm32f3xx_it.o(i.HardFault_Handler) for HardFault_Handler
    startup_stm32f303x8.o(RESET) refers to stm32f3xx_it.o(i.MemManage_Handler) for MemManage_Handler
    startup_stm32f303x8.o(RESET) refers to stm32f3xx_it.o(i.BusFault_Handler) for BusFault_Handler
    startup_stm32f303x8.o(RESET) refers to stm32f3xx_it.o(i.UsageFault_Handler) for UsageFault_Handler
    startup_stm32f303x8.o(RESET) refers to stm32f3xx_it.o(i.SVC_Handler) for SVC_Handler
    startup_stm32f303x8.o(RESET) refers to stm32f3xx_it.o(i.DebugMon_Handler) for DebugMon_Handler
    startup_stm32f303x8.o(RESET) refers to stm32f3xx_it.o(i.PendSV_Handler) for PendSV_Handler
    startup_stm32f303x8.o(RESET) refers to stm32f3xx_it.o(i.SysTick_Handler) for SysTick_Handler
    startup_stm32f303x8.o(.text) refers to system_stm32f3xx.o(i.SystemInit) for SystemInit
    startup_stm32f303x8.o(.text) refers to entry.o(.ARM.Collect$$$$00000000) for __main
    tm_stm32_mpu6050.o(i.TM_MPU6050_Init) refers to stm32f3xx_hal_i2c.o(i.HAL_I2C_Mem_Read) for HAL_I2C_Mem_Read
    tm_stm32_mpu6050.o(i.TM_MPU6050_Init) refers to stm32f3xx_hal_i2c.o(i.HAL_I2C_Mem_Write) for HAL_I2C_Mem_Write
    tm_stm32_mpu6050.o(i.TM_MPU6050_Init) refers to tm_stm32_mpu6050.o(i.TM_MPU6050_SetDataRate) for TM_MPU6050_SetDataRate
    tm_stm32_mpu6050.o(i.TM_MPU6050_Init) refers to tm_stm32_mpu6050.o(i.TM_MPU6050_SetAccelerometer) for TM_MPU6050_SetAccelerometer
    tm_stm32_mpu6050.o(i.TM_MPU6050_Init) refers to tm_stm32_mpu6050.o(i.TM_MPU6050_SetGyroscope) for TM_MPU6050_SetGyroscope
    tm_stm32_mpu6050.o(i.TM_MPU6050_Init) refers to tm_stm32_mpu6050.o(.data) for .data
    tm_stm32_mpu6050.o(i.TM_MPU6050_Init) refers to i2c.o(.bss) for hi2c1
    tm_stm32_mpu6050.o(i.TM_MPU6050_ReadAccelerometer) refers to stm32f3xx_hal_i2c.o(i.HAL_I2C_Mem_Read) for HAL_I2C_Mem_Read
    tm_stm32_mpu6050.o(i.TM_MPU6050_ReadAccelerometer) refers to i2c.o(.bss) for hi2c1
    tm_stm32_mpu6050.o(i.TM_MPU6050_ReadAll) refers to stm32f3xx_hal_i2c.o(i.HAL_I2C_Mem_Read) for HAL_I2C_Mem_Read
    tm_stm32_mpu6050.o(i.TM_MPU6050_ReadAll) refers to i2c.o(.bss) for hi2c1
    tm_stm32_mpu6050.o(i.TM_MPU6050_ReadGyroscope) refers to stm32f3xx_hal_i2c.o(i.HAL_I2C_Mem_Read) for HAL_I2C_Mem_Read
    tm_stm32_mpu6050.o(i.TM_MPU6050_ReadGyroscope) refers to i2c.o(.bss) for hi2c1
    tm_stm32_mpu6050.o(i.TM_MPU6050_ReadTemperature) refers to stm32f3xx_hal_i2c.o(i.HAL_I2C_Mem_Read) for HAL_I2C_Mem_Read
    tm_stm32_mpu6050.o(i.TM_MPU6050_ReadTemperature) refers to i2c.o(.bss) for hi2c1
    tm_stm32_mpu6050.o(i.TM_MPU6050_SetAccelerometer) refers to stm32f3xx_hal_i2c.o(i.HAL_I2C_Mem_Read) for HAL_I2C_Mem_Read
    tm_stm32_mpu6050.o(i.TM_MPU6050_SetAccelerometer) refers to stm32f3xx_hal_i2c.o(i.HAL_I2C_Mem_Write) for HAL_I2C_Mem_Write
    tm_stm32_mpu6050.o(i.TM_MPU6050_SetAccelerometer) refers to i2c.o(.bss) for hi2c1
    tm_stm32_mpu6050.o(i.TM_MPU6050_SetDataRate) refers to stm32f3xx_hal_i2c.o(i.HAL_I2C_Mem_Write) for HAL_I2C_Mem_Write
    tm_stm32_mpu6050.o(i.TM_MPU6050_SetDataRate) refers to i2c.o(.bss) for hi2c1
    tm_stm32_mpu6050.o(i.TM_MPU6050_SetGyroscope) refers to stm32f3xx_hal_i2c.o(i.HAL_I2C_Mem_Read) for HAL_I2C_Mem_Read
    tm_stm32_mpu6050.o(i.TM_MPU6050_SetGyroscope) refers to stm32f3xx_hal_i2c.o(i.HAL_I2C_Mem_Write) for HAL_I2C_Mem_Write
    tm_stm32_mpu6050.o(i.TM_MPU6050_SetGyroscope) refers to i2c.o(.bss) for hi2c1
    main.o(i.SystemClock_Config) refers to memseta.o(.text) for __aeabi_memclr4
    main.o(i.SystemClock_Config) refers to stm32f3xx_hal_rcc.o(i.HAL_RCC_OscConfig) for HAL_RCC_OscConfig
    main.o(i.SystemClock_Config) refers to stm32f3xx_hal_rcc.o(i.HAL_RCC_ClockConfig) for HAL_RCC_ClockConfig
    main.o(i.SystemClock_Config) refers to stm32f3xx_hal_rcc_ex.o(i.HAL_RCCEx_PeriphCLKConfig) for HAL_RCCEx_PeriphCLKConfig
    main.o(i.main) refers to stm32f3xx_hal.o(i.HAL_Init) for HAL_Init
    main.o(i.main) refers to main.o(i.SystemClock_Config) for SystemClock_Config
    main.o(i.main) refers to gpio.o(i.MX_GPIO_Init) for MX_GPIO_Init
    main.o(i.main) refers to i2c.o(i.MX_I2C1_Init) for MX_I2C1_Init
    main.o(i.main) refers to tm_stm32_mpu6050.o(i.TM_MPU6050_Init) for TM_MPU6050_Init
    main.o(i.main) refers to tm_stm32_mpu6050.o(i.TM_MPU6050_ReadAll) for TM_MPU6050_ReadAll
    main.o(i.main) refers to main.o(.bss) for .bss
    i2c.o(i.HAL_I2C_MspDeInit) refers to stm32f3xx_hal_gpio.o(i.HAL_GPIO_DeInit) for HAL_GPIO_DeInit
[...]
    stm32f3xx_hal_i2c.o(i.HAL_I2C_Mem_Write_DMA) refers to stm32f3xx_hal.o(i.HAL_GetTick) for HAL_GetTick
    stm32f3xx_hal_i2c.o(i.HAL_I2C_Mem_Write_DMA) refers to stm32f3xx_hal_i2c.o(i.I2C_RequestMemoryWrite) for I2C_RequestMemoryWrite
    stm32f3xx_hal_i2c.o(i.HAL_I2C_Mem_Write_DMA) refers to stm32f3xx_hal_dma.o(i.HAL_DMA_Start_IT) for HAL_DMA_Start_IT
    stm32f3xx_hal_i2c.o(i.HAL_I2C_Mem_Write_DMA) refers to stm32f3xx_hal_i2c.o(i.I2C_TransferConfig) for I2C_TransferConfig
    stm32f3xx_hal_i2c.o(i.HAL_I2C_Mem_Write_DMA) refers to stm32f3xx_hal_i2c.o(i.I2C_Enable_IRQ) for I2C_Enable_IRQ
    stm32f3xx_hal_i2c.o(i.HAL_I2C_Mem_Write_DMA) refers to stm32f3xx_hal_i2c.o(i.I2C_Master_ISR_DMA) for I2C_Master_ISR_DMA
    stm32f3xx_hal_i2c.o(i.HAL_I2C_Mem_Write_DMA) refers to stm32f3xx_hal_i2c.o(i.I2C_DMAMasterTransmitCplt) for I2C_DMAMasterTransmitCplt
    stm32f3xx_hal_i2c.o(i.HAL_I2C_Mem_Write_DMA) refers to stm32f3xx_hal_i2c.o(i.I2C_DMAError) for I2C_DMAError
    stm32f3xx_hal_i2c.o(i.HAL_I2C_Mem_Write_IT) refers to stm32f3xx_hal.o(i.HAL_GetTick) for HAL_GetTick
    stm32f3xx_hal_i2c.o(i.HAL_I2C_Mem_Write_IT) refers to stm32f3xx_hal_i2c.o(i.I2C_RequestMemoryWrite) for I2C_RequestMemoryWrite
    stm32f3xx_hal_i2c.o(i.HAL_I2C_Mem_Write_IT) refers to stm32f3xx_hal_i2c.o(i.I2C_TransferConfig) for I2C_TransferConfig
    stm32f3xx_hal_i2c.o(i.HAL_I2C_Mem_Write_IT) refers to stm32f3xx_hal_i2c.o(i.I2C_Enable_IRQ) for I2C_Enable_IRQ
    stm32f3xx_hal_i2c.o(i.HAL_I2C_Mem_Write_IT) refers to stm32f3xx_hal_i2c.o(i.I2C_Master_ISR_IT) for I2C_Master_ISR_IT
    stm32f3xx_hal_i2c.o(i.HAL_I2C_Slave_Receive) refers to stm32f3xx_hal.o(i.HAL_GetTick) for HAL_GetTick
    stm32f3xx_hal_i2c.o(i.HAL_I2C_Slave_Receive) refers to stm32f3xx_hal_i2c.o(i.I2C_WaitOnFlagUntilTimeout) for I2C_WaitOnFlagUntilTimeout
    stm32f3xx_hal_i2c.o(i.HAL_I2C_Slave_Receive) refers to stm32f3xx_hal_i2c.o(i.I2C_WaitOnRXNEFlagUntilTimeout) for I2C_WaitOnRXNEFlagUntilTimeout
    stm32f3xx_hal_i2c.o(i.HAL_I2C_Slave_Receive) refers to stm32f3xx_hal_i2c.o(i.I2C_WaitOnSTOPFlagUntilTimeout) for I2C_WaitOnSTOPFlagUntilTimeout
    stm32f3xx_hal_i2c.o(i.HAL_I2C_Slave_Receive_DMA) refers to stm32f3xx_hal_dma.o(i.HAL_DMA_Start_IT) for HAL_DMA_Start_IT
    stm32f3xx_hal_i2c.o(i.HAL_I2C_Slave_Receive_DMA) refers to stm32f3xx_hal_i2c.o(i.I2C_Enable_IRQ) for I2C_Enable_IRQ
    stm32f3xx_hal_i2c.o(i.HAL_I2C_Slave_Receive_DMA) refers to stm32f3xx_hal_i2c.o(i.I2C_Slave_ISR_DMA) for I2C_Slave_ISR_DMA
    stm32f3xx_hal_i2c.o(i.HAL_I2C_Slave_Receive_DMA) refers to stm32f3xx_hal_i2c.o(i.I2C_DMASlaveReceiveCplt) for I2C_DMASlaveReceiveCplt
    stm32f3xx_hal_i2c.o(i.HAL_I2C_Slave_Receive_DMA) refers to stm32f3xx_hal_i2c.o(i.I2C_DMAError) for I2C_DMAError
    stm32f3xx_hal_i2c.o(i.HAL_I2C_Slave_Receive_IT) refers to stm32f3xx_hal_i2c.o(i.I2C_Enable_IRQ) for I2C_Enable_IRQ
    stm32f3xx_hal_i2c.o(i.HAL_I2C_Slave_Receive_IT) refers to stm32f3xx_hal_i2c.o(i.I2C_Slave_ISR_IT) for I2C_Slave_ISR_IT
    stm32f3xx_hal_i2c.o(i.HAL_I2C_Slave_Seq_Receive_DMA) refers to stm32f3xx_hal_i2c.o(i.I2C_Disable_IRQ) for I2C_Disable_IRQ
    stm32f3xx_hal_i2c.o(i.HAL_I2C_Slave_Seq_Receive_DMA) refers to stm32f3xx_hal_dma.o(i.HAL_DMA_Abort_IT) for HAL_DMA_Abort_IT
    stm32f3xx_hal_i2c.o(i.HAL_I2C_Slave_Seq_Receive_DMA) refers to stm32f3xx_hal_dma.o(i.HAL_DMA_Start_IT) for HAL_DMA_Start_IT
    stm32f3xx_hal_i2c.o(i.HAL_I2C_Slave_Seq_Receive_DMA) refers to stm32f3xx_hal_i2c.o(i.I2C_Enable_IRQ) for I2C_Enable_IRQ
    stm32f3xx_hal_i2c.o(i.HAL_I2C_Slave_Seq_Receive_DMA) refers to stm32f3xx_hal_i2c.o(i.I2C_DMAAbort) for I2C_DMAAbort
    stm32f3xx_hal_i2c.o(i.HAL_I2C_Slave_Seq_Receive_DMA) refers to stm32f3xx_hal_i2c.o(i.I2C_Slave_ISR_DMA) for I2C_Slave_ISR_DMA
    stm32f3xx_hal_i2c.o(i.HAL_I2C_Slave_Seq_Receive_DMA) refers to stm32f3xx_hal_i2c.o(i.I2C_DMASlaveReceiveCplt) for I2C_DMASlaveReceiveCplt
    stm32f3xx_hal_i2c.o(i.HAL_I2C_Slave_Seq_Receive_DMA) refers to stm32f3xx_hal_i2c.o(i.I2C_DMAError) for I2C_DMAError
    stm32f3xx_hal_i2c.o(i.HAL_I2C_Slave_Seq_Receive_IT) refers to stm32f3xx_hal_i2c.o(i.I2C_Disable_IRQ) for I2C_Disable_IRQ
    stm32f3xx_hal_i2c.o(i.HAL_I2C_Slave_Seq_Receive_IT) refers to stm32f3xx_hal_dma.o(i.HAL_DMA_Abort_IT) for HAL_DMA_Abort_IT
    stm32f3xx_hal_i2c.o(i.HAL_I2C_Slave_Seq_Receive_IT) refers to stm32f3xx_hal_i2c.o(i.I2C_Enable_IRQ) for I2C_Enable_IRQ
    stm32f3xx_hal_i2c.o(i.HAL_I2C_Slave_Seq_Receive_IT) refers to stm32f3xx_hal_i2c.o(i.I2C_DMAAbort) for I2C_DMAAbort
    stm32f3xx_hal_i2c.o(i.HAL_I2C_Slave_Seq_Receive_IT) refers to stm32f3xx_hal_i2c.o(i.I2C_Slave_ISR_IT) for I2C_Slave_ISR_IT
    stm32f3xx_hal_i2c.o(i.HAL_I2C_Slave_Seq_Transmit_DMA) refers to stm32f3xx_hal_i2c.o(i.I2C_Disable_IRQ) for I2C_Disable_IRQ
    stm32f3xx_hal_i2c.o(i.HAL_I2C_Slave_Seq_Transmit_DMA) refers to stm32f3xx_hal_dma.o(i.HAL_DMA_Abort_IT) for HAL_DMA_Abort_IT
    stm32f3xx_hal_i2c.o(i.HAL_I2C_Slave_Seq_Transmit_DMA) refers to stm32f3xx_hal_dma.o(i.HAL_DMA_Start_IT) for HAL_DMA_Start_IT
    stm32f3xx_hal_i2c.o(i.HAL_I2C_Slave_Seq_Transmit_DMA) refers to stm32f3xx_hal_i2c.o(i.I2C_Enable_IRQ) for I2C_Enable_IRQ
    stm32f3xx_hal_i2c.o(i.HAL_I2C_Slave_Seq_Transmit_DMA) refers to stm32f3xx_hal_i2c.o(i.I2C_DMAAbort) for I2C_DMAAbort
    stm32f3xx_hal_i2c.o(i.HAL_I2C_Slave_Seq_Transmit_DMA) refers to stm32f3xx_hal_i2c.o(i.I2C_Slave_ISR_DMA) for I2C_Slave_ISR_DMA
    stm32f3xx_hal_i2c.o(i.HAL_I2C_Slave_Seq_Transmit_DMA) refers to stm32f3xx_hal_i2c.o(i.I2C_DMASlaveTransmitCplt) for I2C_DMASlaveTransmitCplt
    stm32f3xx_hal_i2c.o(i.HAL_I2C_Slave_Seq_Transmit_DMA) refers to stm32f3xx_hal_i2c.o(i.I2C_DMAError) for I2C_DMAError
    stm32f3xx_hal_i2c.o(i.HAL_I2C_Slave_Seq_Transmit_IT) refers to stm32f3xx_hal_i2c.o(i.I2C_Disable_IRQ) for I2C_Disable_IRQ
    stm32f3xx_hal_i2c.o(i.HAL_I2C_Slave_Seq_Transmit_IT) refers to stm32f3xx_hal_dma.o(i.HAL_DMA_Abort_IT) for HAL_DMA_Abort_IT
    stm32f3xx_hal_i2c.o(i.HAL_I2C_Slave_Seq_Transmit_IT) refers to stm32f3xx_hal_i2c.o(i.I2C_Enable_IRQ) for I2C_Enable_IRQ
    stm32f3xx_hal_i2c.o(i.HAL_I2C_Slave_Seq_Transmit_IT) refers to stm32f3xx_hal_i2c.o(i.I2C_DMAAbort) for I2C_DMAAbort
    stm32f3xx_hal_i2c.o(i.HAL_I2C_Slave_Seq_Transmit_IT) refers to stm32f3xx_hal_i2c.o(i.I2C_Slave_ISR_IT) for I2C_Slave_ISR_IT
    stm32f3xx_hal_i2c.o(i.HAL_I2C_Slave_Transmit) refers to stm32f3xx_hal.o(i.HAL_GetTick) for HAL_GetTick
    stm32f3xx_hal_i2c.o(i.HAL_I2C_Slave_Transmit) refers to stm32f3xx_hal_i2c.o(i.I2C_WaitOnFlagUntilTimeout) for I2C_WaitOnFlagUntilTimeout
    stm32f3xx_hal_i2c.o(i.HAL_I2C_Slave_Transmit) refers to stm32f3xx_hal_i2c.o(i.I2C_WaitOnTXISFlagUntilTimeout) for I2C_WaitOnTXISFlagUntilTimeout
    stm32f3xx_hal_i2c.o(i.HAL_I2C_Slave_Transmit) refers to stm32f3xx_hal_i2c.o(i.I2C_WaitOnSTOPFlagUntilTimeout) for I2C_WaitOnSTOPFlagUntilTimeout
    stm32f3xx_hal_i2c.o(i.HAL_I2C_Slave_Transmit_DMA) refers to stm32f3xx_hal_dma.o(i.HAL_DMA_Start_IT) for HAL_DMA_Start_IT
    stm32f3xx_hal_i2c.o(i.HAL_I2C_Slave_Transmit_DMA) refers to stm32f3xx_hal_i2c.o(i.I2C_Enable_IRQ) for I2C_Enable_IRQ
    stm32f3xx_hal_i2c.o(i.HAL_I2C_Slave_Transmit_DMA) refers to stm32f3xx_hal_i2c.o(i.I2C_Slave_ISR_DMA) for I2C_Slave_ISR_DMA
    stm32f3xx_hal_i2c.o(i.HAL_I2C_Slave_Transmit_DMA) refers to stm32f3xx_hal_i2c.o(i.I2C_DMASlaveTransmitCplt) for I2C_DMASlaveTransmitCplt
    stm32f3xx_hal_i2c.o(i.HAL_I2C_Slave_Transmit_DMA) refers to stm32f3xx_hal_i2c.o(i.I2C_DMAError) for I2C_DMAError
    stm32f3xx_hal_i2c.o(i.HAL_I2C_Slave_Transmit_IT) refers to stm32f3xx_hal_i2c.o(i.I2C_Enable_IRQ) for I2C_Enable_IRQ
    stm32f3xx_hal_i2c.o(i.HAL_I2C_Slave_Transmit_IT) refers to stm32f3xx_hal_i2c.o(i.I2C_Slave_ISR_IT) for I2C_Slave_ISR_IT
    stm32f3xx_hal_i2c.o(i.I2C_DMAAbort) refers to stm32f3xx_hal_i2c.o(i.HAL_I2C_ErrorCallback) for HAL_I2C_ErrorCallback
    stm32f3xx_hal_i2c.o(i.I2C_DMAAbort) refers to stm32f3xx_hal_i2c.o(i.HAL_I2C_AbortCpltCallback) for HAL_I2C_AbortCpltCallback
    stm32f3xx_hal_i2c.o(i.I2C_DMAError) refers to stm32f3xx_hal_i2c.o(i.I2C_ITError) for I2C_ITError
    stm32f3xx_hal_i2c.o(i.I2C_DMAMasterReceiveCplt) refers to stm32f3xx_hal_dma.o(i.HAL_DMA_Start_IT) for HAL_DMA_Start_IT
    stm32f3xx_hal_i2c.o(i.I2C_DMAMasterReceiveCplt) refers to stm32f3xx_hal_i2c.o(i.I2C_ITError) for I2C_ITError
    stm32f3xx_hal_i2c.o(i.I2C_DMAMasterReceiveCplt) refers to stm32f3xx_hal_i2c.o(i.I2C_Enable_IRQ) for I2C_Enable_IRQ
    stm32f3xx_hal_i2c.o(i.I2C_DMAMasterTransmitCplt) refers to stm32f3xx_hal_dma.o(i.HAL_DMA_Start_IT) for HAL_DMA_Start_IT
    stm32f3xx_hal_i2c.o(i.I2C_DMAMasterTransmitCplt) refers to stm32f3xx_hal_i2c.o(i.I2C_ITError) for I2C_ITError
    stm32f3xx_hal_i2c.o(i.I2C_DMAMasterTransmitCplt) refers to stm32f3xx_hal_i2c.o(i.I2C_Enable_IRQ) for I2C_Enable_IRQ
    stm32f3xx_hal_i2c.o(i.I2C_DMASlaveReceiveCplt) refers to stm32f3xx_hal_i2c.o(i.I2C_ITSlaveSeqCplt) for I2C_ITSlaveSeqCplt
    stm32f3xx_hal_i2c.o(i.I2C_DMASlaveTransmitCplt) refers to stm32f3xx_hal_i2c.o(i.I2C_ITSlaveSeqCplt) for I2C_ITSlaveSeqCplt
    stm32f3xx_hal_i2c.o(i.I2C_Enable_IRQ) refers to stm32f3xx_hal_i2c.o(i.I2C_Master_ISR_DMA) for I2C_Master_ISR_DMA
    stm32f3xx_hal_i2c.o(i.I2C_Enable_IRQ) refers to stm32f3xx_hal_i2c.o(i.I2C_Slave_ISR_DMA) for I2C_Slave_ISR_DMA
    stm32f3xx_hal_i2c.o(i.I2C_ITAddrCplt) refers to stm32f3xx_hal_i2c.o(i.HAL_I2C_AddrCallback) for HAL_I2C_AddrCallback
    stm32f3xx_hal_i2c.o(i.I2C_ITAddrCplt) refers to stm32f3xx_hal_i2c.o(i.I2C_Disable_IRQ) for I2C_Disable_IRQ
    stm32f3xx_hal_i2c.o(i.I2C_ITError) refers to stm32f3xx_hal_i2c.o(i.I2C_Disable_IRQ) for I2C_Disable_IRQ
    stm32f3xx_hal_i2c.o(i.I2C_ITError) refers to stm32f3xx_hal_dma.o(i.HAL_DMA_Abort_IT) for HAL_DMA_Abort_IT
    stm32f3xx_hal_i2c.o(i.I2C_ITError) refers to stm32f3xx_hal_i2c.o(i.HAL_I2C_ErrorCallback) for HAL_I2C_ErrorCallback
    stm32f3xx_hal_i2c.o(i.I2C_ITError) refers to stm32f3xx_hal_i2c.o(i.HAL_I2C_AbortCpltCallback) for HAL_I2C_AbortCpltCallback
    stm32f3xx_hal_i2c.o(i.I2C_ITError) refers to stm32f3xx_hal_i2c.o(i.I2C_DMAAbort) for I2C_DMAAbort
    stm32f3xx_hal_i2c.o(i.I2C_ITError) refers to stm32f3xx_hal_i2c.o(i.I2C_Slave_ISR_IT) for I2C_Slave_ISR_IT
    stm32f3xx_hal_i2c.o(i.I2C_ITListenCplt) refers to stm32f3xx_hal_i2c.o(i.I2C_Disable_IRQ) for I2C_Disable_IRQ
    stm32f3xx_hal_i2c.o(i.I2C_ITListenCplt) refers to stm32f3xx_hal_i2c.o(i.HAL_I2C_ListenCpltCallback) for HAL_I2C_ListenCpltCallback
    stm32f3xx_hal_i2c.o(i.I2C_ITMasterCplt) refers to stm32f3xx_hal_i2c.o(i.I2C_Flush_TXDR) for I2C_Flush_TXDR
    stm32f3xx_hal_i2c.o(i.I2C_ITMasterCplt) refers to stm32f3xx_hal_i2c.o(i.I2C_Disable_IRQ) for I2C_Disable_IRQ
    stm32f3xx_hal_i2c.o(i.I2C_ITMasterCplt) refers to stm32f3xx_hal_i2c.o(i.I2C_ITError) for I2C_ITError
    stm32f3xx_hal_i2c.o(i.I2C_ITMasterCplt) refers to stm32f3xx_hal_i2c.o(i.HAL_I2C_MasterRxCpltCallback) for HAL_I2C_MasterRxCpltCallback
    stm32f3xx_hal_i2c.o(i.I2C_ITMasterCplt) refers to stm32f3xx_hal_i2c.o(i.HAL_I2C_MasterTxCpltCallback) for HAL_I2C_MasterTxCpltCallback
    stm32f3xx_hal_i2c.o(i.I2C_ITMasterCplt) refers to stm32f3xx_hal_i2c.o(i.HAL_I2C_MemTxCpltCallback) for HAL_I2C_MemTxCpltCallback
    stm32f3xx_hal_i2c.o(i.I2C_ITMasterCplt) refers to stm32f3xx_hal_i2c.o(i.HAL_I2C_MemRxCpltCallback) for HAL_I2C_MemRxCpltCallback
    stm32f3xx_hal_i2c.o(i.I2C_ITMasterSeqCplt) refers to stm32f3xx_hal_i2c.o(i.I2C_Disable_IRQ) for I2C_Disable_IRQ
    stm32f3xx_hal_i2c.o(i.I2C_ITMasterSeqCplt) refers to stm32f3xx_hal_i2c.o(i.HAL_I2C_MasterRxCpltCallback) for HAL_I2C_MasterRxCpltCallback
    stm32f3xx_hal_i2c.o(i.I2C_ITMasterSeqCplt) refers to stm32f3xx_hal_i2c.o(i.HAL_I2C_MasterTxCpltCallback) for HAL_I2C_MasterTxCpltCallback
    stm32f3xx_hal_i2c.o(i.I2C_ITSlaveCplt) refers to stm32f3xx_hal_i2c.o(i.I2C_Disable_IRQ) for I2C_Disable_IRQ
    stm32f3xx_hal_i2c.o(i.I2C_ITSlaveCplt) refers to stm32f3xx_hal_i2c.o(i.I2C_Flush_TXDR) for I2C_Flush_TXDR
    stm32f3xx_hal_i2c.o(i.I2C_ITSlaveCplt) refers to stm32f3xx_hal_i2c.o(i.I2C_ITError) for I2C_ITError
    stm32f3xx_hal_i2c.o(i.I2C_ITSlaveCplt) refers to stm32f3xx_hal_i2c.o(i.I2C_ITListenCplt) for I2C_ITListenCplt
    stm32f3xx_hal_i2c.o(i.I2C_ITSlaveCplt) refers to stm32f3xx_hal_i2c.o(i.I2C_ITSlaveSeqCplt) for I2C_ITSlaveSeqCplt
    stm32f3xx_hal_i2c.o(i.I2C_ITSlaveCplt) refers to stm32f3xx_hal_i2c.o(i.HAL_I2C_ListenCpltCallback) for HAL_I2C_ListenCpltCallback
    stm32f3xx_hal_i2c.o(i.I2C_ITSlaveCplt) refers to stm32f3xx_hal_i2c.o(i.HAL_I2C_SlaveTxCpltCallback) for HAL_I2C_SlaveTxCpltCallback
    stm32f3xx_hal_i2c.o(i.I2C_ITSlaveCplt) refers to stm32f3xx_hal_i2c.o(i.HAL_I2C_SlaveRxCpltCallback) for HAL_I2C_SlaveRxCpltCallback
    stm32f3xx_hal_i2c.o(i.I2C_ITSlaveSeqCplt) refers to stm32f3xx_hal_i2c.o(i.I2C_Disable_IRQ) for I2C_Disable_IRQ
    stm32f3xx_hal_i2c.o(i.I2C_ITSlaveSeqCplt) refers to stm32f3xx_hal_i2c.o(i.HAL_I2C_SlaveRxCpltCallback) for HAL_I2C_SlaveRxCpltCallback
    stm32f3xx_hal_i2c.o(i.I2C_ITSlaveSeqCplt) refers to stm32f3xx_hal_i2c.o(i.HAL_I2C_SlaveTxCpltCallback) for HAL_I2C_SlaveTxCpltCallback
    stm32f3xx_hal_i2c.o(i.I2C_IsAcknowledgeFailed) refers to stm32f3xx_hal.o(i.HAL_GetTick) for HAL_GetTick
    stm32f3xx_hal_i2c.o(i.I2C_IsAcknowledgeFailed) refers to stm32f3xx_hal_i2c.o(i.I2C_Flush_TXDR) for I2C_Flush_TXDR
    stm32f3xx_hal_i2c.o(i.I2C_Master_ISR_DMA) refers to stm32f3xx_hal_i2c.o(i.I2C_Enable_IRQ) for I2C_Enable_IRQ
    stm32f3xx_hal_i2c.o(i.I2C_Master_ISR_DMA) refers to stm32f3xx_hal_i2c.o(i.I2C_Flush_TXDR) for I2C_Flush_TXDR
    stm32f3xx_hal_i2c.o(i.I2C_Master_ISR_DMA) refers to stm32f3xx_hal_i2c.o(i.I2C_TransferConfig) for I2C_TransferConfig
    stm32f3xx_hal_i2c.o(i.I2C_Master_ISR_DMA) refers to stm32f3xx_hal_i2c.o(i.I2C_ITError) for I2C_ITError
    stm32f3xx_hal_i2c.o(i.I2C_Master_ISR_DMA) refers to stm32f3xx_hal_i2c.o(i.I2C_ITMasterSeqCplt) for I2C_ITMasterSeqCplt
    stm32f3xx_hal_i2c.o(i.I2C_Master_ISR_DMA) refers to stm32f3xx_hal_i2c.o(i.I2C_ITMasterCplt) for I2C_ITMasterCplt
    stm32f3xx_hal_i2c.o(i.I2C_Master_ISR_IT) refers to stm32f3xx_hal_i2c.o(i.I2C_Flush_TXDR) for I2C_Flush_TXDR
    stm32f3xx_hal_i2c.o(i.I2C_Master_ISR_IT) refers to stm32f3xx_hal_i2c.o(i.I2C_TransferConfig) for I2C_TransferConfig
    stm32f3xx_hal_i2c.o(i.I2C_Master_ISR_IT) refers to stm32f3xx_hal_i2c.o(i.I2C_ITError) for I2C_ITError
    stm32f3xx_hal_i2c.o(i.I2C_Master_ISR_IT) refers to stm32f3xx_hal_i2c.o(i.I2C_ITMasterCplt) for I2C_ITMasterCplt
    stm32f3xx_hal_i2c.o(i.I2C_Master_ISR_IT) refers to stm32f3xx_hal_i2c.o(i.I2C_ITMasterSeqCplt) for I2C_ITMasterSeqCplt
    stm32f3xx_hal_i2c.o(i.I2C_RequestMemoryRead) refers to stm32f3xx_hal_i2c.o(i.I2C_TransferConfig) for I2C_TransferConfig
    stm32f3xx_hal_i2c.o(i.I2C_RequestMemoryRead) refers to stm32f3xx_hal_i2c.o(i.I2C_WaitOnTXISFlagUntilTimeout) for I2C_WaitOnTXISFlagUntilTimeout
    stm32f3xx_hal_i2c.o(i.I2C_RequestMemoryRead) refers to stm32f3xx_hal_i2c.o(i.I2C_WaitOnFlagUntilTimeout) for I2C_WaitOnFlagUntilTimeout
    stm32f3xx_hal_i2c.o(i.I2C_RequestMemoryWrite) refers to stm32f3xx_hal_i2c.o(i.I2C_TransferConfig) for I2C_TransferConfig
    stm32f3xx_hal_i2c.o(i.I2C_RequestMemoryWrite) refers to stm32f3xx_hal_i2c.o(i.I2C_WaitOnTXISFlagUntilTimeout) for I2C_WaitOnTXISFlagUntilTimeout
    stm32f3xx_hal_i2c.o(i.I2C_RequestMemoryWrite) refers to stm32f3xx_hal_i2c.o(i.I2C_WaitOnFlagUntilTimeout) for I2C_WaitOnFlagUntilTimeout
    stm32f3xx_hal_i2c.o(i.I2C_Slave_ISR_DMA) refers to stm32f3xx_hal_i2c.o(i.I2C_ITSlaveCplt) for I2C_ITSlaveCplt
    stm32f3xx_hal_i2c.o(i.I2C_Slave_ISR_DMA) refers to stm32f3xx_hal_i2c.o(i.I2C_ITListenCplt) for I2C_ITListenCplt
    stm32f3xx_hal_i2c.o(i.I2C_Slave_ISR_DMA) refers to stm32f3xx_hal_i2c.o(i.I2C_Flush_TXDR) for I2C_Flush_TXDR
    stm32f3xx_hal_i2c.o(i.I2C_Slave_ISR_DMA) refers to stm32f3xx_hal_i2c.o(i.I2C_ITSlaveSeqCplt) for I2C_ITSlaveSeqCplt
    stm32f3xx_hal_i2c.o(i.I2C_Slave_ISR_DMA) refers to stm32f3xx_hal_i2c.o(i.I2C_ITError) for I2C_ITError
    stm32f3xx_hal_i2c.o(i.I2C_Slave_ISR_DMA) refers to stm32f3xx_hal_i2c.o(i.I2C_ITAddrCplt) for I2C_ITAddrCplt
    stm32f3xx_hal_i2c.o(i.I2C_Slave_ISR_IT) refers to stm32f3xx_hal_i2c.o(i.I2C_ITSlaveCplt) for I2C_ITSlaveCplt
    stm32f3xx_hal_i2c.o(i.I2C_Slave_ISR_IT) refers to stm32f3xx_hal_i2c.o(i.I2C_ITError) for I2C_ITError
    stm32f3xx_hal_i2c.o(i.I2C_Slave_ISR_IT) refers to stm32f3xx_hal_i2c.o(i.I2C_ITListenCplt) for I2C_ITListenCplt
    stm32f3xx_hal_i2c.o(i.I2C_Slave_ISR_IT) refers to stm32f3xx_hal_i2c.o(i.I2C_Flush_TXDR) for I2C_Flush_TXDR
    stm32f3xx_hal_i2c.o(i.I2C_Slave_ISR_IT) refers to stm32f3xx_hal_i2c.o(i.I2C_ITAddrCplt) for I2C_ITAddrCplt
    stm32f3xx_hal_i2c.o(i.I2C_Slave_ISR_IT) refers to stm32f3xx_hal_i2c.o(i.I2C_ITSlaveSeqCplt) for I2C_ITSlaveSeqCplt
    stm32f3xx_hal_i2c.o(i.I2C_WaitOnFlagUntilTimeout) refers to stm32f3xx_hal.o(i.HAL_GetTick) for HAL_GetTick
    stm32f3xx_hal_i2c.o(i.I2C_WaitOnRXNEFlagUntilTimeout) refers to stm32f3xx_hal_i2c.o(i.I2C_IsAcknowledgeFailed) for I2C_IsAcknowledgeFailed
    stm32f3xx_hal_i2c.o(i.I2C_WaitOnRXNEFlagUntilTimeout) refers to stm32f3xx_hal.o(i.HAL_GetTick) for HAL_GetTick
    stm32f3xx_hal_i2c.o(i.I2C_WaitOnSTOPFlagUntilTimeout) refers to stm32f3xx_hal_i2c.o(i.I2C_IsAcknowledgeFailed) for I2C_IsAcknowledgeFailed
    stm32f3xx_hal_i2c.o(i.I2C_WaitOnSTOPFlagUntilTimeout) refers to stm32f3xx_hal.o(i.HAL_GetTick) for HAL_GetTick
    stm32f3xx_hal_i2c.o(i.I2C_WaitOnTXISFlagUntilTimeout) refers to stm32f3xx_hal_i2c.o(i.I2C_IsAcknowledgeFailed) for I2C_IsAcknowledgeFailed
    stm32f3xx_hal_i2c.o(i.I2C_WaitOnTXISFlagUntilTimeout) refers to stm32f3xx_hal.o(i.HAL_GetTick) for HAL_GetTick
    stm32f3xx_hal.o(i.HAL_DeInit) refers to stm32f3xx_hal.o(i.HAL_MspDeInit) for HAL_MspDeInit
    stm32f3xx_hal.o(i.HAL_Delay) refers to stm32f3xx_hal.o(i.HAL_GetTick) for HAL_GetTick
    stm32f3xx_hal.o(i.HAL_Delay) refers to stm32f3xx_hal.o(.data) for .data
    stm32f3xx_hal.o(i.HAL_GetTick) refers to stm32f3xx_hal.o(.data) for .data
    stm32f3xx_hal.o(i.HAL_GetTickFreq) refers to stm32f3xx_hal.o(.data) for .data
    stm32f3xx_hal.o(i.HAL_GetTickPrio) refers to stm32f3xx_hal.o(.data) for .data
    stm32f3xx_hal.o(i.HAL_IncTick) refers to stm32f3xx_hal.o(.data) for .data
    stm32f3xx_hal.o(i.HAL_Init) refers to stm32f3xx_hal_cortex.o(i.HAL_NVIC_SetPriorityGrouping) for HAL_NVIC_SetPriorityGrouping
    stm32f3xx_hal.o(i.HAL_Init) refers to stm32f3xx_hal.o(i.HAL_InitTick) for HAL_InitTick
    stm32f3xx_hal.o(i.HAL_Init) refers to stm32f3xx_hal_msp.o(i.HAL_MspInit) for HAL_MspInit
    stm32f3xx_hal.o(i.HAL_InitTick) refers to stm32f3xx_hal_cortex.o(i.HAL_SYSTICK_Config) for HAL_SYSTICK_Config
    stm32f3xx_hal.o(i.HAL_InitTick) refers to stm32f3xx_hal_cortex.o(i.HAL_NVIC_SetPriority) for HAL_NVIC_SetPriority
    stm32f3xx_hal.o(i.HAL_InitTick) refers to stm32f3xx_hal.o(.data) for .data
    stm32f3xx_hal.o(i.HAL_InitTick) refers to system_stm32f3xx.o(.data) for SystemCoreClock
    stm32f3xx_hal.o(i.HAL_SetTickFreq) refers to stm32f3xx_hal.o(i.HAL_InitTick) for HAL_InitTick
    stm32f3xx_hal.o(i.HAL_SetTickFreq) refers to stm32f3xx_hal.o(.data) for .data
    stm32f3xx_hal_rcc.o(i.HAL_RCC_ClockConfig) refers to stm32f3xx_hal.o(i.HAL_GetTick) for HAL_GetTick
    stm32f3xx_hal_rcc.o(i.HAL_RCC_ClockConfig) refers to stm32f3xx_hal_rcc.o(i.HAL_RCC_GetSysClockFreq) for HAL_RCC_GetSysClockFreq
    stm32f3xx_hal_rcc.o(i.HAL_RCC_ClockConfig) refers to stm32f3xx_hal.o(i.HAL_InitTick) for HAL_InitTick
    stm32f3xx_hal_rcc.o(i.HAL_RCC_ClockConfig) refers to system_stm32f3xx.o(.constdata) for AHBPrescTable
    stm32f3xx_hal_rcc.o(i.HAL_RCC_ClockConfig) refers to system_stm32f3xx.o(.data) for SystemCoreClock
    stm32f3xx_hal_rcc.o(i.HAL_RCC_ClockConfig) refers to stm32f3xx_hal.o(.data) for uwTickPrio
    stm32f3xx_hal_rcc.o(i.HAL_RCC_DeInit) refers to stm32f3xx_hal.o(i.HAL_GetTick) for HAL_GetTick
    stm32f3xx_hal_rcc.o(i.HAL_RCC_DeInit) refers to stm32f3xx_hal.o(i.HAL_InitTick) for HAL_InitTick
    stm32f3xx_hal_rcc.o(i.HAL_RCC_DeInit) refers to system_stm32f3xx.o(.data) for SystemCoreClock
    stm32f3xx_hal_rcc.o(i.HAL_RCC_DeInit) refers to stm32f3xx_hal.o(.data) for uwTickPrio
    stm32f3xx_hal_rcc.o(i.HAL_RCC_GetHCLKFreq) refers to system_stm32f3xx.o(.data) for SystemCoreClock
    stm32f3xx_hal_rcc.o(i.HAL_RCC_GetPCLK1Freq) refers to system_stm32f3xx.o(.data) for SystemCoreClock
    stm32f3xx_hal_rcc.o(i.HAL_RCC_GetPCLK1Freq) refers to system_stm32f3xx.o(.constdata) for APBPrescTable
    stm32f3xx_hal_rcc.o(i.HAL_RCC_GetPCLK2Freq) refers to system_stm32f3xx.o(.data) for SystemCoreClock
    stm32f3xx_hal_rcc.o(i.HAL_RCC_GetPCLK2Freq) refers to system_stm32f3xx.o(.constdata) for APBPrescTable
    stm32f3xx_hal_rcc.o(i.HAL_RCC_GetSysClockFreq) refers to uldiv.o(.text) for __aeabi_uldivmod
    stm32f3xx_hal_rcc.o(i.HAL_RCC_GetSysClockFreq) refers to stm32f3xx_hal_rcc.o(.constdata) for .constdata
    stm32f3xx_hal_rcc.o(i.HAL_RCC_MCOConfig) refers to stm32f3xx_hal_gpio.o(i.HAL_GPIO_Init) for HAL_GPIO_Init
    stm32f3xx_hal_rcc.o(i.HAL_RCC_NMI_IRQHandler) refers to stm32f3xx_hal_rcc.o(i.HAL_RCC_CSSCallback) for HAL_RCC_CSSCallback
    stm32f3xx_hal_rcc.o(i.HAL_RCC_OscConfig) refers to stm32f3xx_hal.o(i.HAL_GetTick) for HAL_GetTick
    stm32f3xx_hal_rcc_ex.o(i.HAL_RCCEx_GetPeriphCLKFreq) refers to memcpya.o(.text) for __aeabi_memcpy4
    stm32f3xx_hal_rcc_ex.o(i.HAL_RCCEx_GetPeriphCLKFreq) refers to stm32f3xx_hal_rcc.o(i.HAL_RCC_GetPCLK1Freq) for HAL_RCC_GetPCLK1Freq
    stm32f3xx_hal_rcc_ex.o(i.HAL_RCCEx_GetPeriphCLKFreq) refers to stm32f3xx_hal_rcc.o(i.HAL_RCC_GetSysClockFreq) for HAL_RCC_GetSysClockFreq
    stm32f3xx_hal_rcc_ex.o(i.HAL_RCCEx_GetPeriphCLKFreq) refers to stm32f3xx_hal_rcc_ex.o(i.RCC_GetPLLCLKFreq) for RCC_GetPLLCLKFreq
    stm32f3xx_hal_rcc_ex.o(i.HAL_RCCEx_GetPeriphCLKFreq) refers to stm32f3xx_hal_rcc_ex.o(.constdata) for .constdata
    stm32f3xx_hal_rcc_ex.o(i.HAL_RCCEx_GetPeriphCLKFreq) refers to system_stm32f3xx.o(.data) for SystemCoreClock
    stm32f3xx_hal_rcc_ex.o(i.HAL_RCCEx_PeriphCLKConfig) refers to stm32f3xx_hal.o(i.HAL_GetTick) for HAL_GetTick
    stm32f3xx_hal_gpio.o(i.HAL_GPIO_EXTI_IRQHandler) refers to stm32f3xx_hal_gpio.o(i.HAL_GPIO_EXTI_Callback) for HAL_GPIO_EXTI_Callback
    stm32f3xx_hal_dma.o(i.HAL_DMA_DeInit) refers to stm32f3xx_hal_dma.o(i.DMA_CalcBaseAndBitshift) for DMA_CalcBaseAndBitshift
    stm32f3xx_hal_dma.o(i.HAL_DMA_Init) refers to stm32f3xx_hal_dma.o(i.DMA_CalcBaseAndBitshift) for DMA_CalcBaseAndBitshift
    stm32f3xx_hal_dma.o(i.HAL_DMA_PollForTransfer) refers to stm32f3xx_hal.o(i.HAL_GetTick) for HAL_GetTick
    stm32f3xx_hal_dma.o(i.HAL_DMA_Start) refers to stm32f3xx_hal_dma.o(i.DMA_SetConfig) for DMA_SetConfig
    stm32f3xx_hal_dma.o(i.HAL_DMA_Start_IT) refers to stm32f3xx_hal_dma.o(i.DMA_SetConfig) for DMA_SetConfig
    stm32f3xx_hal_cortex.o(i.HAL_NVIC_SetPriority) refers to stm32f3xx_hal_cortex.o(i.__NVIC_SetPriority) for __NVIC_SetPriority
    stm32f3xx_hal_cortex.o(i.HAL_SYSTICK_Config) refers to stm32f3xx_hal_cortex.o(i.__NVIC_SetPriority) for __NVIC_SetPriority
    stm32f3xx_hal_cortex.o(i.HAL_SYSTICK_IRQHandler) refers to stm32f3xx_hal_cortex.o(i.HAL_SYSTICK_Callback) for HAL_SYSTICK_Callback
    stm32f3xx_hal_pwr_ex.o(i.HAL_PWR_PVD_IRQHandler) refers to stm32f3xx_hal_pwr_ex.o(i.HAL_PWR_PVDCallback) for HAL_PWR_PVDCallback
    stm32f3xx_hal_flash.o(i.FLASH_Program_HalfWord) refers to stm32f3xx_hal_flash.o(.bss) for .bss
    stm32f3xx_hal_flash.o(i.FLASH_SetErrorCode) refers to stm32f3xx_hal_flash.o(.bss) for .bss
    stm32f3xx_hal_flash.o(i.FLASH_WaitForLastOperation) refers to stm32f3xx_hal.o(i.HAL_GetTick) for HAL_GetTick
    stm32f3xx_hal_flash.o(i.FLASH_WaitForLastOperation) refers to stm32f3xx_hal_flash.o(i.FLASH_SetErrorCode) for FLASH_SetErrorCode
    stm32f3xx_hal_flash.o(i.HAL_FLASH_GetError) refers to stm32f3xx_hal_flash.o(.bss) for .bss
    stm32f3xx_hal_flash.o(i.HAL_FLASH_IRQHandler) refers to stm32f3xx_hal_flash.o(i.FLASH_SetErrorCode) for FLASH_SetErrorCode
    stm32f3xx_hal_flash.o(i.HAL_FLASH_IRQHandler) refers to stm32f3xx_hal_flash.o(i.HAL_FLASH_OperationErrorCallback) for HAL_FLASH_OperationErrorCallback
    stm32f3xx_hal_flash.o(i.HAL_FLASH_IRQHandler) refers to stm32f3xx_hal_flash.o(i.FLASH_Program_HalfWord) for FLASH_Program_HalfWord
    stm32f3xx_hal_flash.o(i.HAL_FLASH_IRQHandler) refers to stm32f3xx_hal_flash.o(i.HAL_FLASH_EndOfOperationCallback) for HAL_FLASH_EndOfOperationCallback
    stm32f3xx_hal_flash.o(i.HAL_FLASH_IRQHandler) refers to stm32f3xx_hal_flash_ex.o(i.FLASH_PageErase) for FLASH_PageErase
    stm32f3xx_hal_flash.o(i.HAL_FLASH_IRQHandler) refers to stm32f3xx_hal_flash.o(.bss) for .bss
    stm32f3xx_hal_flash.o(i.HAL_FLASH_OB_Launch) refers to stm32f3xx_hal_flash.o(i.FLASH_WaitForLastOperation) for FLASH_WaitForLastOperation
    stm32f3xx_hal_flash.o(i.HAL_FLASH_Program) refers to stm32f3xx_hal_flash.o(i.FLASH_WaitForLastOperation) for FLASH_WaitForLastOperation
    stm32f3xx_hal_flash.o(i.HAL_FLASH_Program) refers to llushr.o(.text) for __aeabi_llsr
    stm32f3xx_hal_flash.o(i.HAL_FLASH_Program) refers to stm32f3xx_hal_flash.o(i.FLASH_Program_HalfWord) for FLASH_Program_HalfWord
    stm32f3xx_hal_flash.o(i.HAL_FLASH_Program) refers to stm32f3xx_hal_flash.o(.bss) for .bss
    stm32f3xx_hal_flash.o(i.HAL_FLASH_Program_IT) refers to stm32f3xx_hal_flash.o(i.FLASH_Program_HalfWord) for FLASH_Program_HalfWord
    stm32f3xx_hal_flash.o(i.HAL_FLASH_Program_IT) refers to stm32f3xx_hal_flash.o(.bss) for .bss
    stm32f3xx_hal_flash_ex.o(i.FLASH_MassErase) refers to stm32f3xx_hal_flash.o(.bss) for pFlash
    stm32f3xx_hal_flash_ex.o(i.FLASH_OB_DisableWRP) refers to stm32f3xx_hal_flash.o(i.FLASH_WaitForLastOperation) for FLASH_WaitForLastOperation
    stm32f3xx_hal_flash_ex.o(i.FLASH_OB_DisableWRP) refers to stm32f3xx_hal_flash_ex.o(i.HAL_FLASHEx_OBErase) for HAL_FLASHEx_OBErase
    stm32f3xx_hal_flash_ex.o(i.FLASH_OB_DisableWRP) refers to stm32f3xx_hal_flash.o(.bss) for pFlash
    stm32f3xx_hal_flash_ex.o(i.FLASH_OB_EnableWRP) refers to stm32f3xx_hal_flash.o(i.FLASH_WaitForLastOperation) for FLASH_WaitForLastOperation
    stm32f3xx_hal_flash_ex.o(i.FLASH_OB_EnableWRP) refers to stm32f3xx_hal_flash_ex.o(i.HAL_FLASHEx_OBErase) for HAL_FLASHEx_OBErase
    stm32f3xx_hal_flash_ex.o(i.FLASH_OB_EnableWRP) refers to stm32f3xx_hal_flash.o(.bss) for pFlash
    stm32f3xx_hal_flash_ex.o(i.FLASH_OB_RDP_LevelConfig) refers to stm32f3xx_hal_flash.o(i.FLASH_WaitForLastOperation) for FLASH_WaitForLastOperation
    stm32f3xx_hal_flash_ex.o(i.FLASH_OB_RDP_LevelConfig) refers to stm32f3xx_hal_flash.o(.bss) for pFlash
    stm32f3xx_hal_flash_ex.o(i.FLASH_PageErase) refers to stm32f3xx_hal_flash.o(.bss) for pFlash
    stm32f3xx_hal_flash_ex.o(i.HAL_FLASHEx_Erase) refers to stm32f3xx_hal_flash.o(i.FLASH_WaitForLastOperation) for FLASH_WaitForLastOperation
    stm32f3xx_hal_flash_ex.o(i.HAL_FLASHEx_Erase) refers to stm32f3xx_hal_flash_ex.o(i.FLASH_MassErase) for FLASH_MassErase
    stm32f3xx_hal_flash_ex.o(i.HAL_FLASHEx_Erase) refers to stm32f3xx_hal_flash_ex.o(i.FLASH_PageErase) for FLASH_PageErase
    stm32f3xx_hal_flash_ex.o(i.HAL_FLASHEx_Erase) refers to stm32f3xx_hal_flash.o(.bss) for pFlash
    stm32f3xx_hal_flash_ex.o(i.HAL_FLASHEx_Erase_IT) refers to stm32f3xx_hal_flash_ex.o(i.FLASH_PageErase) for FLASH_PageErase
    stm32f3xx_hal_flash_ex.o(i.HAL_FLASHEx_Erase_IT) refers to stm32f3xx_hal_flash_ex.o(i.FLASH_MassErase) for FLASH_MassErase
    stm32f3xx_hal_flash_ex.o(i.HAL_FLASHEx_Erase_IT) refers to stm32f3xx_hal_flash.o(.bss) for pFlash
    stm32f3xx_hal_flash_ex.o(i.HAL_FLASHEx_OBErase) refers to stm32f3xx_hal_flash_ex.o(i.FLASH_OB_GetRDP) for FLASH_OB_GetRDP
    stm32f3xx_hal_flash_ex.o(i.HAL_FLASHEx_OBErase) refers to stm32f3xx_hal_flash.o(i.FLASH_WaitForLastOperation) for FLASH_WaitForLastOperation
    stm32f3xx_hal_flash_ex.o(i.HAL_FLASHEx_OBErase) refers to stm32f3xx_hal_flash_ex.o(i.FLASH_OB_RDP_LevelConfig) for FLASH_OB_RDP_LevelConfig
    stm32f3xx_hal_flash_ex.o(i.HAL_FLASHEx_OBErase) refers to stm32f3xx_hal_flash.o(.bss) for pFlash
    stm32f3xx_hal_flash_ex.o(i.HAL_FLASHEx_OBGetConfig) refers to stm32f3xx_hal_flash_ex.o(i.FLASH_OB_GetRDP) for FLASH_OB_GetRDP
    stm32f3xx_hal_flash_ex.o(i.HAL_FLASHEx_OBProgram) refers to stm32f3xx_hal_flash_ex.o(i.FLASH_OB_DisableWRP) for FLASH_OB_DisableWRP
    stm32f3xx_hal_flash_ex.o(i.HAL_FLASHEx_OBProgram) refers to stm32f3xx_hal_flash_ex.o(i.FLASH_OB_EnableWRP) for FLASH_OB_EnableWRP
    stm32f3xx_hal_flash_ex.o(i.HAL_FLASHEx_OBProgram) refers to stm32f3xx_hal_flash_ex.o(i.FLASH_OB_RDP_LevelConfig) for FLASH_OB_RDP_LevelConfig
    stm32f3xx_hal_flash_ex.o(i.HAL_FLASHEx_OBProgram) refers to stm32f3xx_hal_flash.o(i.FLASH_WaitForLastOperation) for FLASH_WaitForLastOperation
    stm32f3xx_hal_flash_ex.o(i.HAL_FLASHEx_OBProgram) refers to stm32f3xx_hal_flash.o(.bss) for pFlash
    system_stm32f3xx.o(i.SystemCoreClockUpdate) refers to system_stm32f3xx.o(.data) for .data
    system_stm32f3xx.o(i.SystemCoreClockUpdate) refers to system_stm32f3xx.o(.constdata) for .constdata
    entry.o(.ARM.Collect$$$$00000000) refers (Special) to entry10a.o(.ARM.Collect$$$$0000000D) for __rt_final_cpp
    entry.o(.ARM.Collect$$$$00000000) refers (Special) to entry11a.o(.ARM.Collect$$$$0000000F) for __rt_final_exit
    entry.o(.ARM.Collect$$$$00000000) refers (Special) to entry7b.o(.ARM.Collect$$$$00000008) for _main_clock
    entry.o(.ARM.Collect$$$$00000000) refers (Special) to entry8b.o(.ARM.Collect$$$$0000000A) for _main_cpp_init
    entry.o(.ARM.Collect$$$$00000000) refers (Special) to entry9a.o(.ARM.Collect$$$$0000000B) for _main_init
    entry.o(.ARM.Collect$$$$00000000) refers (Special) to entry5.o(.ARM.Collect$$$$00000004) for _main_scatterload
    entry.o(.ARM.Collect$$$$00000000) refers (Special) to entry2.o(.ARM.Collect$$$$00000001) for _main_stk
    uldiv.o(.text) refers to llushr.o(.text) for __aeabi_llsr
    uldiv.o(.text) refers to llshl.o(.text) for __aeabi_llsl
    entry2.o(.ARM.Collect$$$$00000001) refers to entry2.o(.ARM.Collect$$$$00002712) for __lit__00000000
    entry2.o(.ARM.Collect$$$$00002712) refers to startup_stm32f303x8.o(STACK) for __initial_sp
    entry2.o(__vectab_stack_and_reset_area) refers to startup_stm32f303x8.o(STACK) for __initial_sp
    entry2.o(__vectab_stack_and_reset_area) refers to entry.o(.ARM.Collect$$$$00000000) for __main
    entry5.o(.ARM.Collect$$$$00000004) refers to init.o(.text) for __scatterload
    entry9a.o(.ARM.Collect$$$$0000000B) refers to main.o(i.main) for main
    entry9b.o(.ARM.Collect$$$$0000000C) refers to main.o(i.main) for main
    init.o(.text) refers to entry5.o(.ARM.Collect$$$$00000004) for __main_after_scatterload


==============================================================================

Removing Unused input sections from the image.

    Removing startup_stm32f303x8.o(HEAP), (512 bytes).
    Removing tm_stm32_mpu6050.o(.rev16_text), (4 bytes).
    Removing tm_stm32_mpu6050.o(.revsh_text), (4 bytes).
    Removing tm_stm32_mpu6050.o(.rrx_text), (6 bytes).
    Removing tm_stm32_mpu6050.o(i.TM_MPU6050_ReadAccelerometer), (68 bytes).
    Removing tm_stm32_mpu6050.o(i.TM_MPU6050_ReadGyroscope), (68 bytes).
    Removing tm_stm32_mpu6050.o(i.TM_MPU6050_ReadTemperature), (84 bytes).
    Removing main.o(.rev16_text), (4 bytes).
    Removing main.o(.revsh_text), (4 bytes).
    Removing main.o(.rrx_text), (6 bytes).
    Removing gpio.o(.rev16_text), (4 bytes).
    Removing gpio.o(.revsh_text), (4 bytes).
    Removing gpio.o(.rrx_text), (6 bytes).
    Removing i2c.o(.rev16_text), (4 bytes).
    Removing i2c.o(.revsh_text), (4 bytes).
    Removing i2c.o(.rrx_text), (6 bytes).
    Removing i2c.o(i.HAL_I2C_MspDeInit), (40 bytes).
    Removing sys.o(.rev16_text), (4 bytes).
    Removing sys.o(.revsh_text), (4 bytes).
    Removing sys.o(.rrx_text), (6 bytes).
    Removing sys.o(i.MX_SYS_Init), (2 bytes).
    Removing stm32f3xx_it.o(.rev16_text), (4 bytes).
    Removing stm32f3xx_it.o(.revsh_text), (4 bytes).
    Removing stm32f3xx_it.o(.rrx_text), (6 bytes).
    Removing stm32f3xx_hal_msp.o(.rev16_text), (4 bytes).
    Removing stm32f3xx_hal_msp.o(.revsh_text), (4 bytes).
    Removing stm32f3xx_hal_msp.o(.rrx_text), (6 bytes).
    Removing stm32f3xx_hal_i2c.o(.rev16_text), (4 bytes).
    Removing stm32f3xx_hal_i2c.o(.revsh_text), (4 bytes).
    Removing stm32f3xx_hal_i2c.o(.rrx_text), (6 bytes).
    Removing stm32f3xx_hal_i2c.o(i.HAL_I2C_AbortCpltCallback), (2 bytes).
    Removing stm32f3xx_hal_i2c.o(i.HAL_I2C_AddrCallback), (2 bytes).
    Removing stm32f3xx_hal_i2c.o(i.HAL_I2C_DeInit), (50 bytes).
    Removing stm32f3xx_hal_i2c.o(i.HAL_I2C_DisableListen_IT), (54 bytes).
    Removing stm32f3xx_hal_i2c.o(i.HAL_I2C_ER_IRQHandler), (104 bytes).
    Removing stm32f3xx_hal_i2c.o(i.HAL_I2C_EV_IRQHandler), (16 bytes).
    Removing stm32f3xx_hal_i2c.o(i.HAL_I2C_EnableListen_IT), (40 bytes).
    Removing stm32f3xx_hal_i2c.o(i.HAL_I2C_ErrorCallback), (2 bytes).
    Removing stm32f3xx_hal_i2c.o(i.HAL_I2C_GetError), (4 bytes).
    Removing stm32f3xx_hal_i2c.o(i.HAL_I2C_GetMode), (6 bytes).
    Removing stm32f3xx_hal_i2c.o(i.HAL_I2C_GetState), (6 bytes).
    Removing stm32f3xx_hal_i2c.o(i.HAL_I2C_IsDeviceReady), (292 bytes).
    Removing stm32f3xx_hal_i2c.o(i.HAL_I2C_ListenCpltCallback), (2 bytes).
    Removing stm32f3xx_hal_i2c.o(i.HAL_I2C_MasterRxCpltCallback), (2 bytes).
    Removing stm32f3xx_hal_i2c.o(i.HAL_I2C_MasterTxCpltCallback), (2 bytes).
    Removing stm32f3xx_hal_i2c.o(i.HAL_I2C_Master_Abort_IT), (96 bytes).
    Removing stm32f3xx_hal_i2c.o(i.HAL_I2C_Master_Receive), (292 bytes).
    Removing stm32f3xx_hal_i2c.o(i.HAL_I2C_Master_Receive_DMA), (304 bytes).
    Removing stm32f3xx_hal_i2c.o(i.HAL_I2C_Master_Receive_IT), (136 bytes).
    Removing stm32f3xx_hal_i2c.o(i.HAL_I2C_Master_Seq_Receive_DMA), (336 bytes).
    Removing stm32f3xx_hal_i2c.o(i.HAL_I2C_Master_Seq_Receive_IT), (164 bytes).
    Removing stm32f3xx_hal_i2c.o(i.HAL_I2C_Master_Seq_Transmit_DMA), (336 bytes).
    Removing stm32f3xx_hal_i2c.o(i.HAL_I2C_Master_Seq_Transmit_IT), (160 bytes).
    Removing stm32f3xx_hal_i2c.o(i.HAL_I2C_Master_Transmit), (292 bytes).
    Removing stm32f3xx_hal_i2c.o(i.HAL_I2C_Master_Transmit_DMA), (304 bytes).
    Removing stm32f3xx_hal_i2c.o(i.HAL_I2C_Master_Transmit_IT), (136 bytes).
    Removing stm32f3xx_hal_i2c.o(i.HAL_I2C_MemRxCpltCallback), (2 bytes).
    Removing stm32f3xx_hal_i2c.o(i.HAL_I2C_MemTxCpltCallback), (2 bytes).
    Removing stm32f3xx_hal_i2c.o(i.HAL_I2C_Mem_Read_DMA), (320 bytes).
    Removing stm32f3xx_hal_i2c.o(i.HAL_I2C_Mem_Read_IT), (204 bytes).
    Removing stm32f3xx_hal_i2c.o(i.HAL_I2C_Mem_Write_DMA), (312 bytes).
    Removing stm32f3xx_hal_i2c.o(i.HAL_I2C_Mem_Write_IT), (196 bytes).
    Removing stm32f3xx_hal_i2c.o(i.HAL_I2C_MspDeInit), (2 bytes).
    Removing stm32f3xx_hal_i2c.o(i.HAL_I2C_MspInit), (2 bytes).
    Removing stm32f3xx_hal_i2c.o(i.HAL_I2C_SlaveRxCpltCallback), (2 bytes).
    Removing stm32f3xx_hal_i2c.o(i.HAL_I2C_SlaveTxCpltCallback), (2 bytes).
    Removing stm32f3xx_hal_i2c.o(i.HAL_I2C_Slave_Receive), (298 bytes).
    Removing stm32f3xx_hal_i2c.o(i.HAL_I2C_Slave_Receive_DMA), (220 bytes).
    Removing stm32f3xx_hal_i2c.o(i.HAL_I2C_Slave_Receive_IT), (92 bytes).
    Removing stm32f3xx_hal_i2c.o(i.HAL_I2C_Slave_Seq_Receive_DMA), (360 bytes).
    Removing stm32f3xx_hal_i2c.o(i.HAL_I2C_Slave_Seq_Receive_IT), (196 bytes).
    Removing stm32f3xx_hal_i2c.o(i.HAL_I2C_Slave_Seq_Transmit_DMA), (360 bytes).
    Removing stm32f3xx_hal_i2c.o(i.HAL_I2C_Slave_Seq_Transmit_IT), (196 bytes).
    Removing stm32f3xx_hal_i2c.o(i.HAL_I2C_Slave_Transmit), (302 bytes).
    Removing stm32f3xx_hal_i2c.o(i.HAL_I2C_Slave_Transmit_DMA), (212 bytes).
    Removing stm32f3xx_hal_i2c.o(i.HAL_I2C_Slave_Transmit_IT), (92 bytes).
    Removing stm32f3xx_hal_i2c.o(i.I2C_ConvertOtherXferOptions), (26 bytes).
    Removing stm32f3xx_hal_i2c.o(i.I2C_DMAAbort), (40 bytes).
    Removing stm32f3xx_hal_i2c.o(i.I2C_DMAError), (18 bytes).
    Removing stm32f3xx_hal_i2c.o(i.I2C_DMAMasterReceiveCplt), (78 bytes).
    Removing stm32f3xx_hal_i2c.o(i.I2C_DMAMasterTransmitCplt), (78 bytes).
    Removing stm32f3xx_hal_i2c.o(i.I2C_DMASlaveReceiveCplt), (36 bytes).
    Removing stm32f3xx_hal_i2c.o(i.I2C_DMASlaveTransmitCplt), (30 bytes).
    Removing stm32f3xx_hal_i2c.o(i.I2C_Disable_IRQ), (84 bytes).
    Removing stm32f3xx_hal_i2c.o(i.I2C_Enable_IRQ), (92 bytes).
    Removing stm32f3xx_hal_i2c.o(i.I2C_ITAddrCplt), (136 bytes).
    Removing stm32f3xx_hal_i2c.o(i.I2C_ITError), (224 bytes).
    Removing stm32f3xx_hal_i2c.o(i.I2C_ITListenCplt), (96 bytes).
    Removing stm32f3xx_hal_i2c.o(i.I2C_ITMasterCplt), (180 bytes).
    Removing stm32f3xx_hal_i2c.o(i.I2C_ITMasterSeqCplt), (76 bytes).
    Removing stm32f3xx_hal_i2c.o(i.I2C_ITSlaveCplt), (240 bytes).
    Removing stm32f3xx_hal_i2c.o(i.I2C_ITSlaveSeqCplt), (84 bytes).
    Removing stm32f3xx_hal_i2c.o(i.I2C_Master_ISR_DMA), (272 bytes).
    Removing stm32f3xx_hal_i2c.o(i.I2C_Master_ISR_IT), (296 bytes).
    Removing stm32f3xx_hal_i2c.o(i.I2C_Slave_ISR_DMA), (236 bytes).
    Removing stm32f3xx_hal_i2c.o(i.I2C_Slave_ISR_IT), (288 bytes).
    Removing stm32f3xx_hal_i2c.o(i.I2C_WaitOnRXNEFlagUntilTimeout), (132 bytes).
    Removing stm32f3xx_hal_i2c_ex.o(.rev16_text), (4 bytes).
    Removing stm32f3xx_hal_i2c_ex.o(.revsh_text), (4 bytes).
    Removing stm32f3xx_hal_i2c_ex.o(.rrx_text), (6 bytes).
    Removing stm32f3xx_hal_i2c_ex.o(i.HAL_I2CEx_DisableFastModePlus), (40 bytes).
    Removing stm32f3xx_hal_i2c_ex.o(i.HAL_I2CEx_DisableWakeUp), (78 bytes).
    Removing stm32f3xx_hal_i2c_ex.o(i.HAL_I2CEx_EnableFastModePlus), (40 bytes).
    Removing stm32f3xx_hal_i2c_ex.o(i.HAL_I2CEx_EnableWakeUp), (78 bytes).
    Removing stm32f3xx_hal.o(.rev16_text), (4 bytes).
    Removing stm32f3xx_hal.o(.revsh_text), (4 bytes).
    Removing stm32f3xx_hal.o(.rrx_text), (6 bytes).
    Removing stm32f3xx_hal.o(i.HAL_DBGMCU_DisableDBGSleepMode), (16 bytes).
    Removing stm32f3xx_hal.o(i.HAL_DBGMCU_DisableDBGStandbyMode), (16 bytes).
    Removing stm32f3xx_hal.o(i.HAL_DBGMCU_DisableDBGStopMode), (16 bytes).
    Removing stm32f3xx_hal.o(i.HAL_DBGMCU_EnableDBGSleepMode), (16 bytes).
    Removing stm32f3xx_hal.o(i.HAL_DBGMCU_EnableDBGStandbyMode), (16 bytes).
    Removing stm32f3xx_hal.o(i.HAL_DBGMCU_EnableDBGStopMode), (16 bytes).
    Removing stm32f3xx_hal.o(i.HAL_DeInit), (36 bytes).
    Removing stm32f3xx_hal.o(i.HAL_Delay), (36 bytes).
    Removing stm32f3xx_hal.o(i.HAL_GetDEVID), (16 bytes).
    Removing stm32f3xx_hal.o(i.HAL_GetHalVersion), (8 bytes).
    Removing stm32f3xx_hal.o(i.HAL_GetREVID), (12 bytes).
    Removing stm32f3xx_hal.o(i.HAL_GetTickFreq), (12 bytes).
    Removing stm32f3xx_hal.o(i.HAL_GetTickPrio), (12 bytes).
    Removing stm32f3xx_hal.o(i.HAL_GetUIDw0), (12 bytes).
    Removing stm32f3xx_hal.o(i.HAL_GetUIDw1), (12 bytes).
    Removing stm32f3xx_hal.o(i.HAL_GetUIDw2), (12 bytes).
    Removing stm32f3xx_hal.o(i.HAL_MspDeInit), (2 bytes).
    Removing stm32f3xx_hal.o(i.HAL_MspInit), (2 bytes).
    Removing stm32f3xx_hal.o(i.HAL_ResumeTick), (14 bytes).
    Removing stm32f3xx_hal.o(i.HAL_SetTickFreq), (36 bytes).
    Removing stm32f3xx_hal.o(i.HAL_SuspendTick), (14 bytes).
    Removing stm32f3xx_hal_rcc.o(.rev16_text), (4 bytes).
    Removing stm32f3xx_hal_rcc.o(.revsh_text), (4 bytes).
    Removing stm32f3xx_hal_rcc.o(.rrx_text), (6 bytes).
    Removing stm32f3xx_hal_rcc.o(i.HAL_RCC_CSSCallback), (2 bytes).
    Removing stm32f3xx_hal_rcc.o(i.HAL_RCC_DeInit), (224 bytes).
    Removing stm32f3xx_hal_rcc.o(i.HAL_RCC_DisableCSS), (28 bytes).
    Removing stm32f3xx_hal_rcc.o(i.HAL_RCC_EnableCSS), (24 bytes).
    Removing stm32f3xx_hal_rcc.o(i.HAL_RCC_GetClockConfig), (64 bytes).
    Removing stm32f3xx_hal_rcc.o(i.HAL_RCC_GetHCLKFreq), (12 bytes).
    Removing stm32f3xx_hal_rcc.o(i.HAL_RCC_GetOscConfig), (156 bytes).
    Removing stm32f3xx_hal_rcc.o(i.HAL_RCC_GetPCLK1Freq), (48 bytes).
    Removing stm32f3xx_hal_rcc.o(i.HAL_RCC_GetPCLK2Freq), (48 bytes).
    Removing stm32f3xx_hal_rcc.o(i.HAL_RCC_MCOConfig), (76 bytes).
    Removing stm32f3xx_hal_rcc.o(i.HAL_RCC_NMI_IRQHandler), (24 bytes).
    Removing stm32f3xx_hal_rcc_ex.o(.rev16_text), (4 bytes).
    Removing stm32f3xx_hal_rcc_ex.o(.revsh_text), (4 bytes).
    Removing stm32f3xx_hal_rcc_ex.o(.rrx_text), (6 bytes).
    Removing stm32f3xx_hal_rcc_ex.o(i.HAL_RCCEx_GetPeriphCLKConfig), (72 bytes).
    Removing stm32f3xx_hal_rcc_ex.o(i.HAL_RCCEx_GetPeriphCLKFreq), (276 bytes).
    Removing stm32f3xx_hal_rcc_ex.o(i.RCC_GetPLLCLKFreq), (60 bytes).
    Removing stm32f3xx_hal_rcc_ex.o(.constdata), (32 bytes).
    Removing stm32f3xx_hal_gpio.o(.rev16_text), (4 bytes).
    Removing stm32f3xx_hal_gpio.o(.revsh_text), (4 bytes).
    Removing stm32f3xx_hal_gpio.o(.rrx_text), (6 bytes).
    Removing stm32f3xx_hal_gpio.o(i.HAL_GPIO_DeInit), (292 bytes).
    Removing stm32f3xx_hal_gpio.o(i.HAL_GPIO_EXTI_Callback), (2 bytes).
    Removing stm32f3xx_hal_gpio.o(i.HAL_GPIO_EXTI_IRQHandler), (24 bytes).
    Removing stm32f3xx_hal_gpio.o(i.HAL_GPIO_LockPin), (34 bytes).
    Removing stm32f3xx_hal_gpio.o(i.HAL_GPIO_ReadPin), (10 bytes).
    Removing stm32f3xx_hal_gpio.o(i.HAL_GPIO_TogglePin), (12 bytes).
    Removing stm32f3xx_hal_gpio.o(i.HAL_GPIO_WritePin), (10 bytes).
    Removing stm32f3xx_hal_dma.o(.rev16_text), (4 bytes).
    Removing stm32f3xx_hal_dma.o(.revsh_text), (4 bytes).
    Removing stm32f3xx_hal_dma.o(.rrx_text), (6 bytes).
    Removing stm32f3xx_hal_dma.o(i.DMA_CalcBaseAndBitshift), (32 bytes).
    Removing stm32f3xx_hal_dma.o(i.DMA_SetConfig), (42 bytes).
    Removing stm32f3xx_hal_dma.o(i.HAL_DMA_Abort), (70 bytes).
    Removing stm32f3xx_hal_dma.o(i.HAL_DMA_Abort_IT), (74 bytes).
    Removing stm32f3xx_hal_dma.o(i.HAL_DMA_DeInit), (78 bytes).
    Removing stm32f3xx_hal_dma.o(i.HAL_DMA_GetError), (4 bytes).
    Removing stm32f3xx_hal_dma.o(i.HAL_DMA_GetState), (6 bytes).
    Removing stm32f3xx_hal_dma.o(i.HAL_DMA_IRQHandler), (168 bytes).
    Removing stm32f3xx_hal_dma.o(i.HAL_DMA_Init), (78 bytes).
    Removing stm32f3xx_hal_dma.o(i.HAL_DMA_PollForTransfer), (206 bytes).
    Removing stm32f3xx_hal_dma.o(i.HAL_DMA_RegisterCallback), (74 bytes).
    Removing stm32f3xx_hal_dma.o(i.HAL_DMA_Start), (80 bytes).
    Removing stm32f3xx_hal_dma.o(i.HAL_DMA_Start_IT), (112 bytes).
    Removing stm32f3xx_hal_dma.o(i.HAL_DMA_UnRegisterCallback), (82 bytes).
    Removing stm32f3xx_hal_cortex.o(.rev16_text), (4 bytes).
    Removing stm32f3xx_hal_cortex.o(.revsh_text), (4 bytes).
    Removing stm32f3xx_hal_cortex.o(.rrx_text), (6 bytes).
    Removing stm32f3xx_hal_cortex.o(i.HAL_NVIC_ClearPendingIRQ), (26 bytes).
    Removing stm32f3xx_hal_cortex.o(i.HAL_NVIC_DisableIRQ), (34 bytes).
    Removing stm32f3xx_hal_cortex.o(i.HAL_NVIC_EnableIRQ), (26 bytes).
    Removing stm32f3xx_hal_cortex.o(i.HAL_NVIC_GetActive), (36 bytes).
    Removing stm32f3xx_hal_cortex.o(i.HAL_NVIC_GetPendingIRQ), (36 bytes).
    Removing stm32f3xx_hal_cortex.o(i.HAL_NVIC_GetPriority), (82 bytes).
    Removing stm32f3xx_hal_cortex.o(i.HAL_NVIC_GetPriorityGrouping), (16 bytes).
    Removing stm32f3xx_hal_cortex.o(i.HAL_NVIC_SetPendingIRQ), (26 bytes).
    Removing stm32f3xx_hal_cortex.o(i.HAL_NVIC_SystemReset), (36 bytes).
    Removing stm32f3xx_hal_cortex.o(i.HAL_SYSTICK_CLKSourceConfig), (24 bytes).
    Removing stm32f3xx_hal_cortex.o(i.HAL_SYSTICK_Callback), (2 bytes).
    Removing stm32f3xx_hal_cortex.o(i.HAL_SYSTICK_IRQHandler), (8 bytes).
    Removing stm32f3xx_hal_pwr.o(.rev16_text), (4 bytes).
    Removing stm32f3xx_hal_pwr.o(.revsh_text), (4 bytes).
    Removing stm32f3xx_hal_pwr.o(.rrx_text), (6 bytes).
    Removing stm32f3xx_hal_pwr.o(i.HAL_PWR_DeInit), (24 bytes).
    Removing stm32f3xx_hal_pwr.o(i.HAL_PWR_DisableBkUpAccess), (16 bytes).
    Removing stm32f3xx_hal_pwr.o(i.HAL_PWR_DisableSEVOnPend), (16 bytes).
    Removing stm32f3xx_hal_pwr.o(i.HAL_PWR_DisableSleepOnExit), (16 bytes).
    Removing stm32f3xx_hal_pwr.o(i.HAL_PWR_DisableWakeUpPin), (16 bytes).
    Removing stm32f3xx_hal_pwr.o(i.HAL_PWR_EnableBkUpAccess), (16 bytes).
    Removing stm32f3xx_hal_pwr.o(i.HAL_PWR_EnableSEVOnPend), (16 bytes).
    Removing stm32f3xx_hal_pwr.o(i.HAL_PWR_EnableSleepOnExit), (16 bytes).
    Removing stm32f3xx_hal_pwr.o(i.HAL_PWR_EnableWakeUpPin), (16 bytes).
    Removing stm32f3xx_hal_pwr.o(i.HAL_PWR_EnterSLEEPMode), (32 bytes).
    Removing stm32f3xx_hal_pwr.o(i.HAL_PWR_EnterSTANDBYMode), (32 bytes).
    Removing stm32f3xx_hal_pwr.o(i.HAL_PWR_EnterSTOPMode), (56 bytes).
    Removing stm32f3xx_hal_pwr_ex.o(.rev16_text), (4 bytes).
    Removing stm32f3xx_hal_pwr_ex.o(.revsh_text), (4 bytes).
    Removing stm32f3xx_hal_pwr_ex.o(.rrx_text), (6 bytes).
    Removing stm32f3xx_hal_pwr_ex.o(i.HAL_PWR_ConfigPVD), (124 bytes).
    Removing stm32f3xx_hal_pwr_ex.o(i.HAL_PWR_DisablePVD), (16 bytes).
    Removing stm32f3xx_hal_pwr_ex.o(i.HAL_PWR_EnablePVD), (16 bytes).
    Removing stm32f3xx_hal_pwr_ex.o(i.HAL_PWR_PVDCallback), (2 bytes).
    Removing stm32f3xx_hal_pwr_ex.o(i.HAL_PWR_PVD_IRQHandler), (28 bytes).
    Removing stm32f3xx_hal_flash.o(.rev16_text), (4 bytes).
    Removing stm32f3xx_hal_flash.o(.revsh_text), (4 bytes).
    Removing stm32f3xx_hal_flash.o(.rrx_text), (6 bytes).
    Removing stm32f3xx_hal_flash.o(i.FLASH_Program_HalfWord), (28 bytes).
    Removing stm32f3xx_hal_flash.o(i.FLASH_SetErrorCode), (52 bytes).
    Removing stm32f3xx_hal_flash.o(i.FLASH_WaitForLastOperation), (80 bytes).
    Removing stm32f3xx_hal_flash.o(i.HAL_FLASH_EndOfOperationCallback), (2 bytes).
    Removing stm32f3xx_hal_flash.o(i.HAL_FLASH_GetError), (12 bytes).
    Removing stm32f3xx_hal_flash.o(i.HAL_FLASH_IRQHandler), (264 bytes).
    Removing stm32f3xx_hal_flash.o(i.HAL_FLASH_Lock), (20 bytes).
    Removing stm32f3xx_hal_flash.o(i.HAL_FLASH_OB_Launch), (24 bytes).
    Removing stm32f3xx_hal_flash.o(i.HAL_FLASH_OB_Lock), (20 bytes).
    Removing stm32f3xx_hal_flash.o(i.HAL_FLASH_OB_Unlock), (36 bytes).
    Removing stm32f3xx_hal_flash.o(i.HAL_FLASH_OperationErrorCallback), (2 bytes).
    Removing stm32f3xx_hal_flash.o(i.HAL_FLASH_Program), (128 bytes).
    Removing stm32f3xx_hal_flash.o(i.HAL_FLASH_Program_IT), (100 bytes).
    Removing stm32f3xx_hal_flash.o(i.HAL_FLASH_Unlock), (40 bytes).
    Removing stm32f3xx_hal_flash.o(.bss), (32 bytes).
    Removing stm32f3xx_hal_flash_ex.o(.rev16_text), (4 bytes).
    Removing stm32f3xx_hal_flash_ex.o(.revsh_text), (4 bytes).
    Removing stm32f3xx_hal_flash_ex.o(.rrx_text), (6 bytes).
    Removing stm32f3xx_hal_flash_ex.o(i.FLASH_MassErase), (36 bytes).
    Removing stm32f3xx_hal_flash_ex.o(i.FLASH_OB_DisableWRP), (116 bytes).
    Removing stm32f3xx_hal_flash_ex.o(i.FLASH_OB_EnableWRP), (116 bytes).
    Removing stm32f3xx_hal_flash_ex.o(i.FLASH_OB_GetRDP), (32 bytes).
    Removing stm32f3xx_hal_flash_ex.o(i.FLASH_OB_RDP_LevelConfig), (100 bytes).
    Removing stm32f3xx_hal_flash_ex.o(i.FLASH_PageErase), (36 bytes).
    Removing stm32f3xx_hal_flash_ex.o(i.HAL_FLASHEx_Erase), (168 bytes).
    Removing stm32f3xx_hal_flash_ex.o(i.HAL_FLASHEx_Erase_IT), (84 bytes).
    Removing stm32f3xx_hal_flash_ex.o(i.HAL_FLASHEx_OBErase), (84 bytes).
    Removing stm32f3xx_hal_flash_ex.o(i.HAL_FLASHEx_OBGetConfig), (48 bytes).
    Removing stm32f3xx_hal_flash_ex.o(i.HAL_FLASHEx_OBGetUserData), (48 bytes).
    Removing stm32f3xx_hal_flash_ex.o(i.HAL_FLASHEx_OBProgram), (200 bytes).
    Removing stm32f3xx_hal_exti.o(.rev16_text), (4 bytes).
    Removing stm32f3xx_hal_exti.o(.revsh_text), (4 bytes).
    Removing stm32f3xx_hal_exti.o(.rrx_text), (6 bytes).
    Removing stm32f3xx_hal_exti.o(i.HAL_EXTI_ClearConfigLine), (128 bytes).
    Removing stm32f3xx_hal_exti.o(i.HAL_EXTI_ClearPending), (28 bytes).
    Removing stm32f3xx_hal_exti.o(i.HAL_EXTI_GenerateSWI), (28 bytes).
    Removing stm32f3xx_hal_exti.o(i.HAL_EXTI_GetConfigLine), (172 bytes).
    Removing stm32f3xx_hal_exti.o(i.HAL_EXTI_GetHandle), (12 bytes).
    Removing stm32f3xx_hal_exti.o(i.HAL_EXTI_GetPending), (32 bytes).
    Removing stm32f3xx_hal_exti.o(i.HAL_EXTI_IRQHandler), (44 bytes).
    Removing stm32f3xx_hal_exti.o(i.HAL_EXTI_RegisterCallback), (14 bytes).
    Removing stm32f3xx_hal_exti.o(i.HAL_EXTI_SetConfigLine), (176 bytes).
    Removing stm32f3xx_hal_tim.o(.rev16_text), (4 bytes).
    Removing stm32f3xx_hal_tim.o(.revsh_text), (4 bytes).
    Removing stm32f3xx_hal_tim.o(.rrx_text), (6 bytes).
    Removing stm32f3xx_hal_tim_ex.o(.rev16_text), (4 bytes).
    Removing stm32f3xx_hal_tim_ex.o(.revsh_text), (4 bytes).
    Removing stm32f3xx_hal_tim_ex.o(.rrx_text), (6 bytes).
    Removing system_stm32f3xx.o(.rev16_text), (4 bytes).
    Removing system_stm32f3xx.o(.revsh_text), (4 bytes).
    Removing system_stm32f3xx.o(.rrx_text), (6 bytes).
    Removing system_stm32f3xx.o(i.SystemCoreClockUpdate), (112 bytes).
    Removing system_stm32f3xx.o(.constdata), (8 bytes).

270 unused section(s) (total 17026 bytes) removed from the image.

==============================================================================

Image Symbol Table

    Local Symbols

    Symbol Name                              Value     Ov Type        Size  Object(Section)

    ../Drivers/STM32F3xx_HAL_Driver/Src/stm32f3xx_hal.c 0x00000000   Number         0  stm32f3xx_hal.o ABSOLUTE
    ../Drivers/STM32F3xx_HAL_Driver/Src/stm32f3xx_hal_cortex.c 0x00000000   Number         0  stm32f3xx_hal_cortex.o ABSOLUTE
    ../Drivers/STM32F3xx_HAL_Driver/Src/stm32f3xx_hal_dma.c 0x00000000   Number         0  stm32f3xx_hal_dma.o ABSOLUTE
    ../Drivers/STM32F3xx_HAL_Driver/Src/stm32f3xx_hal_exti.c 0x00000000   Number         0  stm32f3xx_hal_exti.o ABSOLUTE
    ../Drivers/STM32F3xx_HAL_Driver/Src/stm32f3xx_hal_flash.c 0x00000000   Number         0  stm32f3xx_hal_flash.o ABSOLUTE
    ../Drivers/STM32F3xx_HAL_Driver/Src/stm32f3xx_hal_flash_ex.c 0x00000000   Number         0  stm32f3xx_hal_flash_ex.o ABSOLUTE
    ../Drivers/STM32F3xx_HAL_Driver/Src/stm32f3xx_hal_gpio.c 0x00000000   Number         0  stm32f3xx_hal_gpio.o ABSOLUTE
    ../Drivers/STM32F3xx_HAL_Driver/Src/stm32f3xx_hal_i2c.c 0x00000000   Number         0  stm32f3xx_hal_i2c.o ABSOLUTE
    ../Drivers/STM32F3xx_HAL_Driver/Src/stm32f3xx_hal_i2c_ex.c 0x00000000   Number         0  stm32f3xx_hal_i2c_ex.o ABSOLUTE
    ../Drivers/STM32F3xx_HAL_Driver/Src/stm32f3xx_hal_pwr.c 0x00000000   Number         0  stm32f3xx_hal_pwr.o ABSOLUTE
    ../Drivers/STM32F3xx_HAL_Driver/Src/stm32f3xx_hal_pwr_ex.c 0x00000000   Number         0  stm32f3xx_hal_pwr_ex.o ABSOLUTE
    ../Drivers/STM32F3xx_HAL_Driver/Src/stm32f3xx_hal_rcc.c 0x00000000   Number         0  stm32f3xx_hal_rcc.o ABSOLUTE
    ../Drivers/STM32F3xx_HAL_Driver/Src/stm32f3xx_hal_rcc_ex.c 0x00000000   Number         0  stm32f3xx_hal_rcc_ex.o ABSOLUTE
    ../Drivers/STM32F3xx_HAL_Driver/Src/stm32f3xx_hal_tim.c 0x00000000   Number         0  stm32f3xx_hal_tim.o ABSOLUTE
    ../Drivers/STM32F3xx_HAL_Driver/Src/stm32f3xx_hal_tim_ex.c 0x00000000   Number         0  stm32f3xx_hal_tim_ex.o ABSOLUTE
    ../Src/gpio.c                            0x00000000   Number         0  gpio.o ABSOLUTE
    ../Src/i2c.c                             0x00000000   Number         0  i2c.o ABSOLUTE
    ../Src/main.c                            0x00000000   Number         0  main.o ABSOLUTE
    ../Src/stm32f3xx_hal_msp.c               0x00000000   Number         0  stm32f3xx_hal_msp.o ABSOLUTE
    ../Src/stm32f3xx_it.c                    0x00000000   Number         0  stm32f3xx_it.o ABSOLUTE
    ../Src/sys.c                             0x00000000   Number         0  sys.o ABSOLUTE
    ../Src/system_stm32f3xx.c                0x00000000   Number         0  system_stm32f3xx.o ABSOLUTE
    ../clib/microlib/division.c              0x00000000   Number         0  uldiv.o ABSOLUTE
    ../clib/microlib/init/entry.s            0x00000000   Number         0  entry.o ABSOLUTE
    ../clib/microlib/init/entry.s            0x00000000   Number         0  entry9a.o ABSOLUTE
    ../clib/microlib/init/entry.s            0x00000000   Number         0  entry8b.o ABSOLUTE
    ../clib/microlib/init/entry.s            0x00000000   Number         0  entry9b.o ABSOLUTE
    ../clib/microlib/init/entry.s            0x00000000   Number         0  entry7b.o ABSOLUTE
    ../clib/microlib/init/entry.s            0x00000000   Number         0  entry7a.o ABSOLUTE
    ../clib/microlib/init/entry.s            0x00000000   Number         0  entry5.o ABSOLUTE
    ../clib/microlib/init/entry.s            0x00000000   Number         0  entry2.o ABSOLUTE
    ../clib/microlib/init/entry.s            0x00000000   Number         0  entry10a.o ABSOLUTE
    ../clib/microlib/init/entry.s            0x00000000   Number         0  entry11a.o ABSOLUTE
    ../clib/microlib/init/entry.s            0x00000000   Number         0  entry10b.o ABSOLUTE
    ../clib/microlib/init/entry.s            0x00000000   Number         0  entry11b.o ABSOLUTE
    ../clib/microlib/init/entry.s            0x00000000   Number         0  entry8a.o ABSOLUTE
    ../clib/microlib/longlong.c              0x00000000   Number         0  llushr.o ABSOLUTE
    ../clib/microlib/longlong.c              0x00000000   Number         0  llshl.o ABSOLUTE
    ../clib/microlib/string/memcpy.c         0x00000000   Number         0  memcpyb.o ABSOLUTE
    ../clib/microlib/string/memcpy.c         0x00000000   Number         0  memcpya.o ABSOLUTE
    ../clib/microlib/string/memset.c         0x00000000   Number         0  memseta.o ABSOLUTE
    ..\Drivers\STM32F3xx_HAL_Driver\Src\stm32f3xx_hal.c 0x00000000   Number         0  stm32f3xx_hal.o ABSOLUTE
    ..\Drivers\STM32F3xx_HAL_Driver\Src\stm32f3xx_hal_cortex.c 0x00000000   Number         0  stm32f3xx_hal_cortex.o ABSOLUTE
    ..\Drivers\STM32F3xx_HAL_Driver\Src\stm32f3xx_hal_dma.c 0x00000000   Number         0  stm32f3xx_hal_dma.o ABSOLUTE
    ..\Drivers\STM32F3xx_HAL_Driver\Src\stm32f3xx_hal_exti.c 0x00000000   Number         0  stm32f3xx_hal_exti.o ABSOLUTE
    ..\Drivers\STM32F3xx_HAL_Driver\Src\stm32f3xx_hal_flash.c 0x00000000   Number         0  stm32f3xx_hal_flash.o ABSOLUTE
    ..\Drivers\STM32F3xx_HAL_Driver\Src\stm32f3xx_hal_flash_ex.c 0x00000000   Number         0  stm32f3xx_hal_flash_ex.o ABSOLUTE
    ..\Drivers\STM32F3xx_HAL_Driver\Src\stm32f3xx_hal_gpio.c 0x00000000   Number         0  stm32f3xx_hal_gpio.o ABSOLUTE
    ..\Drivers\STM32F3xx_HAL_Driver\Src\stm32f3xx_hal_i2c.c 0x00000000   Number         0  stm32f3xx_hal_i2c.o ABSOLUTE
    ..\Drivers\STM32F3xx_HAL_Driver\Src\stm32f3xx_hal_i2c_ex.c 0x00000000   Number         0  stm32f3xx_hal_i2c_ex.o ABSOLUTE
    ..\Drivers\STM32F3xx_HAL_Driver\Src\stm32f3xx_hal_pwr.c 0x00000000   Number         0  stm32f3xx_hal_pwr.o ABSOLUTE
    ..\Drivers\STM32F3xx_HAL_Driver\Src\stm32f3xx_hal_pwr_ex.c 0x00000000   Number         0  stm32f3xx_hal_pwr_ex.o ABSOLUTE
    ..\Drivers\STM32F3xx_HAL_Driver\Src\stm32f3xx_hal_rcc.c 0x00000000   Number         0  stm32f3xx_hal_rcc.o ABSOLUTE
    ..\Drivers\STM32F3xx_HAL_Driver\Src\stm32f3xx_hal_rcc_ex.c 0x00000000   Number         0  stm32f3xx_hal_rcc_ex.o ABSOLUTE
    ..\Drivers\STM32F3xx_HAL_Driver\Src\stm32f3xx_hal_tim.c 0x00000000   Number         0  stm32f3xx_hal_tim.o ABSOLUTE
    ..\Drivers\STM32F3xx_HAL_Driver\Src\stm32f3xx_hal_tim_ex.c 0x00000000   Number         0  stm32f3xx_hal_tim_ex.o ABSOLUTE
    ..\Src\gpio.c                            0x00000000   Number         0  gpio.o ABSOLUTE
    ..\Src\i2c.c                             0x00000000   Number         0  i2c.o ABSOLUTE
    ..\Src\main.c                            0x00000000   Number         0  main.o ABSOLUTE
    ..\Src\stm32f3xx_hal_msp.c               0x00000000   Number         0  stm32f3xx_hal_msp.o ABSOLUTE
    ..\Src\stm32f3xx_it.c                    0x00000000   Number         0  stm32f3xx_it.o ABSOLUTE
    ..\Src\sys.c                             0x00000000   Number         0  sys.o ABSOLUTE
    ..\Src\system_stm32f3xx.c                0x00000000   Number         0  system_stm32f3xx.o ABSOLUTE
    ..\Src\tm_stm32_mpu6050.c                0x00000000   Number         0  tm_stm32_mpu6050.o ABSOLUTE
    ..\\Src\\tm_stm32_mpu6050.c              0x00000000   Number         0  tm_stm32_mpu6050.o ABSOLUTE
    dc.s                                     0x00000000   Number         0  dc.o ABSOLUTE
    handlers.s                               0x00000000   Number         0  handlers.o ABSOLUTE
    init.s                                   0x00000000   Number         0  init.o ABSOLUTE
    startup_stm32f303x8.s                    0x00000000   Number         0  startup_stm32f303x8.o ABSOLUTE
    RESET                                    0x08000000   Section      392  startup_stm32f303x8.o(RESET)
    .ARM.Collect$$$$00000000                 0x08000188   Section        0  entry.o(.ARM.Collect$$$$00000000)
    .ARM.Collect$$$$00000001                 0x08000188   Section        4  entry2.o(.ARM.Collect$$$$00000001)
    .ARM.Collect$$$$00000004                 0x0800018c   Section        4  entry5.o(.ARM.Collect$$$$00000004)
    .ARM.Collect$$$$00000008                 0x08000190   Section        0  entry7b.o(.ARM.Collect$$$$00000008)
    .ARM.Collect$$$$0000000A                 0x08000190   Section        0  entry8b.o(.ARM.Collect$$$$0000000A)
    .ARM.Collect$$$$0000000B                 0x08000190   Section        8  entry9a.o(.ARM.Collect$$$$0000000B)
    .ARM.Collect$$$$0000000D                 0x08000198   Section        0  entry10a.o(.ARM.Collect$$$$0000000D)
    .ARM.Collect$$$$0000000F                 0x08000198   Section        0  entry11a.o(.ARM.Collect$$$$0000000F)
    .ARM.Collect$$$$00002712                 0x08000198   Section        4  entry2.o(.ARM.Collect$$$$00002712)
    __lit__00000000                          0x08000198   Data           4  entry2.o(.ARM.Collect$$$$00002712)
    .text                                    0x0800019c   Section       36  startup_stm32f303x8.o(.text)
    $v0                                      0x0800019c   Number         0  startup_stm32f303x8.o(.text)
    .text                                    0x080001c0   Section        0  uldiv.o(.text)
    .text                                    0x08000222   Section        0  llushr.o(.text)
    .text                                    0x08000242   Section        0  memseta.o(.text)
    .text                                    0x08000266   Section        0  llshl.o(.text)
    .text                                    0x08000284   Section       36  init.o(.text)
    i.BusFault_Handler                       0x080002a8   Section        0  stm32f3xx_it.o(i.BusFault_Handler)
    i.DebugMon_Handler                       0x080002aa   Section        0  stm32f3xx_it.o(i.DebugMon_Handler)
    i.Error_Handler                          0x080002ac   Section        0  main.o(i.Error_Handler)
    i.HAL_GPIO_Init                          0x080002b0   Section        0  stm32f3xx_hal_gpio.o(i.HAL_GPIO_Init)
    i.HAL_GetTick                            0x08000430   Section        0  stm32f3xx_hal.o(i.HAL_GetTick)
    i.HAL_I2CEx_ConfigAnalogFilter           0x0800043c   Section        0  stm32f3xx_hal_i2c_ex.o(i.HAL_I2CEx_ConfigAnalogFilter)
    i.HAL_I2CEx_ConfigDigitalFilter          0x08000492   Section        0  stm32f3xx_hal_i2c_ex.o(i.HAL_I2CEx_ConfigDigitalFilter)
    i.HAL_I2C_Init                           0x080004e4   Section        0  stm32f3xx_hal_i2c.o(i.HAL_I2C_Init)
    i.HAL_I2C_Mem_Read                       0x0800059c   Section        0  stm32f3xx_hal_i2c.o(i.HAL_I2C_Mem_Read)
    i.HAL_I2C_Mem_Write                      0x08000700   Section        0  stm32f3xx_hal_i2c.o(i.HAL_I2C_Mem_Write)
    i.HAL_I2C_MspInit                        0x08000858   Section        0  i2c.o(i.HAL_I2C_MspInit)
    i.HAL_IncTick                            0x080008bc   Section        0  stm32f3xx_hal.o(i.HAL_IncTick)
    i.HAL_Init                               0x080008cc   Section        0  stm32f3xx_hal.o(i.HAL_Init)
    i.HAL_InitTick                           0x080008f0   Section        0  stm32f3xx_hal.o(i.HAL_InitTick)
    i.HAL_MspInit                            0x08000930   Section        0  stm32f3xx_hal_msp.o(i.HAL_MspInit)
    i.HAL_NVIC_SetPriority                   0x0800095c   Section        0  stm32f3xx_hal_cortex.o(i.HAL_NVIC_SetPriority)
    i.HAL_NVIC_SetPriorityGrouping           0x0800099c   Section        0  stm32f3xx_hal_cortex.o(i.HAL_NVIC_SetPriorityGrouping)
    i.HAL_RCCEx_PeriphCLKConfig              0x080009c0   Section        0  stm32f3xx_hal_rcc_ex.o(i.HAL_RCCEx_PeriphCLKConfig)
    i.HAL_RCC_ClockConfig                    0x08000b34   Section        0  stm32f3xx_hal_rcc.o(i.HAL_RCC_ClockConfig)
    i.HAL_RCC_GetSysClockFreq                0x08000c7c   Section        0  stm32f3xx_hal_rcc.o(i.HAL_RCC_GetSysClockFreq)
    i.HAL_RCC_OscConfig                      0x08000ce8   Section        0  stm32f3xx_hal_rcc.o(i.HAL_RCC_OscConfig)
    i.HAL_SYSTICK_Config                     0x080012b0   Section        0  stm32f3xx_hal_cortex.o(i.HAL_SYSTICK_Config)
    i.HardFault_Handler                      0x080012d8   Section        0  stm32f3xx_it.o(i.HardFault_Handler)
    i.I2C_Flush_TXDR                         0x080012da   Section        0  stm32f3xx_hal_i2c.o(i.I2C_Flush_TXDR)
    I2C_Flush_TXDR                           0x080012db   Thumb Code    34  stm32f3xx_hal_i2c.o(i.I2C_Flush_TXDR)
    i.I2C_IsAcknowledgeFailed                0x080012fc   Section        0  stm32f3xx_hal_i2c.o(i.I2C_IsAcknowledgeFailed)
    I2C_IsAcknowledgeFailed                  0x080012fd   Thumb Code   128  stm32f3xx_hal_i2c.o(i.I2C_IsAcknowledgeFailed)
    i.I2C_RequestMemoryRead                  0x08001380   Section        0  stm32f3xx_hal_i2c.o(i.I2C_RequestMemoryRead)
    I2C_RequestMemoryRead                    0x08001381   Thumb Code    94  stm32f3xx_hal_i2c.o(i.I2C_RequestMemoryRead)
    i.I2C_RequestMemoryWrite                 0x080013e4   Section        0  stm32f3xx_hal_i2c.o(i.I2C_RequestMemoryWrite)
    I2C_RequestMemoryWrite                   0x080013e5   Thumb Code    94  stm32f3xx_hal_i2c.o(i.I2C_RequestMemoryWrite)
    i.I2C_TransferConfig                     0x08001448   Section        0  stm32f3xx_hal_i2c.o(i.I2C_TransferConfig)
    I2C_TransferConfig                       0x08001449   Thumb Code    40  stm32f3xx_hal_i2c.o(i.I2C_TransferConfig)
    i.I2C_WaitOnFlagUntilTimeout             0x08001474   Section        0  stm32f3xx_hal_i2c.o(i.I2C_WaitOnFlagUntilTimeout)
    I2C_WaitOnFlagUntilTimeout               0x08001475   Thumb Code    88  stm32f3xx_hal_i2c.o(i.I2C_WaitOnFlagUntilTimeout)
    i.I2C_WaitOnSTOPFlagUntilTimeout         0x080014cc   Section        0  stm32f3xx_hal_i2c.o(i.I2C_WaitOnSTOPFlagUntilTimeout)
    I2C_WaitOnSTOPFlagUntilTimeout           0x080014cd   Thumb Code    76  stm32f3xx_hal_i2c.o(i.I2C_WaitOnSTOPFlagUntilTimeout)
    i.I2C_WaitOnTXISFlagUntilTimeout         0x08001518   Section        0  stm32f3xx_hal_i2c.o(i.I2C_WaitOnTXISFlagUntilTimeout)
    I2C_WaitOnTXISFlagUntilTimeout           0x08001519   Thumb Code    80  stm32f3xx_hal_i2c.o(i.I2C_WaitOnTXISFlagUntilTimeout)
    i.MX_GPIO_Init                           0x08001568   Section        0  gpio.o(i.MX_GPIO_Init)
    i.MX_I2C1_Init                           0x08001584   Section        0  i2c.o(i.MX_I2C1_Init)
    i.MemManage_Handler                      0x080015dc   Section        0  stm32f3xx_it.o(i.MemManage_Handler)
    i.NMI_Handler                            0x080015de   Section        0  stm32f3xx_it.o(i.NMI_Handler)
    i.PendSV_Handler                         0x080015e0   Section        0  stm32f3xx_it.o(i.PendSV_Handler)
    i.SVC_Handler                            0x080015e2   Section        0  stm32f3xx_it.o(i.SVC_Handler)
    i.SysTick_Handler                        0x080015e4   Section        0  stm32f3xx_it.o(i.SysTick_Handler)
    i.SystemClock_Config                     0x080015e8   Section        0  main.o(i.SystemClock_Config)
    i.SystemInit                             0x08001640   Section        0  system_stm32f3xx.o(i.SystemInit)
    i.TM_MPU6050_Init                        0x0800165c   Section        0  tm_stm32_mpu6050.o(i.TM_MPU6050_Init)
    i.TM_MPU6050_ReadAll                     0x080016cc   Section        0  tm_stm32_mpu6050.o(i.TM_MPU6050_ReadAll)
    i.TM_MPU6050_SetAccelerometer            0x08001754   Section        0  tm_stm32_mpu6050.o(i.TM_MPU6050_SetAccelerometer)
    i.TM_MPU6050_SetDataRate                 0x080017e8   Section        0  tm_stm32_mpu6050.o(i.TM_MPU6050_SetDataRate)
    i.TM_MPU6050_SetGyroscope                0x08001814   Section        0  tm_stm32_mpu6050.o(i.TM_MPU6050_SetGyroscope)
    i.UsageFault_Handler                     0x080018a8   Section        0  stm32f3xx_it.o(i.UsageFault_Handler)
    i.__NVIC_SetPriority                     0x080018aa   Section        0  stm32f3xx_hal_cortex.o(i.__NVIC_SetPriority)
    __NVIC_SetPriority                       0x080018ab   Thumb Code    32  stm32f3xx_hal_cortex.o(i.__NVIC_SetPriority)
    i.__scatterload_copy                     0x080018ca   Section       14  handlers.o(i.__scatterload_copy)
    i.__scatterload_null                     0x080018d8   Section        2  handlers.o(i.__scatterload_null)
    i.__scatterload_zeroinit                 0x080018da   Section       14  handlers.o(i.__scatterload_zeroinit)
    i.main                                   0x080018e8   Section        0  main.o(i.main)
    .constdata                               0x08001910   Section       32  stm32f3xx_hal_rcc.o(.constdata)
    .constdata                               0x08001930   Section       16  system_stm32f3xx.o(.constdata)
    .data                                    0x20000000   Section        1  tm_stm32_mpu6050.o(.data)
    .data                                    0x20000004   Section       12  stm32f3xx_hal.o(.data)
    .data                                    0x20000010   Section        4  system_stm32f3xx.o(.data)
    .bss                                     0x20000014   Section       28  main.o(.bss)
    .bss                                     0x20000030   Section       76  i2c.o(.bss)
    STACK                                    0x20000080   Section     1024  startup_stm32f303x8.o(STACK)

    Global Symbols

    Symbol Name                              Value     Ov Type        Size  Object(Section)

    BuildAttributes$$THM_ISAv4$E$P$D$K$B$S$7EM$VFPi3$EXTD16$VFPS$VFMA$PE$A:L22UL41UL21$X:L11$S22US41US21$IEEE1$IW$USESV6$~STKCKD$USESV7$~SHL$OSPACE$EBA8$MICROLIB$REQ8$PRES8$EABIv2 0x00000000   Number         0  anon$$obj.o ABSOLUTE
    __ARM_use_no_argv                        0x00000000   Number         0  main.o ABSOLUTE
    __cpp_initialize__aeabi_                  - Undefined Weak Reference
    __cxa_finalize                            - Undefined Weak Reference
    __decompress                              - Undefined Weak Reference
    _clock_init                               - Undefined Weak Reference
    _microlib_exit                            - Undefined Weak Reference
    __Vectors_Size                           0x00000188   Number         0  startup_stm32f303x8.o ABSOLUTE
    __Vectors                                0x08000000   Data           4  startup_stm32f303x8.o(RESET)
    __Vectors_End                            0x08000188   Data           0  startup_stm32f303x8.o(RESET)
    __main                                   0x08000189   Thumb Code     0  entry.o(.ARM.Collect$$$$00000000)
    _main_stk                                0x08000189   Thumb Code     0  entry2.o(.ARM.Collect$$$$00000001)
    _main_scatterload                        0x0800018d   Thumb Code     0  entry5.o(.ARM.Collect$$$$00000004)
    __main_after_scatterload                 0x08000191   Thumb Code     0  entry5.o(.ARM.Collect$$$$00000004)
    _main_clock                              0x08000191   Thumb Code     0  entry7b.o(.ARM.Collect$$$$00000008)
    _main_cpp_init                           0x08000191   Thumb Code     0  entry8b.o(.ARM.Collect$$$$0000000A)
    _main_init                               0x08000191   Thumb Code     0  entry9a.o(.ARM.Collect$$$$0000000B)
    __rt_final_cpp                           0x08000199   Thumb Code     0  entry10a.o(.ARM.Collect$$$$0000000D)
    __rt_final_exit                          0x08000199   Thumb Code     0  entry11a.o(.ARM.Collect$$$$0000000F)
    Reset_Handler                            0x0800019d   Thumb Code     8  startup_stm32f303x8.o(.text)
    ADC1_2_IRQHandler                        0x080001b7   Thumb Code     0  startup_stm32f303x8.o(.text)
    CAN_RX0_IRQHandler                       0x080001b7   Thumb Code     0  startup_stm32f303x8.o(.text)
    CAN_RX1_IRQHandler                       0x080001b7   Thumb Code     0  startup_stm32f303x8.o(.text)
    CAN_SCE_IRQHandler                       0x080001b7   Thumb Code     0  startup_stm32f303x8.o(.text)
    CAN_TX_IRQHandler                        0x080001b7   Thumb Code     0  startup_stm32f303x8.o(.text)
    COMP2_IRQHandler                         0x080001b7   Thumb Code     0  startup_stm32f303x8.o(.text)
    COMP4_6_IRQHandler                       0x080001b7   Thumb Code     0  startup_stm32f303x8.o(.text)
    DMA1_Channel1_IRQHandler                 0x080001b7   Thumb Code     0  startup_stm32f303x8.o(.text)
    DMA1_Channel2_IRQHandler                 0x080001b7   Thumb Code     0  startup_stm32f303x8.o(.text)
    DMA1_Channel3_IRQHandler                 0x080001b7   Thumb Code     0  startup_stm32f303x8.o(.text)
    DMA1_Channel4_IRQHandler                 0x080001b7   Thumb Code     0  startup_stm32f303x8.o(.text)
    DMA1_Channel5_IRQHandler                 0x080001b7   Thumb Code     0  startup_stm32f303x8.o(.text)
    DMA1_Channel6_IRQHandler                 0x080001b7   Thumb Code     0  startup_stm32f303x8.o(.text)
    DMA1_Channel7_IRQHandler                 0x080001b7   Thumb Code     0  startup_stm32f303x8.o(.text)
    EXTI0_IRQHandler                         0x080001b7   Thumb Code     0  startup_stm32f303x8.o(.text)
    EXTI15_10_IRQHandler                     0x080001b7   Thumb Code     0  startup_stm32f303x8.o(.text)
    EXTI1_IRQHandler                         0x080001b7   Thumb Code     0  startup_stm32f303x8.o(.text)
    EXTI2_TSC_IRQHandler                     0x080001b7   Thumb Code     0  startup_stm32f303x8.o(.text)
    EXTI3_IRQHandler                         0x080001b7   Thumb Code     0  startup_stm32f303x8.o(.text)
    EXTI4_IRQHandler                         0x080001b7   Thumb Code     0  startup_stm32f303x8.o(.text)
    EXTI9_5_IRQHandler                       0x080001b7   Thumb Code     0  startup_stm32f303x8.o(.text)
    FLASH_IRQHandler                         0x080001b7   Thumb Code     0  startup_stm32f303x8.o(.text)
    FPU_IRQHandler                           0x080001b7   Thumb Code     0  startup_stm32f303x8.o(.text)
    I2C1_ER_IRQHandler                       0x080001b7   Thumb Code     0  startup_stm32f303x8.o(.text)
    I2C1_EV_IRQHandler                       0x080001b7   Thumb Code     0  startup_stm32f303x8.o(.text)
    PVD_IRQHandler                           0x080001b7   Thumb Code     0  startup_stm32f303x8.o(.text)
    RCC_IRQHandler                           0x080001b7   Thumb Code     0  startup_stm32f303x8.o(.text)
    RTC_Alarm_IRQHandler                     0x080001b7   Thumb Code     0  startup_stm32f303x8.o(.text)
    RTC_WKUP_IRQHandler                      0x080001b7   Thumb Code     0  startup_stm32f303x8.o(.text)
    SPI1_IRQHandler                          0x080001b7   Thumb Code     0  startup_stm32f303x8.o(.text)
    TAMP_STAMP_IRQHandler                    0x080001b7   Thumb Code     0  startup_stm32f303x8.o(.text)
    TIM1_BRK_TIM15_IRQHandler                0x080001b7   Thumb Code     0  startup_stm32f303x8.o(.text)
    TIM1_CC_IRQHandler                       0x080001b7   Thumb Code     0  startup_stm32f303x8.o(.text)
    TIM1_TRG_COM_TIM17_IRQHandler            0x080001b7   Thumb Code     0  startup_stm32f303x8.o(.text)
    TIM1_UP_TIM16_IRQHandler                 0x080001b7   Thumb Code     0  startup_stm32f303x8.o(.text)
    TIM2_IRQHandler                          0x080001b7   Thumb Code     0  startup_stm32f303x8.o(.text)
    TIM3_IRQHandler                          0x080001b7   Thumb Code     0  startup_stm32f303x8.o(.text)
    TIM6_DAC1_IRQHandler                     0x080001b7   Thumb Code     0  startup_stm32f303x8.o(.text)
    TIM7_DAC2_IRQHandler                     0x080001b7   Thumb Code     0  startup_stm32f303x8.o(.text)
    USART1_IRQHandler                        0x080001b7   Thumb Code     0  startup_stm32f303x8.o(.text)
    USART2_IRQHandler                        0x080001b7   Thumb Code     0  startup_stm32f303x8.o(.text)
    USART3_IRQHandler                        0x080001b7   Thumb Code     0  startup_stm32f303x8.o(.text)
    WWDG_IRQHandler                          0x080001b7   Thumb Code     0  startup_stm32f303x8.o(.text)
    __aeabi_uldivmod                         0x080001c1   Thumb Code    98  uldiv.o(.text)
    __aeabi_llsr                             0x08000223   Thumb Code    32  llushr.o(.text)
    _ll_ushift_r                             0x08000223   Thumb Code     0  llushr.o(.text)
    __aeabi_memset                           0x08000243   Thumb Code    14  memseta.o(.text)
    __aeabi_memset4                          0x08000243   Thumb Code     0  memseta.o(.text)
    __aeabi_memset8                          0x08000243   Thumb Code     0  memseta.o(.text)
    __aeabi_memclr                           0x08000251   Thumb Code     4  memseta.o(.text)
    __aeabi_memclr4                          0x08000251   Thumb Code     0  memseta.o(.text)
    __aeabi_memclr8                          0x08000251   Thumb Code     0  memseta.o(.text)
    _memset$wrapper                          0x08000255   Thumb Code    18  memseta.o(.text)
    __aeabi_llsl                             0x08000267   Thumb Code    30  llshl.o(.text)
    _ll_shift_l                              0x08000267   Thumb Code     0  llshl.o(.text)
    __scatterload                            0x08000285   Thumb Code    28  init.o(.text)
    __scatterload_rt2                        0x08000285   Thumb Code     0  init.o(.text)
    BusFault_Handler                         0x080002a9   Thumb Code     2  stm32f3xx_it.o(i.BusFault_Handler)
    DebugMon_Handler                         0x080002ab   Thumb Code     2  stm32f3xx_it.o(i.DebugMon_Handler)
    Error_Handler                            0x080002ad   Thumb Code     2  main.o(i.Error_Handler)
    HAL_GPIO_Init                            0x080002b1   Thumb Code   358  stm32f3xx_hal_gpio.o(i.HAL_GPIO_Init)
    HAL_GetTick                              0x08000431   Thumb Code     6  stm32f3xx_hal.o(i.HAL_GetTick)
    HAL_I2CEx_ConfigAnalogFilter             0x0800043d   Thumb Code    86  stm32f3xx_hal_i2c_ex.o(i.HAL_I2CEx_ConfigAnalogFilter)
    HAL_I2CEx_ConfigDigitalFilter            0x08000493   Thumb Code    82  stm32f3xx_hal_i2c_ex.o(i.HAL_I2CEx_ConfigDigitalFilter)
    HAL_I2C_Init                             0x080004e5   Thumb Code   178  stm32f3xx_hal_i2c.o(i.HAL_I2C_Init)
    HAL_I2C_Mem_Read                         0x0800059d   Thumb Code   346  stm32f3xx_hal_i2c.o(i.HAL_I2C_Mem_Read)
    HAL_I2C_Mem_Write                        0x08000701   Thumb Code   340  stm32f3xx_hal_i2c.o(i.HAL_I2C_Mem_Write)
    HAL_I2C_MspInit                          0x08000859   Thumb Code    88  i2c.o(i.HAL_I2C_MspInit)
    HAL_IncTick                              0x080008bd   Thumb Code    12  stm32f3xx_hal.o(i.HAL_IncTick)
    HAL_Init                                 0x080008cd   Thumb Code    32  stm32f3xx_hal.o(i.HAL_Init)
    HAL_InitTick                             0x080008f1   Thumb Code    54  stm32f3xx_hal.o(i.HAL_InitTick)
    HAL_MspInit                              0x08000931   Thumb Code    38  stm32f3xx_hal_msp.o(i.HAL_MspInit)
    HAL_NVIC_SetPriority                     0x0800095d   Thumb Code    60  stm32f3xx_hal_cortex.o(i.HAL_NVIC_SetPriority)
    HAL_NVIC_SetPriorityGrouping             0x0800099d   Thumb Code    26  stm32f3xx_hal_cortex.o(i.HAL_NVIC_SetPriorityGrouping)
    HAL_RCCEx_PeriphCLKConfig                0x080009c1   Thumb Code   360  stm32f3xx_hal_rcc_ex.o(i.HAL_RCCEx_PeriphCLKConfig)
    HAL_RCC_ClockConfig                      0x08000b35   Thumb Code   308  stm32f3xx_hal_rcc.o(i.HAL_RCC_ClockConfig)
    HAL_RCC_GetSysClockFreq                  0x08000c7d   Thumb Code    92  stm32f3xx_hal_rcc.o(i.HAL_RCC_GetSysClockFreq)
    HAL_RCC_OscConfig                        0x08000ce9   Thumb Code  1480  stm32f3xx_hal_rcc.o(i.HAL_RCC_OscConfig)
    HAL_SYSTICK_Config                       0x080012b1   Thumb Code    40  stm32f3xx_hal_cortex.o(i.HAL_SYSTICK_Config)
    HardFault_Handler                        0x080012d9   Thumb Code     2  stm32f3xx_it.o(i.HardFault_Handler)
    MX_GPIO_Init                             0x08001569   Thumb Code    22  gpio.o(i.MX_GPIO_Init)
    MX_I2C1_Init                             0x08001585   Thumb Code    78  i2c.o(i.MX_I2C1_Init)
    MemManage_Handler                        0x080015dd   Thumb Code     2  stm32f3xx_it.o(i.MemManage_Handler)
    NMI_Handler                              0x080015df   Thumb Code     2  stm32f3xx_it.o(i.NMI_Handler)
    PendSV_Handler                           0x080015e1   Thumb Code     2  stm32f3xx_it.o(i.PendSV_Handler)
    SVC_Handler                              0x080015e3   Thumb Code     2  stm32f3xx_it.o(i.SVC_Handler)
    SysTick_Handler                          0x080015e5   Thumb Code     4  stm32f3xx_it.o(i.SysTick_Handler)
    SystemClock_Config                       0x080015e9   Thumb Code    86  main.o(i.SystemClock_Config)
    SystemInit                               0x08001641   Thumb Code    22  system_stm32f3xx.o(i.SystemInit)
    TM_MPU6050_Init                          0x0800165d   Thumb Code   102  tm_stm32_mpu6050.o(i.TM_MPU6050_Init)
    TM_MPU6050_ReadAll                       0x080016cd   Thumb Code   122  tm_stm32_mpu6050.o(i.TM_MPU6050_ReadAll)
    TM_MPU6050_SetAccelerometer              0x08001755   Thumb Code   126  tm_stm32_mpu6050.o(i.TM_MPU6050_SetAccelerometer)
    TM_MPU6050_SetDataRate                   0x080017e9   Thumb Code    40  tm_stm32_mpu6050.o(i.TM_MPU6050_SetDataRate)
    TM_MPU6050_SetGyroscope                  0x08001815   Thumb Code   126  tm_stm32_mpu6050.o(i.TM_MPU6050_SetGyroscope)
    UsageFault_Handler                       0x080018a9   Thumb Code     2  stm32f3xx_it.o(i.UsageFault_Handler)
    __scatterload_copy                       0x080018cb   Thumb Code    14  handlers.o(i.__scatterload_copy)
    __scatterload_null                       0x080018d9   Thumb Code     2  handlers.o(i.__scatterload_null)
    __scatterload_zeroinit                   0x080018db   Thumb Code    14  handlers.o(i.__scatterload_zeroinit)
    main                                     0x080018e9   Thumb Code    36  main.o(i.main)
    aPLLMULFactorTable                       0x08001910   Data          16  stm32f3xx_hal_rcc.o(.constdata)
    aPredivFactorTable                       0x08001920   Data          16  stm32f3xx_hal_rcc.o(.constdata)
    AHBPrescTable                            0x08001930   Data          16  system_stm32f3xx.o(.constdata)
    Region$$Table$$Base                      0x08001940   Number         0  anon$$obj.o(Region$$Table)
    Region$$Table$$Limit                     0x08001960   Number         0  anon$$obj.o(Region$$Table)
    temp                                     0x20000000   Data           1  tm_stm32_mpu6050.o(.data)
    uwTickFreq                               0x20000004   Data           1  stm32f3xx_hal.o(.data)
    uwTickPrio                               0x20000008   Data           4  stm32f3xx_hal.o(.data)
    uwTick                                   0x2000000c   Data           4  stm32f3xx_hal.o(.data)
    SystemCoreClock                          0x20000010   Data           4  system_stm32f3xx.o(.data)
    MPU6050                                  0x20000014   Data          28  main.o(.bss)
    hi2c1                                    0x20000030   Data          76  i2c.o(.bss)
    __initial_sp                             0x20000480   Data           0  startup_stm32f303x8.o(STACK)



==============================================================================

Memory Map of the image

  Image Entry point : 0x08000189

  Load Region LR_IROM1 (Base: 0x08000000, Size: 0x00001974, Max: 0x00010000, ABSOLUTE)

    Execution Region ER_IROM1 (Exec base: 0x08000000, Load base: 0x08000000, Size: 0x00001960, Max: 0x00010000, ABSOLUTE)

    Exec Addr    Load Addr    Size         Type   Attr      Idx    E Section Name        Object

    0x08000000   0x08000000   0x00000188   Data   RO            3    RESET               startup_stm32f303x8.o
    0x08000188   0x08000188   0x00000000   Code   RO         1992  * .ARM.Collect$$$$00000000  mc_w.l(entry.o)
    0x08000188   0x08000188   0x00000004   Code   RO         2005    .ARM.Collect$$$$00000001  mc_w.l(entry2.o)
    0x0800018c   0x0800018c   0x00000004   Code   RO         2008    .ARM.Collect$$$$00000004  mc_w.l(entry5.o)
    0x08000190   0x08000190   0x00000000   Code   RO         2010    .ARM.Collect$$$$00000008  mc_w.l(entry7b.o)
    0x08000190   0x08000190   0x00000000   Code   RO         2012    .ARM.Collect$$$$0000000A  mc_w.l(entry8b.o)
    0x08000190   0x08000190   0x00000008   Code   RO         2013    .ARM.Collect$$$$0000000B  mc_w.l(entry9a.o)
    0x08000198   0x08000198   0x00000000   Code   RO         2015    .ARM.Collect$$$$0000000D  mc_w.l(entry10a.o)
    0x08000198   0x08000198   0x00000000   Code   RO         2017    .ARM.Collect$$$$0000000F  mc_w.l(entry11a.o)
    0x08000198   0x08000198   0x00000004   Code   RO         2006    .ARM.Collect$$$$00002712  mc_w.l(entry2.o)
    0x0800019c   0x0800019c   0x00000024   Code   RO            4    .text               startup_stm32f303x8.o
    0x080001c0   0x080001c0   0x00000062   Code   RO         1995    .text               mc_w.l(uldiv.o)
    0x08000222   0x08000222   0x00000020   Code   RO         1997    .text               mc_w.l(llushr.o)
    0x08000242   0x08000242   0x00000024   Code   RO         2001    .text               mc_w.l(memseta.o)
    0x08000266   0x08000266   0x0000001e   Code   RO         2019    .text               mc_w.l(llshl.o)
    0x08000284   0x08000284   0x00000024   Code   RO         2021    .text               mc_w.l(init.o)
    0x080002a8   0x080002a8   0x00000002   Code   RO          309    i.BusFault_Handler  stm32f3xx_it.o
    0x080002aa   0x080002aa   0x00000002   Code   RO          310    i.DebugMon_Handler  stm32f3xx_it.o
    0x080002ac   0x080002ac   0x00000002   Code   RO          177    i.Error_Handler     main.o
    0x080002ae   0x080002ae   0x00000002   PAD
    0x080002b0   0x080002b0   0x00000180   Code   RO         1243    i.HAL_GPIO_Init     stm32f3xx_hal_gpio.o
    0x08000430   0x08000430   0x0000000c   Code   RO          930    i.HAL_GetTick       stm32f3xx_hal.o
    0x0800043c   0x0800043c   0x00000056   Code   RO          865    i.HAL_I2CEx_ConfigAnalogFilter  stm32f3xx_hal_i2c_ex.o
    0x08000492   0x08000492   0x00000052   Code   RO          866    i.HAL_I2CEx_ConfigDigitalFilter  stm32f3xx_hal_i2c_ex.o
    0x080004e4   0x080004e4   0x000000b8   Code   RO          419    i.HAL_I2C_Init      stm32f3xx_hal_i2c.o
    0x0800059c   0x0800059c   0x00000164   Code   RO          437    i.HAL_I2C_Mem_Read  stm32f3xx_hal_i2c.o
    0x08000700   0x08000700   0x00000158   Code   RO          440    i.HAL_I2C_Mem_Write  stm32f3xx_hal_i2c.o
    0x08000858   0x08000858   0x00000064   Code   RO          241    i.HAL_I2C_MspInit   i2c.o
    0x080008bc   0x080008bc   0x00000010   Code   RO          936    i.HAL_IncTick       stm32f3xx_hal.o
    0x080008cc   0x080008cc   0x00000024   Code   RO          937    i.HAL_Init          stm32f3xx_hal.o
    0x080008f0   0x080008f0   0x00000040   Code   RO          938    i.HAL_InitTick      stm32f3xx_hal.o
    0x08000930   0x08000930   0x0000002c   Code   RO          384    i.HAL_MspInit       stm32f3xx_hal_msp.o
    0x0800095c   0x0800095c   0x00000040   Code   RO         1414    i.HAL_NVIC_SetPriority  stm32f3xx_hal_cortex.o
    0x0800099c   0x0800099c   0x00000024   Code   RO         1415    i.HAL_NVIC_SetPriorityGrouping  stm32f3xx_hal_cortex.o
    0x080009c0   0x080009c0   0x00000174   Code   RO         1200    i.HAL_RCCEx_PeriphCLKConfig  stm32f3xx_hal_rcc_ex.o
    0x08000b34   0x08000b34   0x00000148   Code   RO         1094    i.HAL_RCC_ClockConfig  stm32f3xx_hal_rcc.o
    0x08000c7c   0x08000c7c   0x0000006c   Code   RO         1103    i.HAL_RCC_GetSysClockFreq  stm32f3xx_hal_rcc.o
    0x08000ce8   0x08000ce8   0x000005c8   Code   RO         1106    i.HAL_RCC_OscConfig  stm32f3xx_hal_rcc.o
    0x080012b0   0x080012b0   0x00000028   Code   RO         1419    i.HAL_SYSTICK_Config  stm32f3xx_hal_cortex.o
    0x080012d8   0x080012d8   0x00000002   Code   RO          311    i.HardFault_Handler  stm32f3xx_it.o
    0x080012da   0x080012da   0x00000022   Code   RO          466    i.I2C_Flush_TXDR    stm32f3xx_hal_i2c.o
    0x080012fc   0x080012fc   0x00000084   Code   RO          474    i.I2C_IsAcknowledgeFailed  stm32f3xx_hal_i2c.o
    0x08001380   0x08001380   0x00000064   Code   RO          477    i.I2C_RequestMemoryRead  stm32f3xx_hal_i2c.o
    0x080013e4   0x080013e4   0x00000064   Code   RO          478    i.I2C_RequestMemoryWrite  stm32f3xx_hal_i2c.o
    0x08001448   0x08001448   0x0000002c   Code   RO          481    i.I2C_TransferConfig  stm32f3xx_hal_i2c.o
    0x08001474   0x08001474   0x00000058   Code   RO          482    i.I2C_WaitOnFlagUntilTimeout  stm32f3xx_hal_i2c.o
    0x080014cc   0x080014cc   0x0000004c   Code   RO          484    i.I2C_WaitOnSTOPFlagUntilTimeout  stm32f3xx_hal_i2c.o
    0x08001518   0x08001518   0x00000050   Code   RO          485    i.I2C_WaitOnTXISFlagUntilTimeout  stm32f3xx_hal_i2c.o
    0x08001568   0x08001568   0x0000001c   Code   RO          216    i.MX_GPIO_Init      gpio.o
    0x08001584   0x08001584   0x00000058   Code   RO          242    i.MX_I2C1_Init      i2c.o
    0x080015dc   0x080015dc   0x00000002   Code   RO          312    i.MemManage_Handler  stm32f3xx_it.o
    0x080015de   0x080015de   0x00000002   Code   RO          313    i.NMI_Handler       stm32f3xx_it.o
    0x080015e0   0x080015e0   0x00000002   Code   RO          314    i.PendSV_Handler    stm32f3xx_it.o
    0x080015e2   0x080015e2   0x00000002   Code   RO          315    i.SVC_Handler       stm32f3xx_it.o
    0x080015e4   0x080015e4   0x00000004   Code   RO          316    i.SysTick_Handler   stm32f3xx_it.o
    0x080015e8   0x080015e8   0x00000056   Code   RO          178    i.SystemClock_Config  main.o
    0x0800163e   0x0800163e   0x00000002   PAD
    0x08001640   0x08001640   0x0000001c   Code   RO         1958    i.SystemInit        system_stm32f3xx.o
    0x0800165c   0x0800165c   0x00000070   Code   RO           13    i.TM_MPU6050_Init   tm_stm32_mpu6050.o
    0x080016cc   0x080016cc   0x00000088   Code   RO           15    i.TM_MPU6050_ReadAll  tm_stm32_mpu6050.o
    0x08001754   0x08001754   0x00000094   Code   RO           18    i.TM_MPU6050_SetAccelerometer  tm_stm32_mpu6050.o
    0x080017e8   0x080017e8   0x0000002c   Code   RO           19    i.TM_MPU6050_SetDataRate  tm_stm32_mpu6050.o
    0x08001814   0x08001814   0x00000094   Code   RO           20    i.TM_MPU6050_SetGyroscope  tm_stm32_mpu6050.o
    0x080018a8   0x080018a8   0x00000002   Code   RO          317    i.UsageFault_Handler  stm32f3xx_it.o
    0x080018aa   0x080018aa   0x00000020   Code   RO         1421    i.__NVIC_SetPriority  stm32f3xx_hal_cortex.o
    0x080018ca   0x080018ca   0x0000000e   Code   RO         2025    i.__scatterload_copy  mc_w.l(handlers.o)
    0x080018d8   0x080018d8   0x00000002   Code   RO         2026    i.__scatterload_null  mc_w.l(handlers.o)
    0x080018da   0x080018da   0x0000000e   Code   RO         2027    i.__scatterload_zeroinit  mc_w.l(handlers.o)
    0x080018e8   0x080018e8   0x00000028   Code   RO          179    i.main              main.o
    0x08001910   0x08001910   0x00000020   Data   RO         1107    .constdata          stm32f3xx_hal_rcc.o
    0x08001930   0x08001930   0x00000010   Data   RO         1959    .constdata          system_stm32f3xx.o
    0x08001940   0x08001940   0x00000020   Data   RO         2023    Region$$Table       anon$$obj.o


    Execution Region RW_IRAM1 (Exec base: 0x20000000, Load base: 0x08001960, Size: 0x00000480, Max: 0x00003000, ABSOLUTE)

    Exec Addr    Load Addr    Size         Type   Attr      Idx    E Section Name        Object

    0x20000000   0x08001960   0x00000001   Data   RW           21    .data               tm_stm32_mpu6050.o
    0x20000001   0x08001961   0x00000003   PAD
    0x20000004   0x08001964   0x0000000c   Data   RW          944    .data               stm32f3xx_hal.o
    0x20000010   0x08001970   0x00000004   Data   RW         1961    .data               system_stm32f3xx.o
    0x20000014        -       0x0000001c   Zero   RW          180    .bss                main.o
    0x20000030        -       0x0000004c   Zero   RW          243    .bss                i2c.o
    0x2000007c   0x08001974   0x00000004   PAD
    0x20000080        -       0x00000400   Zero   RW            1    STACK               startup_stm32f303x8.o


==============================================================================

Image component sizes


      Code (inc. data)   RO Data    RW Data    ZI Data      Debug   Object Name

        28          6          0          0          0        751   gpio.o
       188         22          0          0         76       1685   i2c.o
       128          4          0          0         28       2086   main.o
        36          8        392          0       1024        840   startup_stm32f303x8.o
       128         24          0         12          0      13937   stm32f3xx_hal.o
       172         14          0          0          0      31590   stm32f3xx_hal_cortex.o
       384         26          0          0          0       1724   stm32f3xx_hal_gpio.o
      1538         40          0          0          0      11766   stm32f3xx_hal_i2c.o
       168          0          0          0          0       1935   stm32f3xx_hal_i2c_ex.o
        44          6          0          0          0        838   stm32f3xx_hal_msp.o
      1916         48         32          0          0       4654   stm32f3xx_hal_rcc.o
       372         12          0          0          0       1472   stm32f3xx_hal_rcc_ex.o
        20          0          0          0          0       4142   stm32f3xx_it.o
        28          6         16          4          0       1143   system_stm32f3xx.o
       588         72          0          1          0     476831   tm_stm32_mpu6050.o

    ----------------------------------------------------------------------
      5742        288        472         20       1132     555394   Object Totals
         0          0         32          0          0          0   (incl. Generated)
         4          0          0          3          4          0   (incl. Padding)

    ----------------------------------------------------------------------

      Code (inc. data)   RO Data    RW Data    ZI Data      Debug   Library Member Name

         0          0          0          0          0          0   entry.o
         0          0          0          0          0          0   entry10a.o
         0          0          0          0          0          0   entry11a.o
         8          4          0          0          0          0   entry2.o
         4          0          0          0          0          0   entry5.o
         0          0          0          0          0          0   entry7b.o
         0          0          0          0          0          0   entry8b.o
         8          4          0          0          0          0   entry9a.o
        30          0          0          0          0          0   handlers.o
        36          8          0          0          0         68   init.o
        30          0          0          0          0         68   llshl.o
        32          0          0          0          0         68   llushr.o
        36          0          0          0          0        108   memseta.o
        98          0          0          0          0         92   uldiv.o

    ----------------------------------------------------------------------
       282         16          0          0          0        404   Library Totals
         0          0          0          0          0          0   (incl. Padding)

    ----------------------------------------------------------------------

      Code (inc. data)   RO Data    RW Data    ZI Data      Debug   Library Name

       282         16          0          0          0        404   mc_w.l

    ----------------------------------------------------------------------
       282         16          0          0          0        404   Library Totals

    ----------------------------------------------------------------------

==============================================================================


      Code (inc. data)   RO Data    RW Data    ZI Data      Debug   

      6024        304        472         20       1132     551698   Grand Totals
      6024        304        472         20       1132     551698   ELF Image Totals
      6024        304        472         20          0          0   ROM Totals

==============================================================================

    Total RO  Size (Code + RO Data)                 6496 (   6.34kB)
    Total RW  Size (RW Data + ZI Data)              1152 (   1.13kB)
    Total ROM Size (Code + RO Data + RW Data)       6516 (   6.36kB)

==============================================================================

